******************************************************************************
                  TI ARM Linker PC v20.2.7                     
******************************************************************************
>> Linked Mon Mar 25 13:23:44 2024

OUTPUT FILE NAME:   <Lab6_OLED.out>
ENTRY POINT SYMBOL: "_c_int00_noargs"  address: 00003429


MEMORY CONFIGURATION

         name            origin    length      used     unused   attr    fill
----------------------  --------  ---------  --------  --------  ----  --------
  MAIN                  00000000   00040000  00003d22  0003c2de  R  X
  INFO                  00200000   00004000  00000000  00004000  R  X
  SRAM_CODE             01000000   00010000  00000630  0000f9d0  RW X
  SRAM_DATA             20000000   00010000  00000630  0000f9d0  RW  


SEGMENT ALLOCATION MAP

run origin  load origin   length   init length attrs members
----------  ----------- ---------- ----------- ----- -------
00000000    00000000    00003d28   00003d28    r-x
  00000000    00000000    000000e4   000000e4    r-- .intvecs
  000000e4    000000e4    000033f8   000033f8    r-x .text
  000034e0    000034e0    0000080e   0000080e    r-- .const
  00003cf0    00003cf0    00000038   00000038    r-- .cinit
20000000    20000000    00000430   00000000    rw-
  20000000    20000000    0000040c   00000000    rw- .bss
  2000040c    2000040c    00000024   00000000    rw- .data
2000fe00    2000fe00    00000200   00000000    rw-
  2000fe00    2000fe00    00000200   00000000    rw- .stack


SECTION ALLOCATION MAP

 output                                  attributes/
section   page    origin      length       input sections
--------  ----  ----------  ----------   ----------------
.intvecs   0    00000000    000000e4     
                  00000000    000000e4     startup_msp432p401r_ccs.obj (.intvecs:retain)

.text      0    000000e4    000033f8     
                  000000e4    00001840     SSD1306.obj (.text)
                  00001924    000009d0     rtsv7M4_T_le_v4SPD16_eabi.lib : e_pow.c.obj (.text:pow)
                  000022f4    00000334     system_msp432p401r.obj (.text)
                  00002628    000002b4     Lab6_OLEDmain.obj (.text)
                  000028dc    000001e0     Clock.obj (.text)
                  00002abc    000001b6     rtsv7M4_T_le_v4SPD16_eabi.lib : fd_add_t2.asm.obj (.text)
                  00002c72    00000002     --HOLE-- [fill = 0]
                  00002c74    00000158                                   : e_sqrt.c.obj (.text:sqrt)
                  00002dcc    00000136                                   : fd_div_t2.asm.obj (.text)
                  00002f02    00000002     --HOLE-- [fill = 0]
                  00002f04    00000110                                   : s_scalbn.c.obj (.text:scalbn)
                  00003014    000000fc                                   : fd_mul_t2.asm.obj (.text)
                  00003110    0000009c                                   : memcpy_t2.asm.obj (.text)
                  000031ac    00000086                                   : fd_cmp_t2.asm.obj (.text:__aeabi_cdcmple)
                  00003232    00000086                                   : fd_cmp_t2.asm.obj (.text:__aeabi_cdrcmple)
                  000032b8    0000007a                                   : memset_t2.asm.obj (.text)
                  00003332    00000068                                   : copy_decompress_lzss.c.obj (.text:decompress:lzss:__TI_decompress_lzss)
                  0000339a    00000048                                   : fd_toi_t2.asm.obj (.text)
                  000033e2    00000002     --HOLE-- [fill = 0]
                  000033e4    00000044                                   : autoinit.c.obj (.text:__TI_auto_init_nobinit_nopinit:__TI_auto_init_nobinit_nopinit)
                  00003428    00000034                                   : boot_cortex_m.c.obj (.text:_c_int00_noargs:_c_int00_noargs)
                  0000345c    0000002e                                   : i_tofd_t2.asm.obj (.text)
                  0000348a    0000001a                                   : s_copysign.c.obj (.text:copysign)
                  000034a4    0000000e                                   : copy_decompress_none.c.obj (.text:decompress:none:__TI_decompress_none)
                  000034b2    0000000e     startup_msp432p401r_ccs.obj (.text)
                  000034c0    0000000c     rtsv7M4_T_le_v4SPD16_eabi.lib : copy_zero_init.c.obj (.text:decompress:ZI:__TI_zero_init)
                  000034cc    00000008                                   : errno.c.obj (.text:__aeabi_errno_addr)
                  000034d4    00000004                                   : pre_init.c.obj (.text:_system_pre_init)
                  000034d8    00000004                                   : exit.c.obj (.text:abort:abort)

.const     0    000034e0    0000080e     
                  000034e0    000004f7     Lab6_OLEDmain.obj (.const:.string:ti)
                  000039d7    000001e0     SSD1306.obj (.const:ASCII)
                  00003bb7    000000c7     Lab6_OLEDmain.obj (.const:.string:Enemy)
                  00003c7e    00000002     SSD1306.obj (.const:.string:scrollList1a)
                  00003c80    00000030     rtsv7M4_T_le_v4SPD16_eabi.lib : e_pow.c.obj (.const:$O1$$)
                  00003cb0    00000008     SSD1306.obj (.const:.string:postmask)
                  00003cb8    00000008     SSD1306.obj (.const:.string:premask)
                  00003cc0    00000006     SSD1306.obj (.const:.string:init5)
                  00003cc6    00000005     SSD1306.obj (.const:.string:dlist1)
                  00003ccb    00000004     SSD1306.obj (.const:.string:init1)
                  00003ccf    00000004     SSD1306.obj (.const:.string:init2)
                  00003cd3    00000004     SSD1306.obj (.const:.string:init3)
                  00003cd7    00000003     SSD1306.obj (.const:.string:init4b)
                  00003cda    00000003     SSD1306.obj (.const:.string:scrollList1b)
                  00003cdd    00000003     SSD1306.obj (.const:.string:scrollList2b)
                  00003ce0    00000002     SSD1306.obj (.const:.string:scrollList2a)
                  00003ce2    00000002     SSD1306.obj (.const:.string:scrollList3a)
                  00003ce4    00000002     SSD1306.obj (.const:.string:scrollList3b)
                  00003ce6    00000002     SSD1306.obj (.const:.string:scrollList3c)
                  00003ce8    00000002     SSD1306.obj (.const:.string:scrollList4a)
                  00003cea    00000002     SSD1306.obj (.const:.string:scrollList4b)
                  00003cec    00000002     SSD1306.obj (.const:.string:scrollList4c)

.cinit     0    00003cf0    00000038     
                  00003cf0    0000000d     (.cinit..data.load) [load image, compression = lzss]
                  00003cfd    00000003     --HOLE-- [fill = 0]
                  00003d00    0000000c     (__TI_handler_table)
                  00003d0c    00000004     --HOLE-- [fill = 0]
                  00003d10    00000008     (.cinit..bss.load) [load image, compression = zero_init]
                  00003d18    00000010     (__TI_cinit_table)

.init_array 
*          0    00000000    00000000     UNINITIALIZED

.binit     0    00000000    00000000     

.bss       0    20000000    0000040c     UNINITIALIZED
                  20000000    00000400     (.common:buffer)
                  20000400    00000004     (.common:rotation)
                  20000404    00000004     (.common:vccstate)
                  20000408    00000002     (.common:StartX)
                  2000040a    00000002     (.common:StartY)

.data      0    2000040c    00000024     UNINITIALIZED
                  2000040c    00000018     Clock.obj (.data)
                  20000424    00000004     SSD1306.obj (.data)
                  20000428    00000004     rtsv7M4_T_le_v4SPD16_eabi.lib : errno.c.obj (.data)
                  2000042c    00000004     system_msp432p401r.obj (.data)

.stack     0    2000fe00    00000200     UNINITIALIZED
                  2000fe00    00000004     rtsv7M4_T_le_v4SPD16_eabi.lib : boot_cortex_m.c.obj (.stack)
                  2000fe04    000001fc     --HOLE--

__llvm_prf_cnts 
*          0    20000000    00000000     UNINITIALIZED

MODULE SUMMARY

       Module                        code    ro data   rw data
       ------                        ----    -------   -------
    .\
       SSD1306.obj                   6208    544       2080   
       Lab6_OLEDmain.obj             692     1470      0      
       system_msp432p401r.obj        820     0         8      
       Clock.obj                     480     0         48     
       startup_msp432p401r_ccs.obj   14      228       0      
    +--+-----------------------------+-------+---------+---------+
       Total:                        8214    2242      2136   
                                                              
    C:\ti\ccs1110\ccs\tools\compiler\ti-cgt-arm_20.2.7.LTS\lib\rtsv7M4_T_le_v4SPD16_eabi.lib
       e_pow.c.obj                   2512    48        0      
       fd_add_t2.asm.obj             438     0         0      
       e_sqrt.c.obj                  344     0         0      
       fd_div_t2.asm.obj             310     0         0      
       s_scalbn.c.obj                272     0         0      
       fd_cmp_t2.asm.obj             268     0         0      
       fd_mul_t2.asm.obj             252     0         0      
       memcpy_t2.asm.obj             156     0         0      
       memset_t2.asm.obj             122     0         0      
       copy_decompress_lzss.c.obj    104     0         0      
       fd_toi_t2.asm.obj             72      0         0      
       autoinit.c.obj                68      0         0      
       boot_cortex_m.c.obj           52      0         0      
       i_tofd_t2.asm.obj             46      0         0      
       s_copysign.c.obj              26      0         0      
       errno.c.obj                   8       0         8      
       copy_decompress_none.c.obj    14      0         0      
       copy_zero_init.c.obj          12      0         0      
       exit.c.obj                    4       0         0      
       pre_init.c.obj                4       0         0      
    +--+-----------------------------+-------+---------+---------+
       Total:                        5084    48        8      
                                                              
       Stack:                        0       0         1024   
       Linker Generated:             0       49        0      
    +--+-----------------------------+-------+---------+---------+
       Grand Total:                  13298   2339      3168   


LINKER GENERATED COPY TABLES

__TI_cinit_table @ 00003d18 records: 2, size/record: 8, table size: 16
	.data: load addr=00003cf0, load size=0000000d bytes, run addr=2000040c, run size=00000024 bytes, compression=lzss
	.bss: load addr=00003d10, load size=00000008 bytes, run addr=20000000, run size=0000040c bytes, compression=zero_init


LINKER GENERATED HANDLER TABLE

__TI_handler_table @ 00003d00 records: 3, size/record: 4, table size: 12
	index: 0, handler: __TI_decompress_lzss
	index: 1, handler: __TI_decompress_none
	index: 2, handler: __TI_zero_init


GLOBAL SYMBOLS: SORTED ALPHABETICALLY BY Name 

address   name                          
-------   ----                          
000034bf  ADC14_IRQHandler              
000034bf  AES256_IRQHandler             
000034bf  BusFault_Handler              
000034d9  C$$EXIT                       
000034bf  COMP_E0_IRQHandler            
000034bf  COMP_E1_IRQHandler            
20000414  CPMwait                       
000034bf  CS_IRQHandler                 
2000040c  ClockFrequency                
00002a31  Clock_Delay1ms                
00002a07  Clock_Delay1us                
000029f3  Clock_GetFreq                 
000028dd  Clock_Init48MHz               
20000420  Crystalstable                 
20000424  CurrentX                      
20000426  CurrentY                      
000034bf  DMA_ERR_IRQHandler            
000034bf  DMA_INT0_IRQHandler           
000034bf  DMA_INT1_IRQHandler           
000034bf  DMA_INT2_IRQHandler           
000034bf  DMA_INT3_IRQHandler           
000034bf  DebugMon_Handler              
000034bf  Default_Handler               
000034bf  EUSCIA0_IRQHandler            
000034bf  EUSCIA1_IRQHandler            
000034bf  EUSCIA2_IRQHandler            
000034bf  EUSCIA3_IRQHandler            
000034bf  EUSCIB0_IRQHandler            
000034bf  EUSCIB1_IRQHandler            
000034bf  EUSCIB2_IRQHandler            
000034bf  EUSCIB3_IRQHandler            
00003bb7  Enemy                         
000034bf  FLCTL_IRQHandler              
000034bf  FPU_IRQHandler                
000034bf  HardFault_Handler             
2000041c  IFlags                        
000034bf  MemManage_Handler             
000034bf  NMI_Handler                   
000034bf  PCM_IRQHandler                
000034bf  PORT1_IRQHandler              
000034bf  PORT2_IRQHandler              
000034bf  PORT3_IRQHandler              
000034bf  PORT4_IRQHandler              
000034bf  PORT5_IRQHandler              
000034bf  PORT6_IRQHandler              
000034bf  PSS_IRQHandler                
000034bf  PendSV_Handler                
20000418  Postwait                      
20000410  Prewait                       
000034bf  RTC_C_IRQHandler              
000034b3  Reset_Handler                 
00000545  SSD1306_Clear                 
00000505  SSD1306_ClearBuffer           
00000f61  SSD1306_Dim                   
00000e1b  SSD1306_DisplayBuffer         
00000405  SSD1306_DrawChar              
000007dd  SSD1306_DrawFastHLine         
00000a01  SSD1306_DrawFastVLine         
00000599  SSD1306_DrawFullImage         
00000289  SSD1306_DrawPixel             
000004b9  SSD1306_DrawString            
00000e17  SSD1306_GetBuffer             
00000d19  SSD1306_GetPixel              
00000183  SSD1306_Init                  
00000f4b  SSD1306_InvertDisplay         
0000100d  SSD1306_OutChar               
000017c7  SSD1306_OutHex7               
00001379  SSD1306_OutSDec               
000016d9  SSD1306_OutSFix1              
00001133  SSD1306_OutString             
0000118d  SSD1306_OutUDec               
0000182d  SSD1306_OutUDec16             
000018c5  SSD1306_OutUDec2              
00001645  SSD1306_OutUFix1              
000017fd  SSD1306_OutUHex7              
000005fd  SSD1306_PrintBMP              
00000f93  SSD1306_SetCursor             
000008ef  SSD1306_drawFastHLineInternal 
00000b19  SSD1306_drawFastVLineInternal 
00000f01  SSD1306_startscrolldiagleft   
00000ebd  SSD1306_startscrolldiagright  
00000e87  SSD1306_startscrollleft       
00000e55  SSD1306_startscrollright      
00000f41  SSD1306_stopscroll            
000034bf  SVC_Handler                   
20000408  StartX                        
2000040a  StartY                        
000034bf  SysTick_Handler               
2000042c  SystemCoreClock               
000022f5  SystemCoreClockUpdate         
0000256d  SystemInit                    
000034bf  T32_INT1_IRQHandler           
000034bf  T32_INT2_IRQHandler           
000034bf  T32_INTC_IRQHandler           
000034bf  TA0_0_IRQHandler              
000034bf  TA0_N_IRQHandler              
000034bf  TA1_0_IRQHandler              
000034bf  TA1_N_IRQHandler              
000034bf  TA2_0_IRQHandler              
000034bf  TA2_N_IRQHandler              
000034bf  TA3_0_IRQHandler              
000034bf  TA3_N_IRQHandler              
000034bf  UsageFault_Handler            
4000480c  WDTCTL_SYM                    
000034bf  WDT_A_IRQHandler              
20010000  __STACK_END                   
00000200  __STACK_SIZE                  
00003d18  __TI_CINIT_Base               
00003d28  __TI_CINIT_Limit              
00003d00  __TI_Handler_Table_Base       
00003d0c  __TI_Handler_Table_Limit      
000033e5  __TI_auto_init_nobinit_nopinit
00003333  __TI_decompress_lzss          
000034a5  __TI_decompress_none          
ffffffff  __TI_pprof_out_hndl           
ffffffff  __TI_prof_data_size           
ffffffff  __TI_prof_data_start          
00000000  __TI_static_base__            
000034c1  __TI_zero_init                
000031ad  __aeabi_cdcmpeq               
000031ad  __aeabi_cdcmple               
00003233  __aeabi_cdrcmple              
0000339b  __aeabi_d2iz                  
00002ac7  __aeabi_dadd                  
00002dcd  __aeabi_ddiv                  
00003015  __aeabi_dmul                  
00002abd  __aeabi_dsub                  
000034cd  __aeabi_errno_addr            
0000345d  __aeabi_i2d                   
000032b9  __aeabi_memclr                
000032b9  __aeabi_memclr4               
000032b9  __aeabi_memclr8               
00003111  __aeabi_memcpy                
00003111  __aeabi_memcpy4               
00003111  __aeabi_memcpy8               
000032bb  __aeabi_memset                
000032bb  __aeabi_memset4               
000032bb  __aeabi_memset8               
ffffffff  __binit__                     
ffffffff  __c_args__                    
UNDEFED   __mpu_init                    
2000fe00  __stack                       
20000000  __start___llvm_prf_cnts       
20000000  __stop___llvm_prf_cnts        
00003429  _c_int00_noargs               
UNDEFED   _system_post_cinit            
000034d5  _system_pre_init              
000034d9  abort                         
ffffffff  binit                         
20000000  buffer                        
0000348b  copysign                      
0000348b  copysignl                     
000029f9  delay                         
20000428  errno                         
00000000  interruptVectors              
00002f05  ldexp                         
00002f05  ldexpl                        
00002629  main                          
00003111  memcpy                        
000032c1  memset                        
00001925  pow                           
00001925  powl                          
20000400  rotation                      
00002f05  scalbn                        
00002f05  scalbnl                       
00002c75  sqrt                          
00002c75  sqrtl                         
0000010f  ssd1306_Testcommandwrite      
0000013b  ssd1306_command               
0000014b  ssd1306_command1              
0000015b  ssd1306_commandList           
000034e0  ti                            
20000404  vccstate                      


GLOBAL SYMBOLS: SORTED BY Symbol Address 

address   name                          
-------   ----                          
00000000  __TI_static_base__            
00000000  interruptVectors              
0000010f  ssd1306_Testcommandwrite      
0000013b  ssd1306_command               
0000014b  ssd1306_command1              
0000015b  ssd1306_commandList           
00000183  SSD1306_Init                  
00000200  __STACK_SIZE                  
00000289  SSD1306_DrawPixel             
00000405  SSD1306_DrawChar              
000004b9  SSD1306_DrawString            
00000505  SSD1306_ClearBuffer           
00000545  SSD1306_Clear                 
00000599  SSD1306_DrawFullImage         
000005fd  SSD1306_PrintBMP              
000007dd  SSD1306_DrawFastHLine         
000008ef  SSD1306_drawFastHLineInternal 
00000a01  SSD1306_DrawFastVLine         
00000b19  SSD1306_drawFastVLineInternal 
00000d19  SSD1306_GetPixel              
00000e17  SSD1306_GetBuffer             
00000e1b  SSD1306_DisplayBuffer         
00000e55  SSD1306_startscrollright      
00000e87  SSD1306_startscrollleft       
00000ebd  SSD1306_startscrolldiagright  
00000f01  SSD1306_startscrolldiagleft   
00000f41  SSD1306_stopscroll            
00000f4b  SSD1306_InvertDisplay         
00000f61  SSD1306_Dim                   
00000f93  SSD1306_SetCursor             
0000100d  SSD1306_OutChar               
00001133  SSD1306_OutString             
0000118d  SSD1306_OutUDec               
00001379  SSD1306_OutSDec               
00001645  SSD1306_OutUFix1              
000016d9  SSD1306_OutSFix1              
000017c7  SSD1306_OutHex7               
000017fd  SSD1306_OutUHex7              
0000182d  SSD1306_OutUDec16             
000018c5  SSD1306_OutUDec2              
00001925  pow                           
00001925  powl                          
000022f5  SystemCoreClockUpdate         
0000256d  SystemInit                    
00002629  main                          
000028dd  Clock_Init48MHz               
000029f3  Clock_GetFreq                 
000029f9  delay                         
00002a07  Clock_Delay1us                
00002a31  Clock_Delay1ms                
00002abd  __aeabi_dsub                  
00002ac7  __aeabi_dadd                  
00002c75  sqrt                          
00002c75  sqrtl                         
00002dcd  __aeabi_ddiv                  
00002f05  ldexp                         
00002f05  ldexpl                        
00002f05  scalbn                        
00002f05  scalbnl                       
00003015  __aeabi_dmul                  
00003111  __aeabi_memcpy                
00003111  __aeabi_memcpy4               
00003111  __aeabi_memcpy8               
00003111  memcpy                        
000031ad  __aeabi_cdcmpeq               
000031ad  __aeabi_cdcmple               
00003233  __aeabi_cdrcmple              
000032b9  __aeabi_memclr                
000032b9  __aeabi_memclr4               
000032b9  __aeabi_memclr8               
000032bb  __aeabi_memset                
000032bb  __aeabi_memset4               
000032bb  __aeabi_memset8               
000032c1  memset                        
00003333  __TI_decompress_lzss          
0000339b  __aeabi_d2iz                  
000033e5  __TI_auto_init_nobinit_nopinit
00003429  _c_int00_noargs               
0000345d  __aeabi_i2d                   
0000348b  copysign                      
0000348b  copysignl                     
000034a5  __TI_decompress_none          
000034b3  Reset_Handler                 
000034bf  ADC14_IRQHandler              
000034bf  AES256_IRQHandler             
000034bf  BusFault_Handler              
000034bf  COMP_E0_IRQHandler            
000034bf  COMP_E1_IRQHandler            
000034bf  CS_IRQHandler                 
000034bf  DMA_ERR_IRQHandler            
000034bf  DMA_INT0_IRQHandler           
000034bf  DMA_INT1_IRQHandler           
000034bf  DMA_INT2_IRQHandler           
000034bf  DMA_INT3_IRQHandler           
000034bf  DebugMon_Handler              
000034bf  Default_Handler               
000034bf  EUSCIA0_IRQHandler            
000034bf  EUSCIA1_IRQHandler            
000034bf  EUSCIA2_IRQHandler            
000034bf  EUSCIA3_IRQHandler            
000034bf  EUSCIB0_IRQHandler            
000034bf  EUSCIB1_IRQHandler            
000034bf  EUSCIB2_IRQHandler            
000034bf  EUSCIB3_IRQHandler            
000034bf  FLCTL_IRQHandler              
000034bf  FPU_IRQHandler                
000034bf  HardFault_Handler             
000034bf  MemManage_Handler             
000034bf  NMI_Handler                   
000034bf  PCM_IRQHandler                
000034bf  PORT1_IRQHandler              
000034bf  PORT2_IRQHandler              
000034bf  PORT3_IRQHandler              
000034bf  PORT4_IRQHandler              
000034bf  PORT5_IRQHandler              
000034bf  PORT6_IRQHandler              
000034bf  PSS_IRQHandler                
000034bf  PendSV_Handler                
000034bf  RTC_C_IRQHandler              
000034bf  SVC_Handler                   
000034bf  SysTick_Handler               
000034bf  T32_INT1_IRQHandler           
000034bf  T32_INT2_IRQHandler           
000034bf  T32_INTC_IRQHandler           
000034bf  TA0_0_IRQHandler              
000034bf  TA0_N_IRQHandler              
000034bf  TA1_0_IRQHandler              
000034bf  TA1_N_IRQHandler              
000034bf  TA2_0_IRQHandler              
000034bf  TA2_N_IRQHandler              
000034bf  TA3_0_IRQHandler              
000034bf  TA3_N_IRQHandler              
000034bf  UsageFault_Handler            
000034bf  WDT_A_IRQHandler              
000034c1  __TI_zero_init                
000034cd  __aeabi_errno_addr            
000034d5  _system_pre_init              
000034d9  C$$EXIT                       
000034d9  abort                         
000034e0  ti                            
00003bb7  Enemy                         
00003d00  __TI_Handler_Table_Base       
00003d0c  __TI_Handler_Table_Limit      
00003d18  __TI_CINIT_Base               
00003d28  __TI_CINIT_Limit              
20000000  __start___llvm_prf_cnts       
20000000  __stop___llvm_prf_cnts        
20000000  buffer                        
20000400  rotation                      
20000404  vccstate                      
20000408  StartX                        
2000040a  StartY                        
2000040c  ClockFrequency                
20000410  Prewait                       
20000414  CPMwait                       
20000418  Postwait                      
2000041c  IFlags                        
20000420  Crystalstable                 
20000424  CurrentX                      
20000426  CurrentY                      
20000428  errno                         
2000042c  SystemCoreClock               
2000fe00  __stack                       
20010000  __STACK_END                   
4000480c  WDTCTL_SYM                    
ffffffff  __TI_pprof_out_hndl           
ffffffff  __TI_prof_data_size           
ffffffff  __TI_prof_data_start          
ffffffff  __binit__                     
ffffffff  __c_args__                    
ffffffff  binit                         
UNDEFED   __mpu_init                    
UNDEFED   _system_post_cinit            

[173 symbols]
