******************************************************************************
                  TI ARM Linker PC v20.2.7                     
******************************************************************************
>> Linked Tue Feb 20 17:01:46 2024

OUTPUT FILE NAME:   <Lab5.out>
ENTRY POINT SYMBOL: "_c_int00_noargs"  address: 00000959


MEMORY CONFIGURATION

         name            origin    length      used     unused   attr    fill
----------------------  --------  ---------  --------  --------  ----  --------
  MAIN                  00000000   00040000  000009f4  0003f60c  R  X
  INFO                  00200000   00004000  00000000  00004000  R  X
  SRAM_CODE             01000000   00010000  0000021c  0000fde4  RW X
  SRAM_DATA             20000000   00010000  0000021c  0000fde4  RW  


SEGMENT ALLOCATION MAP

run origin  load origin   length   init length attrs members
----------  ----------- ---------- ----------- ----- -------
00000000    00000000    000009f8   000009f8    r-x
  00000000    00000000    000000e4   000000e4    r-- .intvecs
  000000e4    000000e4    000008f0   000008f0    r-x .text
  000009d8    000009d8    00000020   00000020    r-- .cinit
20000000    20000000    0000001c   00000000    rw-
  20000000    20000000    0000001c   00000000    rw- .data
2000fe00    2000fe00    00000200   00000000    rw-
  2000fe00    2000fe00    00000200   00000000    rw- .stack


SECTION ALLOCATION MAP

 output                                  attributes/
section   page    origin      length       input sections
--------  ----  ----------  ----------   ----------------
.intvecs   0    00000000    000000e4     
                  00000000    000000e4     startup_msp432p401r_ccs.obj (.intvecs:retain)

.text      0    000000e4    000008f0     
                  000000e4    00000334     system_msp432p401r.obj (.text)
                  00000418    000001e0     Clock.obj (.text)
                  000005f8    000000c8     BumpInt.obj (.text)
                  000006c0    000000bc     Init_Ports.obj (.text)
                  0000077c    0000009c     rtsv7M4_T_le_v4SPD16_eabi.lib : memcpy_t2.asm.obj (.text)
                  00000818    00000068                                   : copy_decompress_lzss.c.obj (.text:decompress:lzss:__TI_decompress_lzss)
                  00000880    00000054     Init_Timers.obj (.text)
                  000008d4    00000044     rtsv7M4_T_le_v4SPD16_eabi.lib : autoinit.c.obj (.text:__TI_auto_init_nobinit_nopinit:__TI_auto_init_nobinit_nopinit)
                  00000918    00000040     Lab5_main.obj (.text)
                  00000958    00000034     rtsv7M4_T_le_v4SPD16_eabi.lib : boot_cortex_m.c.obj (.text:_c_int00_noargs:_c_int00_noargs)
                  0000098c    00000024     CortexM.obj (.text)
                  000009b0    0000000e     rtsv7M4_T_le_v4SPD16_eabi.lib : copy_decompress_none.c.obj (.text:decompress:none:__TI_decompress_none)
                  000009be    0000000e     startup_msp432p401r_ccs.obj (.text)
                  000009cc    00000004     rtsv7M4_T_le_v4SPD16_eabi.lib : pre_init.c.obj (.text:_system_pre_init)
                  000009d0    00000004                                   : exit.c.obj (.text:abort:abort)

.cinit     0    000009d8    00000020     
                  000009d8    0000000d     (.cinit..data.load) [load image, compression = lzss]
                  000009e5    00000003     --HOLE-- [fill = 0]
                  000009e8    00000008     (__TI_handler_table)
                  000009f0    00000008     (__TI_cinit_table)

.init_array 
*          0    00000000    00000000     UNINITIALIZED

.binit     0    00000000    00000000     

.data      0    20000000    0000001c     UNINITIALIZED
                  20000000    00000018     Clock.obj (.data)
                  20000018    00000004     system_msp432p401r.obj (.data)

.stack     0    2000fe00    00000200     UNINITIALIZED
                  2000fe00    00000004     rtsv7M4_T_le_v4SPD16_eabi.lib : boot_cortex_m.c.obj (.stack)
                  2000fe04    000001fc     --HOLE--

__llvm_prf_cnts 
*          0    20000000    00000000     UNINITIALIZED

MODULE SUMMARY

       Module                        code   ro data   rw data
       ------                        ----   -------   -------
    .\
       system_msp432p401r.obj        820    0         8      
       Clock.obj                     480    0         48     
       startup_msp432p401r_ccs.obj   14     228       0      
       BumpInt.obj                   200    0         0      
       Init_Ports.obj                188    0         0      
       Init_Timers.obj               84     0         0      
       Lab5_main.obj                 64     0         0      
       CortexM.obj                   36     0         0      
    +--+-----------------------------+------+---------+---------+
       Total:                        1886   228       56     
                                                             
    C:\ti\ccs1230\ccs\tools\compiler\ti-cgt-arm_20.2.7.LTS\lib\rtsv7M4_T_le_v4SPD16_eabi.lib
       memcpy_t2.asm.obj             156    0         0      
       copy_decompress_lzss.c.obj    104    0         0      
       autoinit.c.obj                68     0         0      
       boot_cortex_m.c.obj           52     0         0      
       copy_decompress_none.c.obj    14     0         0      
       exit.c.obj                    4      0         0      
       pre_init.c.obj                4      0         0      
    +--+-----------------------------+------+---------+---------+
       Total:                        402    0         0      
                                                             
       Stack:                        0      0         1024   
       Linker Generated:             0      29        0      
    +--+-----------------------------+------+---------+---------+
       Grand Total:                  2288   257       1080   


LINKER GENERATED COPY TABLES

__TI_cinit_table @ 000009f0 records: 1, size/record: 8, table size: 8
	.data: load addr=000009d8, load size=0000000d bytes, run addr=20000000, run size=0000001c bytes, compression=lzss


LINKER GENERATED HANDLER TABLE

__TI_handler_table @ 000009e8 records: 2, size/record: 4, table size: 8
	index: 0, handler: __TI_decompress_lzss
	index: 1, handler: __TI_decompress_none


GLOBAL SYMBOLS: SORTED ALPHABETICALLY BY Name 

address   name                          
-------   ----                          
000009cb  ADC14_IRQHandler              
000009cb  AES256_IRQHandler             
000005f9  BumpInt_Init                  
000009cb  BusFault_Handler              
000009d1  C$$EXIT                       
000009cb  COMP_E0_IRQHandler            
000009cb  COMP_E1_IRQHandler            
20000008  CPMwait                       
000009cb  CS_IRQHandler                 
20000000  ClockFrequency                
0000056d  Clock_Delay1ms                
00000543  Clock_Delay1us                
0000052f  Clock_GetFreq                 
00000419  Clock_Init48MHz               
20000014  Crystalstable                 
000009cb  DMA_ERR_IRQHandler            
000009cb  DMA_INT0_IRQHandler           
000009cb  DMA_INT1_IRQHandler           
000009cb  DMA_INT2_IRQHandler           
000009cb  DMA_INT3_IRQHandler           
000009cb  DebugMon_Handler              
000009cb  Default_Handler               
0000098d  DisableInterrupts             
000009cb  EUSCIA0_IRQHandler            
000009cb  EUSCIA1_IRQHandler            
000009cb  EUSCIA2_IRQHandler            
000009cb  EUSCIA3_IRQHandler            
000009cb  EUSCIB0_IRQHandler            
000009cb  EUSCIB1_IRQHandler            
000009cb  EUSCIB2_IRQHandler            
000009cb  EUSCIB3_IRQHandler            
00000993  EnableInterrupts              
000009a3  EndCritical                   
000009cb  FLCTL_IRQHandler              
000009cb  FPU_IRQHandler                
000009cb  HardFault_Handler             
20000010  IFlags                        
000009cb  MemManage_Handler             
000009cb  NMI_Handler                   
000009cb  PCM_IRQHandler                
000009cb  PORT1_IRQHandler              
000009cb  PORT2_IRQHandler              
000009cb  PORT3_IRQHandler              
00000621  PORT4_IRQHandler              
00000621  PORT4_IRQHandler              
000009cb  PORT5_IRQHandler              
000009cb  PORT6_IRQHandler              
000009cb  PSS_IRQHandler                
000009cb  PendSV_Handler                
0000074b  Port10_Init                   
000006c1  Port1_Init                    
000006e1  Port2_Init                    
0000070b  Port3_Init                    
00000717  Port4_Init                    
00000737  Port5_Init                    
00000743  Port6_Init                    
00000745  Port7_Init                    
00000747  Port8_Init                    
00000749  Port9_Init                    
0000074d  PortJ_Init                    
2000000c  Postwait                      
20000004  Prewait                       
000009cb  RTC_C_IRQHandler              
000009bf  Reset_Handler                 
000009cb  SVC_Handler                   
00000999  StartCritical                 
000009cb  SysTick_Handler               
20000018  SystemCoreClock               
000000e5  SystemCoreClockUpdate         
0000035d  SystemInit                    
000009cb  T32_INT1_IRQHandler           
000009cb  T32_INT2_IRQHandler           
000009cb  T32_INTC_IRQHandler           
000009cb  TA0_0_IRQHandler              
000009cb  TA0_N_IRQHandler              
000009cb  TA1_0_IRQHandler              
000009cb  TA1_N_IRQHandler              
000009cb  TA2_0_IRQHandler              
000009cb  TA2_N_IRQHandler              
000009cb  TA3_0_IRQHandler              
000009cb  TA3_N_IRQHandler              
00000881  TimerA0_Init                  
000008c3  TimerA1_Init                  
000008c5  TimerA2_Init                  
000008c7  TimerA3_Init                  
000009cb  UsageFault_Handler            
4000480c  WDTCTL_SYM                    
000009cb  WDT_A_IRQHandler              
000009ab  WaitForInterrupt              
20010000  __STACK_END                   
00000200  __STACK_SIZE                  
000009f0  __TI_CINIT_Base               
000009f8  __TI_CINIT_Limit              
000009e8  __TI_Handler_Table_Base       
000009f0  __TI_Handler_Table_Limit      
000008d5  __TI_auto_init_nobinit_nopinit
00000819  __TI_decompress_lzss          
000009b1  __TI_decompress_none          
ffffffff  __TI_pprof_out_hndl           
ffffffff  __TI_prof_data_size           
ffffffff  __TI_prof_data_start          
00000000  __TI_static_base__            
0000077d  __aeabi_memcpy                
0000077d  __aeabi_memcpy4               
0000077d  __aeabi_memcpy8               
ffffffff  __binit__                     
ffffffff  __c_args__                    
UNDEFED   __mpu_init                    
2000fe00  __stack                       
20000000  __start___llvm_prf_cnts       
20000000  __stop___llvm_prf_cnts        
00000959  _c_int00_noargs               
UNDEFED   _system_post_cinit            
000009cd  _system_pre_init              
000009d1  abort                         
ffffffff  binit                         
00000535  delay                         
00000000  interruptVectors              
00000919  main                          
0000077d  memcpy                        


GLOBAL SYMBOLS: SORTED BY Symbol Address 

address   name                          
-------   ----                          
00000000  __TI_static_base__            
00000000  interruptVectors              
000000e5  SystemCoreClockUpdate         
00000200  __STACK_SIZE                  
0000035d  SystemInit                    
00000419  Clock_Init48MHz               
0000052f  Clock_GetFreq                 
00000535  delay                         
00000543  Clock_Delay1us                
0000056d  Clock_Delay1ms                
000005f9  BumpInt_Init                  
00000621  PORT4_IRQHandler              
00000621  PORT4_IRQHandler              
000006c1  Port1_Init                    
000006e1  Port2_Init                    
0000070b  Port3_Init                    
00000717  Port4_Init                    
00000737  Port5_Init                    
00000743  Port6_Init                    
00000745  Port7_Init                    
00000747  Port8_Init                    
00000749  Port9_Init                    
0000074b  Port10_Init                   
0000074d  PortJ_Init                    
0000077d  __aeabi_memcpy                
0000077d  __aeabi_memcpy4               
0000077d  __aeabi_memcpy8               
0000077d  memcpy                        
00000819  __TI_decompress_lzss          
00000881  TimerA0_Init                  
000008c3  TimerA1_Init                  
000008c5  TimerA2_Init                  
000008c7  TimerA3_Init                  
000008d5  __TI_auto_init_nobinit_nopinit
00000919  main                          
00000959  _c_int00_noargs               
0000098d  DisableInterrupts             
00000993  EnableInterrupts              
00000999  StartCritical                 
000009a3  EndCritical                   
000009ab  WaitForInterrupt              
000009b1  __TI_decompress_none          
000009bf  Reset_Handler                 
000009cb  ADC14_IRQHandler              
000009cb  AES256_IRQHandler             
000009cb  BusFault_Handler              
000009cb  COMP_E0_IRQHandler            
000009cb  COMP_E1_IRQHandler            
000009cb  CS_IRQHandler                 
000009cb  DMA_ERR_IRQHandler            
000009cb  DMA_INT0_IRQHandler           
000009cb  DMA_INT1_IRQHandler           
000009cb  DMA_INT2_IRQHandler           
000009cb  DMA_INT3_IRQHandler           
000009cb  DebugMon_Handler              
000009cb  Default_Handler               
000009cb  EUSCIA0_IRQHandler            
000009cb  EUSCIA1_IRQHandler            
000009cb  EUSCIA2_IRQHandler            
000009cb  EUSCIA3_IRQHandler            
000009cb  EUSCIB0_IRQHandler            
000009cb  EUSCIB1_IRQHandler            
000009cb  EUSCIB2_IRQHandler            
000009cb  EUSCIB3_IRQHandler            
000009cb  FLCTL_IRQHandler              
000009cb  FPU_IRQHandler                
000009cb  HardFault_Handler             
000009cb  MemManage_Handler             
000009cb  NMI_Handler                   
000009cb  PCM_IRQHandler                
000009cb  PORT1_IRQHandler              
000009cb  PORT2_IRQHandler              
000009cb  PORT3_IRQHandler              
000009cb  PORT5_IRQHandler              
000009cb  PORT6_IRQHandler              
000009cb  PSS_IRQHandler                
000009cb  PendSV_Handler                
000009cb  RTC_C_IRQHandler              
000009cb  SVC_Handler                   
000009cb  SysTick_Handler               
000009cb  T32_INT1_IRQHandler           
000009cb  T32_INT2_IRQHandler           
000009cb  T32_INTC_IRQHandler           
000009cb  TA0_0_IRQHandler              
000009cb  TA0_N_IRQHandler              
000009cb  TA1_0_IRQHandler              
000009cb  TA1_N_IRQHandler              
000009cb  TA2_0_IRQHandler              
000009cb  TA2_N_IRQHandler              
000009cb  TA3_0_IRQHandler              
000009cb  TA3_N_IRQHandler              
000009cb  UsageFault_Handler            
000009cb  WDT_A_IRQHandler              
000009cd  _system_pre_init              
000009d1  C$$EXIT                       
000009d1  abort                         
000009e8  __TI_Handler_Table_Base       
000009f0  __TI_CINIT_Base               
000009f0  __TI_Handler_Table_Limit      
000009f8  __TI_CINIT_Limit              
20000000  ClockFrequency                
20000000  __start___llvm_prf_cnts       
20000000  __stop___llvm_prf_cnts        
20000004  Prewait                       
20000008  CPMwait                       
2000000c  Postwait                      
20000010  IFlags                        
20000014  Crystalstable                 
20000018  SystemCoreClock               
2000fe00  __stack                       
20010000  __STACK_END                   
4000480c  WDTCTL_SYM                    
ffffffff  __TI_pprof_out_hndl           
ffffffff  __TI_prof_data_size           
ffffffff  __TI_prof_data_start          
ffffffff  __binit__                     
ffffffff  __c_args__                    
ffffffff  binit                         
UNDEFED   __mpu_init                    
UNDEFED   _system_post_cinit            

[120 symbols]
