******************************************************************************
                  TI ARM Linker PC v20.2.7                     
******************************************************************************
>> Linked Wed Feb 28 16:54:48 2024

OUTPUT FILE NAME:   <Lab5.out>
ENTRY POINT SYMBOL: "_c_int00_noargs"  address: 00000cb9


MEMORY CONFIGURATION

         name            origin    length      used     unused   attr    fill
----------------------  --------  ---------  --------  --------  ----  --------
  MAIN                  00000000   00040000  00000d88  0003f278  R  X
  INFO                  00200000   00004000  00000000  00004000  R  X
  SRAM_CODE             01000000   00010000  00000220  0000fde0  RW X
  SRAM_DATA             20000000   00010000  00000220  0000fde0  RW  


SEGMENT ALLOCATION MAP

run origin  load origin   length   init length attrs members
----------  ----------- ---------- ----------- ----- -------
00000000    00000000    00000d88   00000d88    r-x
  00000000    00000000    000000e4   000000e4    r-- .intvecs
  000000e4    000000e4    00000c6c   00000c6c    r-x .text
  00000d50    00000d50    00000038   00000038    r-- .cinit
20000000    20000000    00000020   00000000    rw-
  20000000    20000000    0000001f   00000000    rw- .data
  2000001f    2000001f    00000001   00000000    rw- .bss
2000fe00    2000fe00    00000200   00000000    rw-
  2000fe00    2000fe00    00000200   00000000    rw- .stack


SECTION ALLOCATION MAP

 output                                  attributes/
section   page    origin      length       input sections
--------  ----  ----------  ----------   ----------------
.intvecs   0    00000000    000000e4     
                  00000000    000000e4     startup_msp432p401r_ccs.obj (.intvecs:retain)

.text      0    000000e4    00000c6c     
                  000000e4    00000334     system_msp432p401r.obj (.text)
                  00000418    00000208     Lab5_main.obj (.text)
                  00000620    000001e0     Clock.obj (.text)
                  00000800    0000016c     Motor.obj (.text)
                  0000096c    000000f4     BumpInt.obj (.text)
                  00000a60    000000bc     Init_Ports.obj (.text)
                  00000b1c    0000009c     rtsv7M4_T_le_v4SPD16_eabi.lib : memcpy_t2.asm.obj (.text)
                  00000bb8    00000068                                   : copy_decompress_lzss.c.obj (.text:decompress:lzss:__TI_decompress_lzss)
                  00000c20    00000054     Init_Timers.obj (.text)
                  00000c74    00000044     rtsv7M4_T_le_v4SPD16_eabi.lib : autoinit.c.obj (.text:__TI_auto_init_nobinit_nopinit:__TI_auto_init_nobinit_nopinit)
                  00000cb8    00000034                                   : boot_cortex_m.c.obj (.text:_c_int00_noargs:_c_int00_noargs)
                  00000cec    00000024     CortexM.obj (.text)
                  00000d10    0000001c     rtsv7M4_T_le_v4SPD16_eabi.lib : copy_zero_init.c.obj (.text:decompress:ZI:__TI_zero_init_nomemset:__TI_zero_init_nomemset)
                  00000d2c    0000000e                                   : copy_decompress_none.c.obj (.text:decompress:none:__TI_decompress_none)
                  00000d3a    0000000e     startup_msp432p401r_ccs.obj (.text)
                  00000d48    00000004     rtsv7M4_T_le_v4SPD16_eabi.lib : pre_init.c.obj (.text:_system_pre_init)
                  00000d4c    00000004                                   : exit.c.obj (.text:abort:abort)

.cinit     0    00000d50    00000038     
                  00000d50    0000000d     (.cinit..data.load) [load image, compression = lzss]
                  00000d5d    00000003     --HOLE-- [fill = 0]
                  00000d60    0000000c     (__TI_handler_table)
                  00000d6c    00000004     --HOLE-- [fill = 0]
                  00000d70    00000008     (.cinit..bss.load) [load image, compression = zero_init]
                  00000d78    00000010     (__TI_cinit_table)

.init_array 
*          0    00000000    00000000     UNINITIALIZED

.binit     0    00000000    00000000     

.data      0    20000000    0000001f     UNINITIALIZED
                  20000000    00000018     Clock.obj (.data)
                  20000018    00000004     system_msp432p401r.obj (.data)
                  2000001c    00000003     BumpInt.obj (.data)

.bss       0    2000001f    00000001     UNINITIALIZED
                  2000001f    00000001     (.common:direction)

.stack     0    2000fe00    00000200     UNINITIALIZED
                  2000fe00    00000004     rtsv7M4_T_le_v4SPD16_eabi.lib : boot_cortex_m.c.obj (.stack)
                  2000fe04    000001fc     --HOLE--

__llvm_prf_cnts 
*          0    20000000    00000000     UNINITIALIZED

MODULE SUMMARY

       Module                        code   ro data   rw data
       ------                        ----   -------   -------
    .\
       system_msp432p401r.obj        820    0         8      
       Clock.obj                     480    0         48     
       Lab5_main.obj                 520    0         0      
       Motor.obj                     364    0         0      
       BumpInt.obj                   244    0         8      
       startup_msp432p401r_ccs.obj   14     228       0      
       Init_Ports.obj                188    0         0      
       Init_Timers.obj               84     0         0      
       CortexM.obj                   36     0         0      
    +--+-----------------------------+------+---------+---------+
       Total:                        2750   228       64     
                                                             
    C:\ti\ccs1110\ccs\tools\compiler\ti-cgt-arm_20.2.7.LTS\lib\rtsv7M4_T_le_v4SPD16_eabi.lib
       memcpy_t2.asm.obj             156    0         0      
       copy_decompress_lzss.c.obj    104    0         0      
       autoinit.c.obj                68     0         0      
       boot_cortex_m.c.obj           52     0         0      
       copy_zero_init.c.obj          28     0         0      
       copy_decompress_none.c.obj    14     0         0      
       exit.c.obj                    4      0         0      
       pre_init.c.obj                4      0         0      
    +--+-----------------------------+------+---------+---------+
       Total:                        430    0         0      
                                                             
       Stack:                        0      0         1024   
       Linker Generated:             0      49        0      
    +--+-----------------------------+------+---------+---------+
       Grand Total:                  3180   277       1088   


LINKER GENERATED COPY TABLES

__TI_cinit_table @ 00000d78 records: 2, size/record: 8, table size: 16
	.data: load addr=00000d50, load size=0000000d bytes, run addr=20000000, run size=0000001f bytes, compression=lzss
	.bss: load addr=00000d70, load size=00000008 bytes, run addr=2000001f, run size=00000001 bytes, compression=zero_init


LINKER GENERATED HANDLER TABLE

__TI_handler_table @ 00000d60 records: 3, size/record: 4, table size: 12
	index: 0, handler: __TI_decompress_lzss
	index: 1, handler: __TI_decompress_none
	index: 2, handler: __TI_zero_init


GLOBAL SYMBOLS: SORTED ALPHABETICALLY BY Name 

address   name                          
-------   ----                          
00000d47  ADC14_IRQHandler              
00000d47  AES256_IRQHandler             
0000096d  BumpInt_Init                  
00000d47  BusFault_Handler              
00000d4d  C$$EXIT                       
00000d47  COMP_E0_IRQHandler            
00000d47  COMP_E1_IRQHandler            
20000008  CPMwait                       
00000d47  CS_IRQHandler                 
20000000  ClockFrequency                
00000775  Clock_Delay1ms                
0000074b  Clock_Delay1us                
00000737  Clock_GetFreq                 
00000621  Clock_Init48MHz               
20000014  Crystalstable                 
00000d47  DMA_ERR_IRQHandler            
00000d47  DMA_INT0_IRQHandler           
00000d47  DMA_INT1_IRQHandler           
00000d47  DMA_INT2_IRQHandler           
00000d47  DMA_INT3_IRQHandler           
00000d47  DebugMon_Handler              
00000d47  Default_Handler               
00000ced  DisableInterrupts             
00000d47  EUSCIA0_IRQHandler            
00000d47  EUSCIA1_IRQHandler            
00000d47  EUSCIA2_IRQHandler            
00000d47  EUSCIA3_IRQHandler            
00000d47  EUSCIB0_IRQHandler            
00000d47  EUSCIB1_IRQHandler            
00000d47  EUSCIB2_IRQHandler            
00000d47  EUSCIB3_IRQHandler            
00000cf3  EnableInterrupts              
00000d03  EndCritical                   
00000d47  FLCTL_IRQHandler              
00000d47  FPU_IRQHandler                
00000d47  HardFault_Handler             
20000010  IFlags                        
00000419  LED_Color                     
00000d47  MemManage_Handler             
000008fd  Motor_Backward                
00000817  Motor_Forward                 
000008b7  Motor_Left                    
00000871  Motor_Right                   
00000801  Motor_Stop                    
00000d47  NMI_Handler                   
00000d47  PCM_IRQHandler                
00000d47  PORT1_IRQHandler              
00000d47  PORT2_IRQHandler              
00000d47  PORT3_IRQHandler              
00000993  PORT4_IRQHandler              
00000993  PORT4_IRQHandler              
00000d47  PORT5_IRQHandler              
00000d47  PORT6_IRQHandler              
00000d47  PSS_IRQHandler                
00000d47  PendSV_Handler                
00000aeb  Port10_Init                   
00000a61  Port1_Init                    
00000a81  Port2_Init                    
00000aab  Port3_Init                    
00000ab7  Port4_Init                    
00000ad7  Port5_Init                    
00000ae3  Port6_Init                    
00000ae5  Port7_Init                    
00000ae7  Port8_Init                    
00000ae9  Port9_Init                    
00000aed  PortJ_Init                    
2000000c  Postwait                      
20000004  Prewait                       
00000d47  RTC_C_IRQHandler              
00000d3b  Reset_Handler                 
00000d47  SVC_Handler                   
00000cf9  StartCritical                 
00000d47  SysTick_Handler               
20000018  SystemCoreClock               
000000e5  SystemCoreClockUpdate         
0000035d  SystemInit                    
00000d47  T32_INT1_IRQHandler           
00000d47  T32_INT2_IRQHandler           
00000d47  T32_INTC_IRQHandler           
00000d47  TA0_0_IRQHandler              
00000d47  TA0_N_IRQHandler              
00000d47  TA1_0_IRQHandler              
00000d47  TA1_N_IRQHandler              
00000d47  TA2_0_IRQHandler              
00000d47  TA2_N_IRQHandler              
00000d47  TA3_0_IRQHandler              
00000d47  TA3_N_IRQHandler              
00000c21  TimerA0_Init                  
00000c63  TimerA1_Init                  
00000c65  TimerA2_Init                  
00000c67  TimerA3_Init                  
00000d47  UsageFault_Handler            
4000480c  WDTCTL_SYM                    
00000d47  WDT_A_IRQHandler              
00000d0b  WaitForInterrupt              
20010000  __STACK_END                   
00000200  __STACK_SIZE                  
00000d78  __TI_CINIT_Base               
00000d88  __TI_CINIT_Limit              
00000d60  __TI_Handler_Table_Base       
00000d6c  __TI_Handler_Table_Limit      
00000c75  __TI_auto_init_nobinit_nopinit
00000bb9  __TI_decompress_lzss          
00000d2d  __TI_decompress_none          
ffffffff  __TI_pprof_out_hndl           
ffffffff  __TI_prof_data_size           
ffffffff  __TI_prof_data_start          
00000000  __TI_static_base__            
00000d11  __TI_zero_init_nomemset       
00000b1d  __aeabi_memcpy                
00000b1d  __aeabi_memcpy4               
00000b1d  __aeabi_memcpy8               
ffffffff  __binit__                     
ffffffff  __c_args__                    
UNDEFED   __mpu_init                    
2000fe00  __stack                       
20000000  __start___llvm_prf_cnts       
20000000  __stop___llvm_prf_cnts        
00000cb9  _c_int00_noargs               
UNDEFED   _system_post_cinit            
00000d49  _system_pre_init              
00000d4d  abort                         
ffffffff  binit                         
2000001c  count                         
0000073d  delay                         
2000001f  direction                     
00000000  interruptVectors              
0000043b  main                          
00000b1d  memcpy                        
2000001e  wasInterrupt                  


GLOBAL SYMBOLS: SORTED BY Symbol Address 

address   name                          
-------   ----                          
00000000  __TI_static_base__            
00000000  interruptVectors              
000000e5  SystemCoreClockUpdate         
00000200  __STACK_SIZE                  
0000035d  SystemInit                    
00000419  LED_Color                     
0000043b  main                          
00000621  Clock_Init48MHz               
00000737  Clock_GetFreq                 
0000073d  delay                         
0000074b  Clock_Delay1us                
00000775  Clock_Delay1ms                
00000801  Motor_Stop                    
00000817  Motor_Forward                 
00000871  Motor_Right                   
000008b7  Motor_Left                    
000008fd  Motor_Backward                
0000096d  BumpInt_Init                  
00000993  PORT4_IRQHandler              
00000993  PORT4_IRQHandler              
00000a61  Port1_Init                    
00000a81  Port2_Init                    
00000aab  Port3_Init                    
00000ab7  Port4_Init                    
00000ad7  Port5_Init                    
00000ae3  Port6_Init                    
00000ae5  Port7_Init                    
00000ae7  Port8_Init                    
00000ae9  Port9_Init                    
00000aeb  Port10_Init                   
00000aed  PortJ_Init                    
00000b1d  __aeabi_memcpy                
00000b1d  __aeabi_memcpy4               
00000b1d  __aeabi_memcpy8               
00000b1d  memcpy                        
00000bb9  __TI_decompress_lzss          
00000c21  TimerA0_Init                  
00000c63  TimerA1_Init                  
00000c65  TimerA2_Init                  
00000c67  TimerA3_Init                  
00000c75  __TI_auto_init_nobinit_nopinit
00000cb9  _c_int00_noargs               
00000ced  DisableInterrupts             
00000cf3  EnableInterrupts              
00000cf9  StartCritical                 
00000d03  EndCritical                   
00000d0b  WaitForInterrupt              
00000d11  __TI_zero_init_nomemset       
00000d2d  __TI_decompress_none          
00000d3b  Reset_Handler                 
00000d47  ADC14_IRQHandler              
00000d47  AES256_IRQHandler             
00000d47  BusFault_Handler              
00000d47  COMP_E0_IRQHandler            
00000d47  COMP_E1_IRQHandler            
00000d47  CS_IRQHandler                 
00000d47  DMA_ERR_IRQHandler            
00000d47  DMA_INT0_IRQHandler           
00000d47  DMA_INT1_IRQHandler           
00000d47  DMA_INT2_IRQHandler           
00000d47  DMA_INT3_IRQHandler           
00000d47  DebugMon_Handler              
00000d47  Default_Handler               
00000d47  EUSCIA0_IRQHandler            
00000d47  EUSCIA1_IRQHandler            
00000d47  EUSCIA2_IRQHandler            
00000d47  EUSCIA3_IRQHandler            
00000d47  EUSCIB0_IRQHandler            
00000d47  EUSCIB1_IRQHandler            
00000d47  EUSCIB2_IRQHandler            
00000d47  EUSCIB3_IRQHandler            
00000d47  FLCTL_IRQHandler              
00000d47  FPU_IRQHandler                
00000d47  HardFault_Handler             
00000d47  MemManage_Handler             
00000d47  NMI_Handler                   
00000d47  PCM_IRQHandler                
00000d47  PORT1_IRQHandler              
00000d47  PORT2_IRQHandler              
00000d47  PORT3_IRQHandler              
00000d47  PORT5_IRQHandler              
00000d47  PORT6_IRQHandler              
00000d47  PSS_IRQHandler                
00000d47  PendSV_Handler                
00000d47  RTC_C_IRQHandler              
00000d47  SVC_Handler                   
00000d47  SysTick_Handler               
00000d47  T32_INT1_IRQHandler           
00000d47  T32_INT2_IRQHandler           
00000d47  T32_INTC_IRQHandler           
00000d47  TA0_0_IRQHandler              
00000d47  TA0_N_IRQHandler              
00000d47  TA1_0_IRQHandler              
00000d47  TA1_N_IRQHandler              
00000d47  TA2_0_IRQHandler              
00000d47  TA2_N_IRQHandler              
00000d47  TA3_0_IRQHandler              
00000d47  TA3_N_IRQHandler              
00000d47  UsageFault_Handler            
00000d47  WDT_A_IRQHandler              
00000d49  _system_pre_init              
00000d4d  C$$EXIT                       
00000d4d  abort                         
00000d60  __TI_Handler_Table_Base       
00000d6c  __TI_Handler_Table_Limit      
00000d78  __TI_CINIT_Base               
00000d88  __TI_CINIT_Limit              
20000000  ClockFrequency                
20000000  __start___llvm_prf_cnts       
20000000  __stop___llvm_prf_cnts        
20000004  Prewait                       
20000008  CPMwait                       
2000000c  Postwait                      
20000010  IFlags                        
20000014  Crystalstable                 
20000018  SystemCoreClock               
2000001c  count                         
2000001e  wasInterrupt                  
2000001f  direction                     
2000fe00  __stack                       
20010000  __STACK_END                   
4000480c  WDTCTL_SYM                    
ffffffff  __TI_pprof_out_hndl           
ffffffff  __TI_prof_data_size           
ffffffff  __TI_prof_data_start          
ffffffff  __binit__                     
ffffffff  __c_args__                    
ffffffff  binit                         
UNDEFED   __mpu_init                    
UNDEFED   _system_post_cinit            

[130 symbols]
