******************************************************************************
                  TI ARM Linker PC v20.2.7                     
******************************************************************************
>> Linked Mon Mar 25 13:23:29 2024

OUTPUT FILE NAME:   <Lab6_BLE.out>
ENTRY POINT SYMBOL: "_c_int00_noargs"  address: 00005a75


MEMORY CONFIGURATION

         name            origin    length      used     unused   attr    fill
----------------------  --------  ---------  --------  --------  ----  --------
  MAIN                  00000000   00040000  00006070  00039f90  R  X
  INFO                  00200000   00004000  00000000  00004000  R  X
  SRAM_CODE             01000000   00010000  00001161  0000ee9f  RW X
  SRAM_DATA             20000000   00010000  00001161  0000ee9f  RW  


SEGMENT ALLOCATION MAP

run origin  load origin   length   init length attrs members
----------  ----------- ---------- ----------- ----- -------
00000000    00000000    00006070   00006070    r-x
  00000000    00000000    000000e4   000000e4    r-- .intvecs
  000000e4    000000e4    00005bc4   00005bc4    r-x .text
  00005ca8    00005ca8    00000290   00000290    r-- .const
  00005f38    00005f38    00000138   00000138    r-- .cinit
20000000    20000000    00000f68   00000000    rw-
  20000000    20000000    00000869   00000000    rw- .bss
  20000870    20000870    00000400   00000000    rw- .sysmem
  20000c70    20000c70    000002f8   00000000    rw- .data
2000fe00    2000fe00    00000200   00000000    rw-
  2000fe00    2000fe00    00000200   00000000    rw- .stack


SECTION ALLOCATION MAP

 output                                  attributes/
section   page    origin      length       input sections
--------  ----  ----------  ----------   ----------------
.intvecs   0    00000000    000000e4     
                  00000000    000000e4     startup_msp432p401r_ccs.obj (.intvecs:retain)

.text      0    000000e4    00005bc4     
                  000000e4    00001840     SSD1306.obj (.text)
                  00001924    0000100c     AP.obj (.text)
                  00002930    000009d0     rtsv7M4_T_le_v4SPD16_eabi.lib : e_pow.c.obj (.text:pow)
                  00003300    000006cc     UART0.obj (.text)
                  000039cc    00000334     system_msp432p401r.obj (.text)
                  00003d00    0000020c     Lab6_BLEmain.obj (.text)
                  00003f0c    000001e0     Clock.obj (.text)
                  000040ec    000001b6     rtsv7M4_T_le_v4SPD16_eabi.lib : fd_add_t2.asm.obj (.text)
                  000042a2    00000002                                   : _lock.c.obj (.text:_nop)
                  000042a4    000001a4     UART1.obj (.text)
                  00004448    0000016c     Motor.obj (.text)
                  000045b4    00000158     rtsv7M4_T_le_v4SPD16_eabi.lib : e_sqrt.c.obj (.text:sqrt)
                  0000470c    00000136                                   : fd_div_t2.asm.obj (.text)
                  00004842    00000002     --HOLE-- [fill = 0]
                  00004844    00000110                                   : fopen.c.obj (.text:_openfile)
                  00004954    00000110                                   : s_scalbn.c.obj (.text:scalbn)
                  00004a64    00000100                                   : memory.c.obj (.text:aligned_alloc)
                  00004b64    000000fc                                   : fd_mul_t2.asm.obj (.text)
                  00004c60    000000e4                                   : memory.c.obj (.text:free)
                  00004d44    000000dc                                   : setvbuf.c.obj (.text:setvbuf)
                  00004e20    000000c0     GPIO.obj (.text)
                  00004ee0    000000bc     Init_Ports.obj (.text)
                  00004f9c    000000bc     rtsv7M4_T_le_v4SPD16_eabi.lib : open.c.obj (.text:open)
                  00005058    000000b8                                   : add_device.c.obj (.text:add_device)
                  00005110    0000009c                                   : fopen.c.obj (.text:fopen)
                  000051ac    0000009c                                   : memcpy_t2.asm.obj (.text)
                  00005248    00000086                                   : fd_cmp_t2.asm.obj (.text:__aeabi_cdcmple)
                  000052ce    00000086                                   : fd_cmp_t2.asm.obj (.text:__aeabi_cdrcmple)
                  00005354    0000007a                                   : memset_t2.asm.obj (.text)
                  000053ce    00000002     --HOLE-- [fill = 0]
                  000053d0    00000074                                   : fclose.c.obj (.text:__TI_closefile)
                  00005444    00000070                                   : memory.c.obj (.text:split)
                  000054b4    0000006c                                   : hostrename.c.obj (.text:HOSTrename)
                  00005520    00000068                                   : hostlseek.c.obj (.text:HOSTlseek)
                  00005588    00000068                                   : copy_decompress_lzss.c.obj (.text:decompress:lzss:__TI_decompress_lzss)
                  000055f0    00000060                                   : hostopen.c.obj (.text:HOSTopen)
                  00005650    0000005c                                   : close.c.obj (.text:close)
                  000056ac    00000058                                   : hostread.c.obj (.text:HOSTread)
                  00005704    00000058                                   : hostwrite.c.obj (.text:HOSTwrite)
                  0000575c    00000054     Init_Timers.obj (.text)
                  000057b0    0000004c     rtsv7M4_T_le_v4SPD16_eabi.lib : fflush.c.obj (.text:__TI_doflush)
                  000057fc    00000048                                   : exit.c.obj (.text:exit)
                  00005844    00000048                                   : fd_toi_t2.asm.obj (.text)
                  0000588c    00000044                                   : hostclose.c.obj (.text:HOSTclose)
                  000058d0    00000044                                   : hostunlink.c.obj (.text:HOSTunlink)
                  00005914    00000044                                   : autoinit.c.obj (.text:__TI_auto_init_nobinit_nopinit:__TI_auto_init_nobinit_nopinit)
                  00005958    00000044                                   : getdevice.c.obj (.text:getdevice)
                  0000599c    00000038                                   : trgmsg.c.obj (.text:__TI_writemsg)
                  000059d4    00000036                                   : strncpy.c.obj (.text:strncpy)
                  00005a0a    00000002     --HOLE-- [fill = 0]
                  00005a0c    00000034                                   : fopen.c.obj (.text:__TI_cleanup)
                  00005a40    00000034                                   : trgmsg.c.obj (.text:__TI_readmsg)
                  00005a74    00000034                                   : boot_cortex_m.c.obj (.text:_c_int00_noargs:_c_int00_noargs)
                  00005aa8    00000034                                   : fopen.c.obj (.text:freopen)
                  00005adc    00000030                                   : getdevice.c.obj (.text:finddevice)
                  00005b0c    0000002e                                   : i_tofd_t2.asm.obj (.text)
                  00005b3a    00000002     --HOLE-- [fill = 0]
                  00005b3c    0000002c                                   : unlink.c.obj (.text:unlink)
                  00005b68    00000028                                   : memory.c.obj (.text:free_list_insert)
                  00005b90    00000028                                   : write.c.obj (.text:write)
                  00005bb8    00000024     CortexM.obj (.text)
                  00005bdc    0000001c     rtsv7M4_T_le_v4SPD16_eabi.lib : memory.c.obj (.text:free_list_remove)
                  00005bf8    0000001a                                   : s_copysign.c.obj (.text:copysign)
                  00005c12    00000018                                   : strcmp.c.obj (.text:strcmp)
                  00005c2a    00000016                                   : strchr.c.obj (.text:strchr)
                  00005c40    00000014                                   : strcpy.c.obj (.text:strcpy)
                  00005c54    00000014                                   : strlen.c.obj (.text:strlen)
                  00005c68    0000000e                                   : copy_decompress_none.c.obj (.text:decompress:none:__TI_decompress_none)
                  00005c76    0000000e     startup_msp432p401r_ccs.obj (.text)
                  00005c84    0000000c     rtsv7M4_T_le_v4SPD16_eabi.lib : copy_zero_init.c.obj (.text:decompress:ZI:__TI_zero_init)
                  00005c90    00000008                                   : errno.c.obj (.text:__aeabi_errno_addr)
                  00005c98    00000008                                   : memory.c.obj (.text:malloc)
                  00005ca0    00000004                                   : pre_init.c.obj (.text:_system_pre_init)
                  00005ca4    00000004                                   : exit.c.obj (.text:abort:abort)

.const     0    00005ca8    00000290     
                  00005ca8    000001e0     SSD1306.obj (.const:ASCII)
                  00005e88    00000030     rtsv7M4_T_le_v4SPD16_eabi.lib : e_pow.c.obj (.const:$O1$$)
                  00005eb8    00000014     AP.obj (.const:.string:NPI_StartAdvertisement)
                  00005ecc    00000011     AP.obj (.const:.string:NPI_SetAdvertisement1)
                  00005edd    00000009     AP.obj (.const:.string:HCI_EXT_ResetSystemCmd)
                  00005ee6    00000008     SSD1306.obj (.const:.string:postmask)
                  00005eee    00000008     SSD1306.obj (.const:.string:premask)
                  00005ef6    00000006     AP.obj (.const:.string:NPI_GetStatus)
                  00005efc    00000006     AP.obj (.const:.string:NPI_GetVersion)
                  00005f02    00000006     AP.obj (.const:.string:NPI_Register)
                  00005f08    00000006     SSD1306.obj (.const:.string:init5)
                  00005f0e    00000005     SSD1306.obj (.const:.string:dlist1)
                  00005f13    00000004     SSD1306.obj (.const:.string:init1)
                  00005f17    00000004     SSD1306.obj (.const:.string:init2)
                  00005f1b    00000004     SSD1306.obj (.const:.string:init3)
                  00005f1f    00000003     SSD1306.obj (.const:.string:init4b)
                  00005f22    00000003     SSD1306.obj (.const:.string:scrollList1b)
                  00005f25    00000003     SSD1306.obj (.const:.string:scrollList2b)
                  00005f28    00000002     SSD1306.obj (.const:.string:scrollList1a)
                  00005f2a    00000002     SSD1306.obj (.const:.string:scrollList2a)
                  00005f2c    00000002     SSD1306.obj (.const:.string:scrollList3a)
                  00005f2e    00000002     SSD1306.obj (.const:.string:scrollList3b)
                  00005f30    00000002     SSD1306.obj (.const:.string:scrollList3c)
                  00005f32    00000002     SSD1306.obj (.const:.string:scrollList4a)
                  00005f34    00000002     SSD1306.obj (.const:.string:scrollList4b)
                  00005f36    00000002     SSD1306.obj (.const:.string:scrollList4c)

.cinit     0    00005f38    00000138     
                  00005f38    00000114     (.cinit..data.load) [load image, compression = lzss]
                  0000604c    0000000c     (__TI_handler_table)
                  00006058    00000008     (.cinit..bss.load) [load image, compression = zero_init]
                  00006060    00000010     (__TI_cinit_table)

.init_array 
*          0    00000000    00000000     UNINITIALIZED

.binit     0    00000000    00000000     

.bss       0    20000000    00000869     UNINITIALIZED
                  20000000    00000400     (.common:buffer)
                  20000400    00000120     rtsv7M4_T_le_v4SPD16_eabi.lib : trgmsg.c.obj (.bss:_CIOBUF_)
                  20000520    00000100     (.common:RxFIFO)
                  20000620    000000a0     (.common:CharacteristicList)
                  200006c0    000000a0     (.common:__TI_tmpnams)
                  20000760    00000080     (.common:RecvBuf)
                  200007e0    00000050     (.common:NotifyCharacteristicList)
                  20000830    00000008     (.common:Messageb)
                  20000838    00000008     (.common:parmbuf)
                  20000840    00000004     (.common:Messageindexb)
                  20000844    00000004     (.common:NoSOFErr)
                  20000848    00000004     (.common:RxFifoLost)
                  2000084c    00000004     (.common:RxGetI)
                  20000850    00000004     (.common:RxPutI)
                  20000854    00000004     (.common:TimeOutErr)
                  20000858    00000004     (.common:fcserr)
                  2000085c    00000004     (.common:rotation)
                  20000860    00000004     (.common:vccstate)
                  20000864    00000002     (.common:StartX)
                  20000866    00000002     (.common:StartY)
                  20000868    00000001     (.common:BT_ByteData)

.sysmem    0    20000870    00000400     UNINITIALIZED
                  20000870    00000010     rtsv7M4_T_le_v4SPD16_eabi.lib : memory.c.obj (.sysmem)
                  20000880    000003f0     --HOLE--

.data      0    20000c70    000002f8     UNINITIALIZED
                  20000c70    000000f0     rtsv7M4_T_le_v4SPD16_eabi.lib : defs.c.obj (.data:_ftable)
                  20000d60    00000078                                   : host_device.c.obj (.data:_device)
                  20000dd8    00000050                                   : host_device.c.obj (.data:_stream)
                  20000e28    00000025     AP.obj (.data:NPI_SetAdvertisementData)
                  20000e4d    00000022     AP.obj (.data:NPI_SetAdvertisementDataJacki)
                  20000e6f    00000020     AP.obj (.data:NPI_AddCharDescriptor)
                  20000e8f    0000001c     AP.obj (.data:NPI_GATTSetDeviceName)
                  20000eab    00000001     --HOLE--
                  20000eac    00000018     Clock.obj (.data)
                  20000ec4    00000015     AP.obj (.data:NPI_ReadConfirmation)
                  20000ed9    00000014     AP.obj (.data:NPI_SendNotificationIndication)
                  20000eed    00000003     --HOLE--
                  20000ef0    00000010     rtsv7M4_T_le_v4SPD16_eabi.lib : defs.c.obj (.data)
                  20000f00    0000000e     AP.obj (.data:NPI_AddCharValue)
                  20000f0e    00000002     --HOLE--
                  20000f10    0000000c     rtsv7M4_T_le_v4SPD16_eabi.lib : exit.c.obj (.data:$O1$$)
                  20000f1c    00000009     AP.obj (.data:NPI_AddService)
                  20000f25    00000009     AP.obj (.data:NPI_CCCDUpdatedConfirmation)
                  20000f2e    00000009     AP.obj (.data:NPI_WriteConfirmation)
                  20000f37    00000001     --HOLE--
                  20000f38    00000008     rtsv7M4_T_le_v4SPD16_eabi.lib : _lock.c.obj (.data:$O1$$)
                  20000f40    00000008                                   : memory.c.obj (.data:$O1$$)
                  20000f48    00000008     AP.obj (.data)
                  20000f50    00000004     SSD1306.obj (.data)
                  20000f54    00000004     rtsv7M4_T_le_v4SPD16_eabi.lib : add_device.c.obj (.data)
                  20000f58    00000004                                   : errno.c.obj (.data)
                  20000f5c    00000004                                   : fopen.c.obj (.data)
                  20000f60    00000004                                   : open.c.obj (.data)
                  20000f64    00000004     system_msp432p401r.obj (.data)

.stack     0    2000fe00    00000200     UNINITIALIZED
                  2000fe00    00000004     rtsv7M4_T_le_v4SPD16_eabi.lib : boot_cortex_m.c.obj (.stack)
                  2000fe04    000001fc     --HOLE--

__llvm_prf_cnts 
*          0    20000000    00000000     UNINITIALIZED

MODULE SUMMARY

       Module                        code    ro data   rw data
       ------                        ----    -------   -------
    .\
       SSD1306.obj                   6208    544       2080   
       AP.obj                        4108    64        1202   
       UART0.obj                     1740    0         24     
       UART1.obj                     420     0         536    
       system_msp432p401r.obj        820     0         8      
       Clock.obj                     480     0         48     
       Lab6_BLEmain.obj              524     0         2      
       Motor.obj                     364     0         0      
       startup_msp432p401r_ccs.obj   14      228       0      
       GPIO.obj                      192     0         0      
       Init_Ports.obj                188     0         0      
       Init_Timers.obj               84      0         0      
       CortexM.obj                   36      0         0      
    +--+-----------------------------+-------+---------+---------+
       Total:                        15178   836       3900   
                                                              
    C:\ti\ccs1110\ccs\tools\compiler\ti-cgt-arm_20.2.7.LTS\lib\rtsv7M4_T_le_v4SPD16_eabi.lib
       e_pow.c.obj                   2512    48        0      
       defs.c.obj                    0       0         832    
       memory.c.obj                  672     0         16     
       trgmsg.c.obj                  108     0         576    
       fopen.c.obj                   532     0         8      
       fd_add_t2.asm.obj             438     0         0      
       host_device.c.obj             0       0         400    
       e_sqrt.c.obj                  344     0         0      
       fd_div_t2.asm.obj             310     0         0      
       s_scalbn.c.obj                272     0         0      
       fd_cmp_t2.asm.obj             268     0         0      
       fd_mul_t2.asm.obj             252     0         0      
       setvbuf.c.obj                 220     0         0      
       open.c.obj                    188     0         8      
       add_device.c.obj              184     0         8      
       memcpy_t2.asm.obj             156     0         0      
       memset_t2.asm.obj             122     0         0      
       fclose.c.obj                  116     0         0      
       getdevice.c.obj               116     0         0      
       hostopen.c.obj                96      0         16     
       hostrename.c.obj              108     0         0      
       copy_decompress_lzss.c.obj    104     0         0      
       hostlseek.c.obj               104     0         0      
       exit.c.obj                    76      0         24     
       close.c.obj                   92      0         0      
       hostread.c.obj                88      0         0      
       hostwrite.c.obj               88      0         0      
       fflush.c.obj                  76      0         0      
       fd_toi_t2.asm.obj             72      0         0      
       autoinit.c.obj                68      0         0      
       hostclose.c.obj               68      0         0      
       hostunlink.c.obj              68      0         0      
       strncpy.c.obj                 54      0         0      
       boot_cortex_m.c.obj           52      0         0      
       i_tofd_t2.asm.obj             46      0         0      
       unlink.c.obj                  44      0         0      
       write.c.obj                   40      0         0      
       s_copysign.c.obj              26      0         0      
       strcmp.c.obj                  24      0         0      
       strchr.c.obj                  22      0         0      
       strcpy.c.obj                  20      0         0      
       strlen.c.obj                  20      0         0      
       _lock.c.obj                   2       0         16     
       errno.c.obj                   8       0         8      
       copy_decompress_none.c.obj    14      0         0      
       copy_zero_init.c.obj          12      0         0      
       pre_init.c.obj                4       0         0      
    +--+-----------------------------+-------+---------+---------+
       Total:                        8306    48        1912   
                                                              
       Heap:                         0       0         2048   
       Stack:                        0       0         1024   
       Linker Generated:             0       312       0      
    +--+-----------------------------+-------+---------+---------+
       Grand Total:                  23484   1196      8884   


LINKER GENERATED COPY TABLES

__TI_cinit_table @ 00006060 records: 2, size/record: 8, table size: 16
	.data: load addr=00005f38, load size=00000114 bytes, run addr=20000c70, run size=000002f8 bytes, compression=lzss
	.bss: load addr=00006058, load size=00000008 bytes, run addr=20000000, run size=00000869 bytes, compression=zero_init


LINKER GENERATED HANDLER TABLE

__TI_handler_table @ 0000604c records: 3, size/record: 4, table size: 12
	index: 0, handler: __TI_decompress_lzss
	index: 1, handler: __TI_decompress_none
	index: 2, handler: __TI_zero_init


GLOBAL SYMBOLS: SORTED ALPHABETICALLY BY Name 

address   name                           
-------   ----                           
00005c83  ADC14_IRQHandler               
00005c83  AES256_IRQHandler              
00001f85  AP_AddCharacteristic           
00002141  AP_AddNotifyCharacteristic     
00001f2d  AP_AddService                  
0000264d  AP_BackgroundProcess           
00001acb  AP_EchoReceived                
00001a5f  AP_EchoSendMessage             
00001f17  AP_GetNotifyCCCD               
00001a35  AP_GetSize                     
00002525  AP_GetStatus                   
00002561  AP_GetVersion                  
0000194f  AP_Init                        
00001ced  AP_RecvMessage                 
00001ec9  AP_RecvStatus                  
00001f65  AP_RegisterService             
00001925  AP_Reset                       
00001b51  AP_SendMessage                 
00001ed7  AP_SendMessageResponse         
00002369  AP_SendNotification            
00002469  AP_StartAdvertisement          
000024bd  AP_StartAdvertisementJacki     
20000868  BT_ByteData                    
00005c83  BusFault_Handler               
00005ca5  C$$EXIT                        
000059cb  C$$IO$$                        
00005c83  COMP_E0_IRQHandler             
00005c83  COMP_E1_IRQHandler             
20000eb4  CPMwait                        
00005c83  CS_IRQHandler                  
20000f48  CharacteristicCount            
20000620  CharacteristicList             
20000eac  ClockFrequency                 
00004061  Clock_Delay1ms                 
00004037  Clock_Delay1us                 
00004023  Clock_GetFreq                  
00003f0d  Clock_Init48MHz                
20000ec0  Crystalstable                  
20000f50  CurrentX                       
20000f52  CurrentY                       
00005c83  DMA_ERR_IRQHandler             
00005c83  DMA_INT0_IRQHandler            
00005c83  DMA_INT1_IRQHandler            
00005c83  DMA_INT2_IRQHandler            
00005c83  DMA_INT3_IRQHandler            
00005c83  DebugMon_Handler               
00005c83  Default_Handler                
00005bb9  DisableInterrupts              
00005c83  EUSCIA0_IRQHandler             
00005c83  EUSCIA1_IRQHandler             
000043cd  EUSCIA2_IRQHandler             
000043cd  EUSCIA2_IRQHandler             
00005c83  EUSCIA3_IRQHandler             
00005c83  EUSCIB0_IRQHandler             
00005c83  EUSCIB1_IRQHandler             
00005c83  EUSCIB2_IRQHandler             
00005c83  EUSCIB3_IRQHandler             
00005bbf  EnableInterrupts               
00005bcf  EndCritical                    
00005c83  FLCTL_IRQHandler               
00005c83  FPU_IRQHandler                 
00004e21  GPIO_Init                      
00005edd  HCI_EXT_ResetSystemCmd         
0000588d  HOSTclose                      
00005521  HOSTlseek                      
000055f1  HOSTopen                       
000056ad  HOSTread                       
000054b5  HOSTrename                     
000058d1  HOSTunlink                     
00005705  HOSTwrite                      
00005c83  HardFault_Handler              
20000ebc  IFlags                         
00005c83  MemManage_Handler              
20000830  Messageb                       
20000840  Messageindexb                  
00004545  Motor_Backward                 
0000445f  Motor_Forward                  
000044ff  Motor_Left                     
000044b9  Motor_Right                    
00004449  Motor_Stop                     
00003d15  MoveRobot                      
00005c83  NMI_Handler                    
20000e6f  NPI_AddCharDescriptor          
20000f00  NPI_AddCharValue               
20000f1c  NPI_AddService                 
20000f25  NPI_CCCDUpdatedConfirmation    
20000e8f  NPI_GATTSetDeviceName          
00005ef6  NPI_GetStatus                  
00005efc  NPI_GetVersion                 
20000ec4  NPI_ReadConfirmation           
00005f02  NPI_Register                   
20000ed9  NPI_SendNotificationIndication 
00005ecc  NPI_SetAdvertisement1          
20000e28  NPI_SetAdvertisementData       
20000e4d  NPI_SetAdvertisementDataJacki  
00005eb8  NPI_StartAdvertisement         
20000f2e  NPI_WriteConfirmation          
20000844  NoSOFErr                       
20000f4c  NotifyCharacteristicCount      
200007e0  NotifyCharacteristicList       
00005c83  PCM_IRQHandler                 
00005c83  PORT1_IRQHandler               
00005c83  PORT2_IRQHandler               
00005c83  PORT3_IRQHandler               
00005c83  PORT4_IRQHandler               
00005c83  PORT5_IRQHandler               
00005c83  PORT6_IRQHandler               
00005c83  PSS_IRQHandler                 
00005c83  PendSV_Handler                 
00004f6b  Port10_Init                    
00004ee1  Port1_Init                     
00004f01  Port2_Init                     
00004f2b  Port3_Init                     
00004f37  Port4_Init                     
00004f57  Port5_Init                     
00004f63  Port6_Init                     
00004f65  Port7_Init                     
00004f67  Port8_Init                     
00004f69  Port9_Init                     
00004f6d  PortJ_Init                     
20000eb8  Postwait                       
20000eb0  Prewait                        
00005c83  RTC_C_IRQHandler               
20000760  RecvBuf                        
00005c77  Reset_Handler                  
20000520  RxFIFO                         
20000848  RxFifoLost                     
000042fd  RxFifo_Get                     
000042a5  RxFifo_Init                    
000042b7  RxFifo_Put                     
2000084c  RxGetI                         
20000850  RxPutI                         
00000545  SSD1306_Clear                  
00000505  SSD1306_ClearBuffer            
00000f61  SSD1306_Dim                    
00000e1b  SSD1306_DisplayBuffer          
00000405  SSD1306_DrawChar               
000007dd  SSD1306_DrawFastHLine          
00000a01  SSD1306_DrawFastVLine          
00000599  SSD1306_DrawFullImage          
00000289  SSD1306_DrawPixel              
000004b9  SSD1306_DrawString             
00000e17  SSD1306_GetBuffer              
00000d19  SSD1306_GetPixel               
00000183  SSD1306_Init                   
00000f4b  SSD1306_InvertDisplay          
0000100d  SSD1306_OutChar                
000017c7  SSD1306_OutHex7                
00001379  SSD1306_OutSDec                
000016d9  SSD1306_OutSFix1               
00001133  SSD1306_OutString              
0000118d  SSD1306_OutUDec                
0000182d  SSD1306_OutUDec16              
000018c5  SSD1306_OutUDec2               
00001645  SSD1306_OutUFix1               
000017fd  SSD1306_OutUHex7               
000005fd  SSD1306_PrintBMP               
00000f93  SSD1306_SetCursor              
000008ef  SSD1306_drawFastHLineInternal  
00000b19  SSD1306_drawFastVLineInternal  
00000f01  SSD1306_startscrolldiagleft    
00000ebd  SSD1306_startscrolldiagright   
00000e87  SSD1306_startscrollleft        
00000e55  SSD1306_startscrollright       
00000f41  SSD1306_stopscroll             
00005c83  SVC_Handler                    
00005bc5  StartCritical                  
20000864  StartX                         
20000866  StartY                         
00005c83  SysTick_Handler                
20000f64  SystemCoreClock                
000039cd  SystemCoreClockUpdate          
00003c45  SystemInit                     
00005c83  T32_INT1_IRQHandler            
00005c83  T32_INT2_IRQHandler            
00005c83  T32_INTC_IRQHandler            
00005c83  TA0_0_IRQHandler               
00005c83  TA0_N_IRQHandler               
00005c83  TA1_0_IRQHandler               
00005c83  TA1_N_IRQHandler               
00005c83  TA2_0_IRQHandler               
00005c83  TA2_N_IRQHandler               
00005c83  TA3_0_IRQHandler               
00005c83  TA3_N_IRQHandler               
20000854  TimeOutErr                     
0000575d  TimerA0_Init                   
0000579f  TimerA1_Init                   
000057a1  TimerA2_Init                   
000057a3  TimerA3_Init                   
00003347  UART0_InChar                   
000037e1  UART0_InString                 
00003391  UART0_InUDec                   
00003695  UART0_InUHex                   
00003301  UART0_Init                     
00003941  UART0_Initprintf               
00003357  UART0_OutChar                  
00003449  UART0_OutSDec                  
00003373  UART0_OutString                
00003415  UART0_OutUDec                  
0000358f  UART0_OutUDec4                 
000035e9  UART0_OutUDec5                 
00003621  UART0_OutUFix1                 
00003649  UART0_OutUFix2                 
00003759  UART0_OutUHex                  
000037c5  UART0_OutUHex2                 
00004401  UART1_FinishOutput             
0000439f  UART1_InChar                   
00004333  UART1_InStatus                 
00004343  UART1_Init                     
000043b1  UART1_OutChar                  
000043e3  UART1_OutString                
00005c83  UsageFault_Handler             
00003d01  ValueOut                       
4000480c  WDTCTL_SYM                     
00005c83  WDT_A_IRQHandler               
00005bd7  WaitForInterrupt               
00003de3  WriteByteData                  
20000400  __CIOBUF_                      
20010000  __STACK_END                    
00000200  __STACK_SIZE                   
00000400  __SYSMEM_SIZE                  
00006060  __TI_CINIT_Base                
00006070  __TI_CINIT_Limit               
0000604c  __TI_Handler_Table_Base        
00006058  __TI_Handler_Table_Limit       
00005915  __TI_auto_init_nobinit_nopinit 
00005a0d  __TI_cleanup                   
20000f10  __TI_cleanup_ptr               
000053d1  __TI_closefile                 
00005589  __TI_decompress_lzss           
00005c69  __TI_decompress_none           
000057b1  __TI_doflush                   
20000f14  __TI_dtors_ptr                 
20000f18  __TI_enable_exit_profile_output
20000ef0  __TI_ft_end                    
ffffffff  __TI_pprof_out_hndl            
ffffffff  __TI_prof_data_size            
ffffffff  __TI_prof_data_start           
00005a41  __TI_readmsg                   
00000000  __TI_static_base__             
200006c0  __TI_tmpnams                   
0000599d  __TI_writemsg                  
00005c85  __TI_zero_init                 
00005249  __aeabi_cdcmpeq                
00005249  __aeabi_cdcmple                
000052cf  __aeabi_cdrcmple               
00005845  __aeabi_d2iz                   
000040f7  __aeabi_dadd                   
0000470d  __aeabi_ddiv                   
00004b65  __aeabi_dmul                   
000040ed  __aeabi_dsub                   
00005c91  __aeabi_errno_addr             
00005b0d  __aeabi_i2d                    
00005355  __aeabi_memclr                 
00005355  __aeabi_memclr4                
00005355  __aeabi_memclr8                
000051ad  __aeabi_memcpy                 
000051ad  __aeabi_memcpy4                
000051ad  __aeabi_memcpy8                
00005357  __aeabi_memset                 
00005357  __aeabi_memset4                
00005357  __aeabi_memset8                
20000efc  __aeabi_stderr                 
20000ef4  __aeabi_stdin                  
20000ef8  __aeabi_stdout                 
ffffffff  __binit__                      
ffffffff  __c_args__                     
UNDEFED   __mpu_init                     
2000fe00  __stack                        
20000000  __start___llvm_prf_cnts        
20000000  __stop___llvm_prf_cnts         
00005a75  _c_int00_noargs                
20000d60  _device                        
20000c70  _ftable                        
20000f38  _lock                          
000042a3  _nop                           
20000dd8  _stream                        
20000870  _sys_memory                    
UNDEFED   _system_post_cinit             
00005ca1  _system_pre_init               
20000f3c  _unlock                        
00005ca5  abort                          
00005059  add_device                     
00004a65  aligned_alloc                  
ffffffff  binit                          
20000000  buffer                         
00005651  close                          
00005bf9  copysign                       
00005bf9  copysignl                      
00004029  delay                          
20000f58  errno                          
000057fd  exit                           
20000858  fcserr                         
0000387b  ferror                         
0000385b  fgetc                          
00005add  finddevice                     
00005111  fopen                          
00004c61  free                           
00005aa9  freopen                        
00005959  getdevice                      
00000000  interruptVectors               
00004955  ldexp                          
00004955  ldexpl                         
00003df9  main                           
00005c99  malloc                         
00004a65  memalign                       
000051ad  memcpy                         
0000535d  memset                         
00004f9d  open                           
0000379d  outnibble                      
20000838  parmbuf                        
00002931  pow                            
00002931  powl                           
00005b3d  remove                         
2000085c  rotation                       
00004955  scalbn                         
00004955  scalbnl                        
00004d45  setvbuf                        
000045b5  sqrt                           
000045b5  sqrtl                          
0000010f  ssd1306_Testcommandwrite       
0000013b  ssd1306_command                
0000014b  ssd1306_command1               
0000015b  ssd1306_commandList            
00005c2b  strchr                         
00005c13  strcmp                         
00005c41  strcpy                         
00005c55  strlen                         
000059d5  strncpy                        
00003899  uart_close                     
00003917  uart_lseek                     
00003889  uart_open                      
000038ab  uart_read                      
00003933  uart_rename                    
00003927  uart_unlink                    
000038d5  uart_write                     
00005b3d  unlink                         
20000860  vccstate                       
00005b91  write                          


GLOBAL SYMBOLS: SORTED BY Symbol Address 

address   name                           
-------   ----                           
00000000  __TI_static_base__             
00000000  interruptVectors               
0000010f  ssd1306_Testcommandwrite       
0000013b  ssd1306_command                
0000014b  ssd1306_command1               
0000015b  ssd1306_commandList            
00000183  SSD1306_Init                   
00000200  __STACK_SIZE                   
00000289  SSD1306_DrawPixel              
00000400  __SYSMEM_SIZE                  
00000405  SSD1306_DrawChar               
000004b9  SSD1306_DrawString             
00000505  SSD1306_ClearBuffer            
00000545  SSD1306_Clear                  
00000599  SSD1306_DrawFullImage          
000005fd  SSD1306_PrintBMP               
000007dd  SSD1306_DrawFastHLine          
000008ef  SSD1306_drawFastHLineInternal  
00000a01  SSD1306_DrawFastVLine          
00000b19  SSD1306_drawFastVLineInternal  
00000d19  SSD1306_GetPixel               
00000e17  SSD1306_GetBuffer              
00000e1b  SSD1306_DisplayBuffer          
00000e55  SSD1306_startscrollright       
00000e87  SSD1306_startscrollleft        
00000ebd  SSD1306_startscrolldiagright   
00000f01  SSD1306_startscrolldiagleft    
00000f41  SSD1306_stopscroll             
00000f4b  SSD1306_InvertDisplay          
00000f61  SSD1306_Dim                    
00000f93  SSD1306_SetCursor              
0000100d  SSD1306_OutChar                
00001133  SSD1306_OutString              
0000118d  SSD1306_OutUDec                
00001379  SSD1306_OutSDec                
00001645  SSD1306_OutUFix1               
000016d9  SSD1306_OutSFix1               
000017c7  SSD1306_OutHex7                
000017fd  SSD1306_OutUHex7               
0000182d  SSD1306_OutUDec16              
000018c5  SSD1306_OutUDec2               
00001925  AP_Reset                       
0000194f  AP_Init                        
00001a35  AP_GetSize                     
00001a5f  AP_EchoSendMessage             
00001acb  AP_EchoReceived                
00001b51  AP_SendMessage                 
00001ced  AP_RecvMessage                 
00001ec9  AP_RecvStatus                  
00001ed7  AP_SendMessageResponse         
00001f17  AP_GetNotifyCCCD               
00001f2d  AP_AddService                  
00001f65  AP_RegisterService             
00001f85  AP_AddCharacteristic           
00002141  AP_AddNotifyCharacteristic     
00002369  AP_SendNotification            
00002469  AP_StartAdvertisement          
000024bd  AP_StartAdvertisementJacki     
00002525  AP_GetStatus                   
00002561  AP_GetVersion                  
0000264d  AP_BackgroundProcess           
00002931  pow                            
00002931  powl                           
00003301  UART0_Init                     
00003347  UART0_InChar                   
00003357  UART0_OutChar                  
00003373  UART0_OutString                
00003391  UART0_InUDec                   
00003415  UART0_OutUDec                  
00003449  UART0_OutSDec                  
0000358f  UART0_OutUDec4                 
000035e9  UART0_OutUDec5                 
00003621  UART0_OutUFix1                 
00003649  UART0_OutUFix2                 
00003695  UART0_InUHex                   
00003759  UART0_OutUHex                  
0000379d  outnibble                      
000037c5  UART0_OutUHex2                 
000037e1  UART0_InString                 
0000385b  fgetc                          
0000387b  ferror                         
00003889  uart_open                      
00003899  uart_close                     
000038ab  uart_read                      
000038d5  uart_write                     
00003917  uart_lseek                     
00003927  uart_unlink                    
00003933  uart_rename                    
00003941  UART0_Initprintf               
000039cd  SystemCoreClockUpdate          
00003c45  SystemInit                     
00003d01  ValueOut                       
00003d15  MoveRobot                      
00003de3  WriteByteData                  
00003df9  main                           
00003f0d  Clock_Init48MHz                
00004023  Clock_GetFreq                  
00004029  delay                          
00004037  Clock_Delay1us                 
00004061  Clock_Delay1ms                 
000040ed  __aeabi_dsub                   
000040f7  __aeabi_dadd                   
000042a3  _nop                           
000042a5  RxFifo_Init                    
000042b7  RxFifo_Put                     
000042fd  RxFifo_Get                     
00004333  UART1_InStatus                 
00004343  UART1_Init                     
0000439f  UART1_InChar                   
000043b1  UART1_OutChar                  
000043cd  EUSCIA2_IRQHandler             
000043cd  EUSCIA2_IRQHandler             
000043e3  UART1_OutString                
00004401  UART1_FinishOutput             
00004449  Motor_Stop                     
0000445f  Motor_Forward                  
000044b9  Motor_Right                    
000044ff  Motor_Left                     
00004545  Motor_Backward                 
000045b5  sqrt                           
000045b5  sqrtl                          
0000470d  __aeabi_ddiv                   
00004955  ldexp                          
00004955  ldexpl                         
00004955  scalbn                         
00004955  scalbnl                        
00004a65  aligned_alloc                  
00004a65  memalign                       
00004b65  __aeabi_dmul                   
00004c61  free                           
00004d45  setvbuf                        
00004e21  GPIO_Init                      
00004ee1  Port1_Init                     
00004f01  Port2_Init                     
00004f2b  Port3_Init                     
00004f37  Port4_Init                     
00004f57  Port5_Init                     
00004f63  Port6_Init                     
00004f65  Port7_Init                     
00004f67  Port8_Init                     
00004f69  Port9_Init                     
00004f6b  Port10_Init                    
00004f6d  PortJ_Init                     
00004f9d  open                           
00005059  add_device                     
00005111  fopen                          
000051ad  __aeabi_memcpy                 
000051ad  __aeabi_memcpy4                
000051ad  __aeabi_memcpy8                
000051ad  memcpy                         
00005249  __aeabi_cdcmpeq                
00005249  __aeabi_cdcmple                
000052cf  __aeabi_cdrcmple               
00005355  __aeabi_memclr                 
00005355  __aeabi_memclr4                
00005355  __aeabi_memclr8                
00005357  __aeabi_memset                 
00005357  __aeabi_memset4                
00005357  __aeabi_memset8                
0000535d  memset                         
000053d1  __TI_closefile                 
000054b5  HOSTrename                     
00005521  HOSTlseek                      
00005589  __TI_decompress_lzss           
000055f1  HOSTopen                       
00005651  close                          
000056ad  HOSTread                       
00005705  HOSTwrite                      
0000575d  TimerA0_Init                   
0000579f  TimerA1_Init                   
000057a1  TimerA2_Init                   
000057a3  TimerA3_Init                   
000057b1  __TI_doflush                   
000057fd  exit                           
00005845  __aeabi_d2iz                   
0000588d  HOSTclose                      
000058d1  HOSTunlink                     
00005915  __TI_auto_init_nobinit_nopinit 
00005959  getdevice                      
0000599d  __TI_writemsg                  
000059cb  C$$IO$$                        
000059d5  strncpy                        
00005a0d  __TI_cleanup                   
00005a41  __TI_readmsg                   
00005a75  _c_int00_noargs                
00005aa9  freopen                        
00005add  finddevice                     
00005b0d  __aeabi_i2d                    
00005b3d  remove                         
00005b3d  unlink                         
00005b91  write                          
00005bb9  DisableInterrupts              
00005bbf  EnableInterrupts               
00005bc5  StartCritical                  
00005bcf  EndCritical                    
00005bd7  WaitForInterrupt               
00005bf9  copysign                       
00005bf9  copysignl                      
00005c13  strcmp                         
00005c2b  strchr                         
00005c41  strcpy                         
00005c55  strlen                         
00005c69  __TI_decompress_none           
00005c77  Reset_Handler                  
00005c83  ADC14_IRQHandler               
00005c83  AES256_IRQHandler              
00005c83  BusFault_Handler               
00005c83  COMP_E0_IRQHandler             
00005c83  COMP_E1_IRQHandler             
00005c83  CS_IRQHandler                  
00005c83  DMA_ERR_IRQHandler             
00005c83  DMA_INT0_IRQHandler            
00005c83  DMA_INT1_IRQHandler            
00005c83  DMA_INT2_IRQHandler            
00005c83  DMA_INT3_IRQHandler            
00005c83  DebugMon_Handler               
00005c83  Default_Handler                
00005c83  EUSCIA0_IRQHandler             
00005c83  EUSCIA1_IRQHandler             
00005c83  EUSCIA3_IRQHandler             
00005c83  EUSCIB0_IRQHandler             
00005c83  EUSCIB1_IRQHandler             
00005c83  EUSCIB2_IRQHandler             
00005c83  EUSCIB3_IRQHandler             
00005c83  FLCTL_IRQHandler               
00005c83  FPU_IRQHandler                 
00005c83  HardFault_Handler              
00005c83  MemManage_Handler              
00005c83  NMI_Handler                    
00005c83  PCM_IRQHandler                 
00005c83  PORT1_IRQHandler               
00005c83  PORT2_IRQHandler               
00005c83  PORT3_IRQHandler               
00005c83  PORT4_IRQHandler               
00005c83  PORT5_IRQHandler               
00005c83  PORT6_IRQHandler               
00005c83  PSS_IRQHandler                 
00005c83  PendSV_Handler                 
00005c83  RTC_C_IRQHandler               
00005c83  SVC_Handler                    
00005c83  SysTick_Handler                
00005c83  T32_INT1_IRQHandler            
00005c83  T32_INT2_IRQHandler            
00005c83  T32_INTC_IRQHandler            
00005c83  TA0_0_IRQHandler               
00005c83  TA0_N_IRQHandler               
00005c83  TA1_0_IRQHandler               
00005c83  TA1_N_IRQHandler               
00005c83  TA2_0_IRQHandler               
00005c83  TA2_N_IRQHandler               
00005c83  TA3_0_IRQHandler               
00005c83  TA3_N_IRQHandler               
00005c83  UsageFault_Handler             
00005c83  WDT_A_IRQHandler               
00005c85  __TI_zero_init                 
00005c91  __aeabi_errno_addr             
00005c99  malloc                         
00005ca1  _system_pre_init               
00005ca5  C$$EXIT                        
00005ca5  abort                          
00005eb8  NPI_StartAdvertisement         
00005ecc  NPI_SetAdvertisement1          
00005edd  HCI_EXT_ResetSystemCmd         
00005ef6  NPI_GetStatus                  
00005efc  NPI_GetVersion                 
00005f02  NPI_Register                   
0000604c  __TI_Handler_Table_Base        
00006058  __TI_Handler_Table_Limit       
00006060  __TI_CINIT_Base                
00006070  __TI_CINIT_Limit               
20000000  __start___llvm_prf_cnts        
20000000  __stop___llvm_prf_cnts         
20000000  buffer                         
20000400  __CIOBUF_                      
20000520  RxFIFO                         
20000620  CharacteristicList             
200006c0  __TI_tmpnams                   
20000760  RecvBuf                        
200007e0  NotifyCharacteristicList       
20000830  Messageb                       
20000838  parmbuf                        
20000840  Messageindexb                  
20000844  NoSOFErr                       
20000848  RxFifoLost                     
2000084c  RxGetI                         
20000850  RxPutI                         
20000854  TimeOutErr                     
20000858  fcserr                         
2000085c  rotation                       
20000860  vccstate                       
20000864  StartX                         
20000866  StartY                         
20000868  BT_ByteData                    
20000870  _sys_memory                    
20000c70  _ftable                        
20000d60  _device                        
20000dd8  _stream                        
20000e28  NPI_SetAdvertisementData       
20000e4d  NPI_SetAdvertisementDataJacki  
20000e6f  NPI_AddCharDescriptor          
20000e8f  NPI_GATTSetDeviceName          
20000eac  ClockFrequency                 
20000eb0  Prewait                        
20000eb4  CPMwait                        
20000eb8  Postwait                       
20000ebc  IFlags                         
20000ec0  Crystalstable                  
20000ec4  NPI_ReadConfirmation           
20000ed9  NPI_SendNotificationIndication 
20000ef0  __TI_ft_end                    
20000ef4  __aeabi_stdin                  
20000ef8  __aeabi_stdout                 
20000efc  __aeabi_stderr                 
20000f00  NPI_AddCharValue               
20000f10  __TI_cleanup_ptr               
20000f14  __TI_dtors_ptr                 
20000f18  __TI_enable_exit_profile_output
20000f1c  NPI_AddService                 
20000f25  NPI_CCCDUpdatedConfirmation    
20000f2e  NPI_WriteConfirmation          
20000f38  _lock                          
20000f3c  _unlock                        
20000f48  CharacteristicCount            
20000f4c  NotifyCharacteristicCount      
20000f50  CurrentX                       
20000f52  CurrentY                       
20000f58  errno                          
20000f64  SystemCoreClock                
2000fe00  __stack                        
20010000  __STACK_END                    
4000480c  WDTCTL_SYM                     
ffffffff  __TI_pprof_out_hndl            
ffffffff  __TI_prof_data_size            
ffffffff  __TI_prof_data_start           
ffffffff  __binit__                      
ffffffff  __c_args__                     
ffffffff  binit                          
UNDEFED   __mpu_init                     
UNDEFED   _system_post_cinit             

[339 symbols]
