<?xml version="1.0" encoding="ISO-8859-1" ?>
<link_info>
   <banner>TI ARM Linker PC v20.2.7.LTS</banner>
   <copyright>Copyright (c) 1996-2018 Texas Instruments Incorporated</copyright>
   <link_time>0x65f88ee3</link_time>
   <link_errors>0x0</link_errors>
   <output_file>Lab6_BLE.out</output_file>
   <entry_point>
      <name>_c_int00_noargs</name>
      <address>0x5a75</address>
   </entry_point>
   <input_file_list>
      <input_file id="fl-2">
         <path>.\</path>
         <kind>object</kind>
         <file>AP.obj</file>
         <name>AP.obj</name>
      </input_file>
      <input_file id="fl-3">
         <path>.\</path>
         <kind>object</kind>
         <file>Clock.obj</file>
         <name>Clock.obj</name>
      </input_file>
      <input_file id="fl-4">
         <path>.\</path>
         <kind>object</kind>
         <file>CortexM.obj</file>
         <name>CortexM.obj</name>
      </input_file>
      <input_file id="fl-5">
         <path>.\</path>
         <kind>object</kind>
         <file>GPIO.obj</file>
         <name>GPIO.obj</name>
      </input_file>
      <input_file id="fl-6">
         <path>.\</path>
         <kind>object</kind>
         <file>Init_Ports.obj</file>
         <name>Init_Ports.obj</name>
      </input_file>
      <input_file id="fl-7">
         <path>.\</path>
         <kind>object</kind>
         <file>Init_Timers.obj</file>
         <name>Init_Timers.obj</name>
      </input_file>
      <input_file id="fl-8">
         <path>.\</path>
         <kind>object</kind>
         <file>Lab6_BLEmain.obj</file>
         <name>Lab6_BLEmain.obj</name>
      </input_file>
      <input_file id="fl-9">
         <path>.\</path>
         <kind>object</kind>
         <file>LaunchPad.obj</file>
         <name>LaunchPad.obj</name>
      </input_file>
      <input_file id="fl-a">
         <path>.\</path>
         <kind>object</kind>
         <file>Motor.obj</file>
         <name>Motor.obj</name>
      </input_file>
      <input_file id="fl-b">
         <path>.\</path>
         <kind>object</kind>
         <file>SSD1306.obj</file>
         <name>SSD1306.obj</name>
      </input_file>
      <input_file id="fl-c">
         <path>.\</path>
         <kind>object</kind>
         <file>UART0.obj</file>
         <name>UART0.obj</name>
      </input_file>
      <input_file id="fl-d">
         <path>.\</path>
         <kind>object</kind>
         <file>UART1.obj</file>
         <name>UART1.obj</name>
      </input_file>
      <input_file id="fl-e">
         <path>.\</path>
         <kind>object</kind>
         <file>VerySimpleBLEmain.obj</file>
         <name>VerySimpleBLEmain.obj</name>
      </input_file>
      <input_file id="fl-f">
         <path>.\</path>
         <kind>object</kind>
         <file>startup_msp432p401r_ccs.obj</file>
         <name>startup_msp432p401r_ccs.obj</name>
      </input_file>
      <input_file id="fl-10">
         <path>.\</path>
         <kind>object</kind>
         <file>system_msp432p401r.obj</file>
         <name>system_msp432p401r.obj</name>
      </input_file>
      <input_file id="fl-14">
         <kind>object</kind>
         <file>&lt;internal&gt;</file>
         <name>&lt;internal&gt;</name>
      </input_file>
      <input_file id="fl-ca">
         <path>C:\ti\ccs1110\ccs\tools\compiler\ti-cgt-arm_20.2.7.LTS\lib\</path>
         <kind>archive</kind>
         <file>rtsv7M4_T_le_v4SPD16_eabi.lib</file>
         <name>e_pow.c.obj</name>
      </input_file>
      <input_file id="fl-cb">
         <path>C:\ti\ccs1110\ccs\tools\compiler\ti-cgt-arm_20.2.7.LTS\lib\</path>
         <kind>archive</kind>
         <file>rtsv7M4_T_le_v4SPD16_eabi.lib</file>
         <name>e_sqrt.c.obj</name>
      </input_file>
      <input_file id="fl-cc">
         <path>C:\ti\ccs1110\ccs\tools\compiler\ti-cgt-arm_20.2.7.LTS\lib\</path>
         <kind>archive</kind>
         <file>rtsv7M4_T_le_v4SPD16_eabi.lib</file>
         <name>s_scalbn.c.obj</name>
      </input_file>
      <input_file id="fl-cd">
         <path>C:\ti\ccs1110\ccs\tools\compiler\ti-cgt-arm_20.2.7.LTS\lib\</path>
         <kind>archive</kind>
         <file>rtsv7M4_T_le_v4SPD16_eabi.lib</file>
         <name>fopen.c.obj</name>
      </input_file>
      <input_file id="fl-ce">
         <path>C:\ti\ccs1110\ccs\tools\compiler\ti-cgt-arm_20.2.7.LTS\lib\</path>
         <kind>archive</kind>
         <file>rtsv7M4_T_le_v4SPD16_eabi.lib</file>
         <name>setvbuf.c.obj</name>
      </input_file>
      <input_file id="fl-cf">
         <path>C:\ti\ccs1110\ccs\tools\compiler\ti-cgt-arm_20.2.7.LTS\lib\</path>
         <kind>archive</kind>
         <file>rtsv7M4_T_le_v4SPD16_eabi.lib</file>
         <name>fd_add_t2.asm.obj</name>
      </input_file>
      <input_file id="fl-d0">
         <path>C:\ti\ccs1110\ccs\tools\compiler\ti-cgt-arm_20.2.7.LTS\lib\</path>
         <kind>archive</kind>
         <file>rtsv7M4_T_le_v4SPD16_eabi.lib</file>
         <name>fd_cmp_t2.asm.obj</name>
      </input_file>
      <input_file id="fl-d1">
         <path>C:\ti\ccs1110\ccs\tools\compiler\ti-cgt-arm_20.2.7.LTS\lib\</path>
         <kind>archive</kind>
         <file>rtsv7M4_T_le_v4SPD16_eabi.lib</file>
         <name>fd_div_t2.asm.obj</name>
      </input_file>
      <input_file id="fl-d2">
         <path>C:\ti\ccs1110\ccs\tools\compiler\ti-cgt-arm_20.2.7.LTS\lib\</path>
         <kind>archive</kind>
         <file>rtsv7M4_T_le_v4SPD16_eabi.lib</file>
         <name>fd_mul_t2.asm.obj</name>
      </input_file>
      <input_file id="fl-d3">
         <path>C:\ti\ccs1110\ccs\tools\compiler\ti-cgt-arm_20.2.7.LTS\lib\</path>
         <kind>archive</kind>
         <file>rtsv7M4_T_le_v4SPD16_eabi.lib</file>
         <name>fd_toi_t2.asm.obj</name>
      </input_file>
      <input_file id="fl-d4">
         <path>C:\ti\ccs1110\ccs\tools\compiler\ti-cgt-arm_20.2.7.LTS\lib\</path>
         <kind>archive</kind>
         <file>rtsv7M4_T_le_v4SPD16_eabi.lib</file>
         <name>i_tofd_t2.asm.obj</name>
      </input_file>
      <input_file id="fl-d5">
         <path>C:\ti\ccs1110\ccs\tools\compiler\ti-cgt-arm_20.2.7.LTS\lib\</path>
         <kind>archive</kind>
         <file>rtsv7M4_T_le_v4SPD16_eabi.lib</file>
         <name>memset_t2.asm.obj</name>
      </input_file>
      <input_file id="fl-d6">
         <path>C:\ti\ccs1110\ccs\tools\compiler\ti-cgt-arm_20.2.7.LTS\lib\</path>
         <kind>archive</kind>
         <file>rtsv7M4_T_le_v4SPD16_eabi.lib</file>
         <name>copy_zero_init.c.obj</name>
      </input_file>
      <input_file id="fl-d7">
         <path>C:\ti\ccs1110\ccs\tools\compiler\ti-cgt-arm_20.2.7.LTS\lib\</path>
         <kind>archive</kind>
         <file>rtsv7M4_T_le_v4SPD16_eabi.lib</file>
         <name>copy_decompress_none.c.obj</name>
      </input_file>
      <input_file id="fl-d8">
         <path>C:\ti\ccs1110\ccs\tools\compiler\ti-cgt-arm_20.2.7.LTS\lib\</path>
         <kind>archive</kind>
         <file>rtsv7M4_T_le_v4SPD16_eabi.lib</file>
         <name>copy_decompress_lzss.c.obj</name>
      </input_file>
      <input_file id="fl-d9">
         <path>C:\ti\ccs1110\ccs\tools\compiler\ti-cgt-arm_20.2.7.LTS\lib\</path>
         <kind>archive</kind>
         <file>rtsv7M4_T_le_v4SPD16_eabi.lib</file>
         <name>exit.c.obj</name>
      </input_file>
      <input_file id="fl-da">
         <path>C:\ti\ccs1110\ccs\tools\compiler\ti-cgt-arm_20.2.7.LTS\lib\</path>
         <kind>archive</kind>
         <file>rtsv7M4_T_le_v4SPD16_eabi.lib</file>
         <name>_lock.c.obj</name>
      </input_file>
      <input_file id="fl-db">
         <path>C:\ti\ccs1110\ccs\tools\compiler\ti-cgt-arm_20.2.7.LTS\lib\</path>
         <kind>archive</kind>
         <file>rtsv7M4_T_le_v4SPD16_eabi.lib</file>
         <name>defs.c.obj</name>
      </input_file>
      <input_file id="fl-dc">
         <path>C:\ti\ccs1110\ccs\tools\compiler\ti-cgt-arm_20.2.7.LTS\lib\</path>
         <kind>archive</kind>
         <file>rtsv7M4_T_le_v4SPD16_eabi.lib</file>
         <name>memory.c.obj</name>
      </input_file>
      <input_file id="fl-dd">
         <path>C:\ti\ccs1110\ccs\tools\compiler\ti-cgt-arm_20.2.7.LTS\lib\</path>
         <kind>archive</kind>
         <file>rtsv7M4_T_le_v4SPD16_eabi.lib</file>
         <name>boot_cortex_m.c.obj</name>
      </input_file>
      <input_file id="fl-de">
         <path>C:\ti\ccs1110\ccs\tools\compiler\ti-cgt-arm_20.2.7.LTS\lib\</path>
         <kind>archive</kind>
         <file>rtsv7M4_T_le_v4SPD16_eabi.lib</file>
         <name>open.c.obj</name>
      </input_file>
      <input_file id="fl-df">
         <path>C:\ti\ccs1110\ccs\tools\compiler\ti-cgt-arm_20.2.7.LTS\lib\</path>
         <kind>archive</kind>
         <file>rtsv7M4_T_le_v4SPD16_eabi.lib</file>
         <name>add_device.c.obj</name>
      </input_file>
      <input_file id="fl-e0">
         <path>C:\ti\ccs1110\ccs\tools\compiler\ti-cgt-arm_20.2.7.LTS\lib\</path>
         <kind>archive</kind>
         <file>rtsv7M4_T_le_v4SPD16_eabi.lib</file>
         <name>errno.c.obj</name>
      </input_file>
      <input_file id="fl-e1">
         <path>C:\ti\ccs1110\ccs\tools\compiler\ti-cgt-arm_20.2.7.LTS\lib\</path>
         <kind>archive</kind>
         <file>rtsv7M4_T_le_v4SPD16_eabi.lib</file>
         <name>s_copysign.c.obj</name>
      </input_file>
      <input_file id="fl-e2">
         <path>C:\ti\ccs1110\ccs\tools\compiler\ti-cgt-arm_20.2.7.LTS\lib\</path>
         <kind>archive</kind>
         <file>rtsv7M4_T_le_v4SPD16_eabi.lib</file>
         <name>fclose.c.obj</name>
      </input_file>
      <input_file id="fl-e3">
         <path>C:\ti\ccs1110\ccs\tools\compiler\ti-cgt-arm_20.2.7.LTS\lib\</path>
         <kind>archive</kind>
         <file>rtsv7M4_T_le_v4SPD16_eabi.lib</file>
         <name>fflush.c.obj</name>
      </input_file>
      <input_file id="fl-e4">
         <path>C:\ti\ccs1110\ccs\tools\compiler\ti-cgt-arm_20.2.7.LTS\lib\</path>
         <kind>archive</kind>
         <file>rtsv7M4_T_le_v4SPD16_eabi.lib</file>
         <name>getdevice.c.obj</name>
      </input_file>
      <input_file id="fl-e5">
         <path>C:\ti\ccs1110\ccs\tools\compiler\ti-cgt-arm_20.2.7.LTS\lib\</path>
         <kind>archive</kind>
         <file>rtsv7M4_T_le_v4SPD16_eabi.lib</file>
         <name>memcpy_t2.asm.obj</name>
      </input_file>
      <input_file id="fl-e6">
         <path>C:\ti\ccs1110\ccs\tools\compiler\ti-cgt-arm_20.2.7.LTS\lib\</path>
         <kind>archive</kind>
         <file>rtsv7M4_T_le_v4SPD16_eabi.lib</file>
         <name>autoinit.c.obj</name>
      </input_file>
      <input_file id="fl-e7">
         <path>C:\ti\ccs1110\ccs\tools\compiler\ti-cgt-arm_20.2.7.LTS\lib\</path>
         <kind>archive</kind>
         <file>rtsv7M4_T_le_v4SPD16_eabi.lib</file>
         <name>pre_init.c.obj</name>
      </input_file>
      <input_file id="fl-e8">
         <path>C:\ti\ccs1110\ccs\tools\compiler\ti-cgt-arm_20.2.7.LTS\lib\</path>
         <kind>archive</kind>
         <file>rtsv7M4_T_le_v4SPD16_eabi.lib</file>
         <name>cpy_tbl.c.obj</name>
      </input_file>
      <input_file id="fl-e9">
         <path>C:\ti\ccs1110\ccs\tools\compiler\ti-cgt-arm_20.2.7.LTS\lib\</path>
         <kind>archive</kind>
         <file>rtsv7M4_T_le_v4SPD16_eabi.lib</file>
         <name>args_main.c.obj</name>
      </input_file>
      <input_file id="fl-ea">
         <path>C:\ti\ccs1110\ccs\tools\compiler\ti-cgt-arm_20.2.7.LTS\lib\</path>
         <kind>archive</kind>
         <file>rtsv7M4_T_le_v4SPD16_eabi.lib</file>
         <name>strchr.c.obj</name>
      </input_file>
      <input_file id="fl-eb">
         <path>C:\ti\ccs1110\ccs\tools\compiler\ti-cgt-arm_20.2.7.LTS\lib\</path>
         <kind>archive</kind>
         <file>rtsv7M4_T_le_v4SPD16_eabi.lib</file>
         <name>strcmp.c.obj</name>
      </input_file>
      <input_file id="fl-ec">
         <path>C:\ti\ccs1110\ccs\tools\compiler\ti-cgt-arm_20.2.7.LTS\lib\</path>
         <kind>archive</kind>
         <file>rtsv7M4_T_le_v4SPD16_eabi.lib</file>
         <name>strncpy.c.obj</name>
      </input_file>
      <input_file id="fl-ed">
         <path>C:\ti\ccs1110\ccs\tools\compiler\ti-cgt-arm_20.2.7.LTS\lib\</path>
         <kind>archive</kind>
         <file>rtsv7M4_T_le_v4SPD16_eabi.lib</file>
         <name>write.c.obj</name>
      </input_file>
      <input_file id="fl-ee">
         <path>C:\ti\ccs1110\ccs\tools\compiler\ti-cgt-arm_20.2.7.LTS\lib\</path>
         <kind>archive</kind>
         <file>rtsv7M4_T_le_v4SPD16_eabi.lib</file>
         <name>host_device.c.obj</name>
      </input_file>
      <input_file id="fl-ef">
         <path>C:\ti\ccs1110\ccs\tools\compiler\ti-cgt-arm_20.2.7.LTS\lib\</path>
         <kind>archive</kind>
         <file>rtsv7M4_T_le_v4SPD16_eabi.lib</file>
         <name>remove.c.obj</name>
      </input_file>
      <input_file id="fl-f0">
         <path>C:\ti\ccs1110\ccs\tools\compiler\ti-cgt-arm_20.2.7.LTS\lib\</path>
         <kind>archive</kind>
         <file>rtsv7M4_T_le_v4SPD16_eabi.lib</file>
         <name>close.c.obj</name>
      </input_file>
      <input_file id="fl-f1">
         <path>C:\ti\ccs1110\ccs\tools\compiler\ti-cgt-arm_20.2.7.LTS\lib\</path>
         <kind>archive</kind>
         <file>rtsv7M4_T_le_v4SPD16_eabi.lib</file>
         <name>unlink.c.obj</name>
      </input_file>
      <input_file id="fl-f2">
         <path>C:\ti\ccs1110\ccs\tools\compiler\ti-cgt-arm_20.2.7.LTS\lib\</path>
         <kind>archive</kind>
         <file>rtsv7M4_T_le_v4SPD16_eabi.lib</file>
         <name>hostclose.c.obj</name>
      </input_file>
      <input_file id="fl-f3">
         <path>C:\ti\ccs1110\ccs\tools\compiler\ti-cgt-arm_20.2.7.LTS\lib\</path>
         <kind>archive</kind>
         <file>rtsv7M4_T_le_v4SPD16_eabi.lib</file>
         <name>hostlseek.c.obj</name>
      </input_file>
      <input_file id="fl-f4">
         <path>C:\ti\ccs1110\ccs\tools\compiler\ti-cgt-arm_20.2.7.LTS\lib\</path>
         <kind>archive</kind>
         <file>rtsv7M4_T_le_v4SPD16_eabi.lib</file>
         <name>hostopen.c.obj</name>
      </input_file>
      <input_file id="fl-f5">
         <path>C:\ti\ccs1110\ccs\tools\compiler\ti-cgt-arm_20.2.7.LTS\lib\</path>
         <kind>archive</kind>
         <file>rtsv7M4_T_le_v4SPD16_eabi.lib</file>
         <name>hostread.c.obj</name>
      </input_file>
      <input_file id="fl-f6">
         <path>C:\ti\ccs1110\ccs\tools\compiler\ti-cgt-arm_20.2.7.LTS\lib\</path>
         <kind>archive</kind>
         <file>rtsv7M4_T_le_v4SPD16_eabi.lib</file>
         <name>hostrename.c.obj</name>
      </input_file>
      <input_file id="fl-f7">
         <path>C:\ti\ccs1110\ccs\tools\compiler\ti-cgt-arm_20.2.7.LTS\lib\</path>
         <kind>archive</kind>
         <file>rtsv7M4_T_le_v4SPD16_eabi.lib</file>
         <name>hostunlink.c.obj</name>
      </input_file>
      <input_file id="fl-f8">
         <path>C:\ti\ccs1110\ccs\tools\compiler\ti-cgt-arm_20.2.7.LTS\lib\</path>
         <kind>archive</kind>
         <file>rtsv7M4_T_le_v4SPD16_eabi.lib</file>
         <name>hostwrite.c.obj</name>
      </input_file>
      <input_file id="fl-f9">
         <path>C:\ti\ccs1110\ccs\tools\compiler\ti-cgt-arm_20.2.7.LTS\lib\</path>
         <kind>archive</kind>
         <file>rtsv7M4_T_le_v4SPD16_eabi.lib</file>
         <name>trgmsg.c.obj</name>
      </input_file>
      <input_file id="fl-fa">
         <path>C:\ti\ccs1110\ccs\tools\compiler\ti-cgt-arm_20.2.7.LTS\lib\</path>
         <kind>archive</kind>
         <file>rtsv7M4_T_le_v4SPD16_eabi.lib</file>
         <name>strcpy.c.obj</name>
      </input_file>
      <input_file id="fl-fb">
         <path>C:\ti\ccs1110\ccs\tools\compiler\ti-cgt-arm_20.2.7.LTS\lib\</path>
         <kind>archive</kind>
         <file>rtsv7M4_T_le_v4SPD16_eabi.lib</file>
         <name>strlen.c.obj</name>
      </input_file>
   </input_file_list>
   <object_component_list>
      <object_component id="oc-26">
         <name>.intvecs:retain</name>
         <load_address>0x0</load_address>
         <run_address>0x0</run_address>
         <size>0xe4</size>
         <input_file_ref idref="fl-f"/>
      </object_component>
      <object_component id="oc-f4">
         <name>.text</name>
         <load_address>0xe4</load_address>
         <run_address>0xe4</run_address>
         <size>0x1840</size>
         <input_file_ref idref="fl-b"/>
      </object_component>
      <object_component id="oc-112">
         <name>.text</name>
         <load_address>0x1924</load_address>
         <run_address>0x1924</run_address>
         <size>0x100c</size>
         <input_file_ref idref="fl-2"/>
      </object_component>
      <object_component id="oc-1e0">
         <name>.text:pow</name>
         <load_address>0x2930</load_address>
         <run_address>0x2930</run_address>
         <size>0x9d0</size>
         <input_file_ref idref="fl-ca"/>
      </object_component>
      <object_component id="oc-e8">
         <name>.text</name>
         <load_address>0x3300</load_address>
         <run_address>0x3300</run_address>
         <size>0x6cc</size>
         <input_file_ref idref="fl-c"/>
      </object_component>
      <object_component id="oc-b2">
         <name>.text</name>
         <load_address>0x39cc</load_address>
         <run_address>0x39cc</run_address>
         <size>0x334</size>
         <input_file_ref idref="fl-10"/>
      </object_component>
      <object_component id="oc-a0">
         <name>.text</name>
         <load_address>0x3d00</load_address>
         <run_address>0x3d00</run_address>
         <size>0x20c</size>
         <input_file_ref idref="fl-8"/>
      </object_component>
      <object_component id="oc-100">
         <name>.text</name>
         <load_address>0x3f0c</load_address>
         <run_address>0x3f0c</run_address>
         <size>0x1e0</size>
         <input_file_ref idref="fl-3"/>
      </object_component>
      <object_component id="oc-2d4">
         <name>.text</name>
         <load_address>0x40ec</load_address>
         <run_address>0x40ec</run_address>
         <size>0x1b6</size>
         <input_file_ref idref="fl-cf"/>
      </object_component>
      <object_component id="oc-332">
         <name>.text:_nop</name>
         <load_address>0x42a2</load_address>
         <run_address>0x42a2</run_address>
         <size>0x2</size>
         <input_file_ref idref="fl-da"/>
      </object_component>
      <object_component id="oc-70">
         <name>.text</name>
         <load_address>0x42a4</load_address>
         <run_address>0x42a4</run_address>
         <size>0x1a4</size>
         <input_file_ref idref="fl-d"/>
      </object_component>
      <object_component id="oc-ee">
         <name>.text</name>
         <load_address>0x4448</load_address>
         <run_address>0x4448</run_address>
         <size>0x16c</size>
         <input_file_ref idref="fl-a"/>
      </object_component>
      <object_component id="oc-2de">
         <name>.text:sqrt</name>
         <load_address>0x45b4</load_address>
         <run_address>0x45b4</run_address>
         <size>0x158</size>
         <input_file_ref idref="fl-cb"/>
      </object_component>
      <object_component id="oc-2d9">
         <name>.text</name>
         <load_address>0x470c</load_address>
         <run_address>0x470c</run_address>
         <size>0x136</size>
         <input_file_ref idref="fl-d1"/>
      </object_component>
      <object_component id="oc-277">
         <name>.text:_openfile</name>
         <load_address>0x4844</load_address>
         <run_address>0x4844</run_address>
         <size>0x110</size>
         <input_file_ref idref="fl-cd"/>
      </object_component>
      <object_component id="oc-2fc">
         <name>.text:scalbn</name>
         <load_address>0x4954</load_address>
         <run_address>0x4954</run_address>
         <size>0x110</size>
         <input_file_ref idref="fl-cc"/>
      </object_component>
      <object_component id="oc-3c6">
         <name>.text:aligned_alloc</name>
         <load_address>0x4a64</load_address>
         <run_address>0x4a64</run_address>
         <size>0x100</size>
         <input_file_ref idref="fl-dc"/>
      </object_component>
      <object_component id="oc-2ea">
         <name>.text</name>
         <load_address>0x4b64</load_address>
         <run_address>0x4b64</run_address>
         <size>0xfc</size>
         <input_file_ref idref="fl-d2"/>
      </object_component>
      <object_component id="oc-28a">
         <name>.text:free</name>
         <load_address>0x4c60</load_address>
         <run_address>0x4c60</run_address>
         <size>0xe4</size>
         <input_file_ref idref="fl-dc"/>
      </object_component>
      <object_component id="oc-187">
         <name>.text:setvbuf</name>
         <load_address>0x4d44</load_address>
         <run_address>0x4d44</run_address>
         <size>0xdc</size>
         <input_file_ref idref="fl-ce"/>
      </object_component>
      <object_component id="oc-1f3">
         <name>.text</name>
         <load_address>0x4e20</load_address>
         <run_address>0x4e20</run_address>
         <size>0xc0</size>
         <input_file_ref idref="fl-5"/>
      </object_component>
      <object_component id="oc-106">
         <name>.text</name>
         <load_address>0x4ee0</load_address>
         <run_address>0x4ee0</run_address>
         <size>0xbc</size>
         <input_file_ref idref="fl-6"/>
      </object_component>
      <object_component id="oc-394">
         <name>.text:open</name>
         <load_address>0x4f9c</load_address>
         <run_address>0x4f9c</run_address>
         <size>0xbc</size>
         <input_file_ref idref="fl-de"/>
      </object_component>
      <object_component id="oc-175">
         <name>.text:add_device</name>
         <load_address>0x5058</load_address>
         <run_address>0x5058</run_address>
         <size>0xb8</size>
         <input_file_ref idref="fl-df"/>
      </object_component>
      <object_component id="oc-17b">
         <name>.text:fopen</name>
         <load_address>0x5110</load_address>
         <run_address>0x5110</run_address>
         <size>0x9c</size>
         <input_file_ref idref="fl-cd"/>
      </object_component>
      <object_component id="oc-3a">
         <name>.text</name>
         <load_address>0x51ac</load_address>
         <run_address>0x51ac</run_address>
         <size>0x9c</size>
         <input_file_ref idref="fl-e5"/>
      </object_component>
      <object_component id="oc-2f2">
         <name>.text:__aeabi_cdcmple</name>
         <load_address>0x5248</load_address>
         <run_address>0x5248</run_address>
         <size>0x86</size>
         <input_file_ref idref="fl-d0"/>
      </object_component>
      <object_component id="oc-2f7">
         <name>.text:__aeabi_cdrcmple</name>
         <load_address>0x52ce</load_address>
         <run_address>0x52ce</run_address>
         <size>0x86</size>
         <input_file_ref idref="fl-d0"/>
      </object_component>
      <object_component id="oc-94">
         <name>.text</name>
         <load_address>0x5354</load_address>
         <run_address>0x5354</run_address>
         <size>0x7a</size>
         <input_file_ref idref="fl-d5"/>
      </object_component>
      <object_component id="oc-283">
         <name>.text:__TI_closefile</name>
         <load_address>0x53d0</load_address>
         <run_address>0x53d0</run_address>
         <size>0x74</size>
         <input_file_ref idref="fl-e2"/>
      </object_component>
      <object_component id="oc-457">
         <name>.text:split</name>
         <load_address>0x5444</load_address>
         <run_address>0x5444</run_address>
         <size>0x70</size>
         <input_file_ref idref="fl-dc"/>
      </object_component>
      <object_component id="oc-37f">
         <name>.text:HOSTrename</name>
         <load_address>0x54b4</load_address>
         <run_address>0x54b4</run_address>
         <size>0x6c</size>
         <input_file_ref idref="fl-f6"/>
      </object_component>
      <object_component id="oc-373">
         <name>.text:HOSTlseek</name>
         <load_address>0x5520</load_address>
         <run_address>0x5520</run_address>
         <size>0x68</size>
         <input_file_ref idref="fl-f3"/>
      </object_component>
      <object_component id="oc-17">
         <name>.text:decompress:lzss:__TI_decompress_lzss</name>
         <load_address>0x5588</load_address>
         <run_address>0x5588</run_address>
         <size>0x68</size>
         <input_file_ref idref="fl-d8"/>
      </object_component>
      <object_component id="oc-35b">
         <name>.text:HOSTopen</name>
         <load_address>0x55f0</load_address>
         <run_address>0x55f0</run_address>
         <size>0x60</size>
         <input_file_ref idref="fl-f4"/>
      </object_component>
      <object_component id="oc-3aa">
         <name>.text:close</name>
         <load_address>0x5650</load_address>
         <run_address>0x5650</run_address>
         <size>0x5c</size>
         <input_file_ref idref="fl-f0"/>
      </object_component>
      <object_component id="oc-367">
         <name>.text:HOSTread</name>
         <load_address>0x56ac</load_address>
         <run_address>0x56ac</run_address>
         <size>0x58</size>
         <input_file_ref idref="fl-f5"/>
      </object_component>
      <object_component id="oc-36d">
         <name>.text:HOSTwrite</name>
         <load_address>0x5704</load_address>
         <run_address>0x5704</run_address>
         <size>0x58</size>
         <input_file_ref idref="fl-f8"/>
      </object_component>
      <object_component id="oc-10c">
         <name>.text</name>
         <load_address>0x575c</load_address>
         <run_address>0x575c</run_address>
         <size>0x54</size>
         <input_file_ref idref="fl-7"/>
      </object_component>
      <object_component id="oc-3a4">
         <name>.text:__TI_doflush</name>
         <load_address>0x57b0</load_address>
         <run_address>0x57b0</run_address>
         <size>0x4c</size>
         <input_file_ref idref="fl-e3"/>
      </object_component>
      <object_component id="oc-122">
         <name>.text:exit</name>
         <load_address>0x57fc</load_address>
         <run_address>0x57fc</run_address>
         <size>0x48</size>
         <input_file_ref idref="fl-d9"/>
      </object_component>
      <object_component id="oc-1e6">
         <name>.text</name>
         <load_address>0x5844</load_address>
         <run_address>0x5844</run_address>
         <size>0x48</size>
         <input_file_ref idref="fl-d3"/>
      </object_component>
      <object_component id="oc-361">
         <name>.text:HOSTclose</name>
         <load_address>0x588c</load_address>
         <run_address>0x588c</run_address>
         <size>0x44</size>
         <input_file_ref idref="fl-f2"/>
      </object_component>
      <object_component id="oc-379">
         <name>.text:HOSTunlink</name>
         <load_address>0x58d0</load_address>
         <run_address>0x58d0</run_address>
         <size>0x44</size>
         <input_file_ref idref="fl-f7"/>
      </object_component>
      <object_component id="oc-128">
         <name>.text:__TI_auto_init_nobinit_nopinit:__TI_auto_init_nobinit_nopinit</name>
         <load_address>0x5914</load_address>
         <run_address>0x5914</run_address>
         <size>0x44</size>
         <input_file_ref idref="fl-e6"/>
      </object_component>
      <object_component id="oc-438">
         <name>.text:getdevice</name>
         <load_address>0x5958</load_address>
         <run_address>0x5958</run_address>
         <size>0x44</size>
         <input_file_ref idref="fl-e4"/>
      </object_component>
      <object_component id="oc-40f">
         <name>.text:__TI_writemsg</name>
         <load_address>0x599c</load_address>
         <run_address>0x599c</run_address>
         <size>0x38</size>
         <input_file_ref idref="fl-f9"/>
      </object_component>
      <object_component id="oc-26b">
         <name>.text:strncpy</name>
         <load_address>0x59d4</load_address>
         <run_address>0x59d4</run_address>
         <size>0x36</size>
         <input_file_ref idref="fl-ec"/>
      </object_component>
      <object_component id="oc-296">
         <name>.text:__TI_cleanup</name>
         <load_address>0x5a0c</load_address>
         <run_address>0x5a0c</run_address>
         <size>0x34</size>
         <input_file_ref idref="fl-cd"/>
      </object_component>
      <object_component id="oc-415">
         <name>.text:__TI_readmsg</name>
         <load_address>0x5a40</load_address>
         <run_address>0x5a40</run_address>
         <size>0x34</size>
         <input_file_ref idref="fl-f9"/>
      </object_component>
      <object_component id="oc-58">
         <name>.text:_c_int00_noargs:_c_int00_noargs</name>
         <load_address>0x5a74</load_address>
         <run_address>0x5a74</run_address>
         <size>0x34</size>
         <input_file_ref idref="fl-dd"/>
      </object_component>
      <object_component id="oc-181">
         <name>.text:freopen</name>
         <load_address>0x5aa8</load_address>
         <run_address>0x5aa8</run_address>
         <size>0x34</size>
         <input_file_ref idref="fl-cd"/>
      </object_component>
      <object_component id="oc-265">
         <name>.text:finddevice</name>
         <load_address>0x5adc</load_address>
         <run_address>0x5adc</run_address>
         <size>0x30</size>
         <input_file_ref idref="fl-e4"/>
      </object_component>
      <object_component id="oc-1db">
         <name>.text</name>
         <load_address>0x5b0c</load_address>
         <run_address>0x5b0c</run_address>
         <size>0x2e</size>
         <input_file_ref idref="fl-d4"/>
      </object_component>
      <object_component id="oc-3b0">
         <name>.text:unlink</name>
         <load_address>0x5b3c</load_address>
         <run_address>0x5b3c</run_address>
         <size>0x2c</size>
         <input_file_ref idref="fl-f1"/>
      </object_component>
      <object_component id="oc-3bf">
         <name>.text:free_list_insert</name>
         <load_address>0x5b68</load_address>
         <run_address>0x5b68</run_address>
         <size>0x28</size>
         <input_file_ref idref="fl-dc"/>
      </object_component>
      <object_component id="oc-444">
         <name>.text:write</name>
         <load_address>0x5b90</load_address>
         <run_address>0x5b90</run_address>
         <size>0x28</size>
         <input_file_ref idref="fl-ed"/>
      </object_component>
      <object_component id="oc-fa">
         <name>.text</name>
         <load_address>0x5bb8</load_address>
         <run_address>0x5bb8</run_address>
         <size>0x24</size>
         <input_file_ref idref="fl-4"/>
      </object_component>
      <object_component id="oc-3b9">
         <name>.text:free_list_remove</name>
         <load_address>0x5bdc</load_address>
         <run_address>0x5bdc</run_address>
         <size>0x1c</size>
         <input_file_ref idref="fl-dc"/>
      </object_component>
      <object_component id="oc-3e0">
         <name>.text:copysign</name>
         <load_address>0x5bf8</load_address>
         <run_address>0x5bf8</run_address>
         <size>0x1a</size>
         <input_file_ref idref="fl-e1"/>
      </object_component>
      <object_component id="oc-351">
         <name>.text:strcmp</name>
         <load_address>0x5c12</load_address>
         <run_address>0x5c12</run_address>
         <size>0x18</size>
         <input_file_ref idref="fl-eb"/>
      </object_component>
      <object_component id="oc-486">
         <name>.text:strchr</name>
         <load_address>0x5c2a</load_address>
         <run_address>0x5c2a</run_address>
         <size>0x16</size>
         <input_file_ref idref="fl-ea"/>
      </object_component>
      <object_component id="oc-429">
         <name>.text:strcpy</name>
         <load_address>0x5c40</load_address>
         <run_address>0x5c40</run_address>
         <size>0x14</size>
         <input_file_ref idref="fl-fa"/>
      </object_component>
      <object_component id="oc-409">
         <name>.text:strlen</name>
         <load_address>0x5c54</load_address>
         <run_address>0x5c54</run_address>
         <size>0x14</size>
         <input_file_ref idref="fl-fb"/>
      </object_component>
      <object_component id="oc-1d">
         <name>.text:decompress:none:__TI_decompress_none</name>
         <load_address>0x5c68</load_address>
         <run_address>0x5c68</run_address>
         <size>0xe</size>
         <input_file_ref idref="fl-d7"/>
      </object_component>
      <object_component id="oc-6a">
         <name>.text</name>
         <load_address>0x5c76</load_address>
         <run_address>0x5c76</run_address>
         <size>0xe</size>
         <input_file_ref idref="fl-f"/>
      </object_component>
      <object_component id="oc-4c">
         <name>.text:decompress:ZI:__TI_zero_init</name>
         <load_address>0x5c84</load_address>
         <run_address>0x5c84</run_address>
         <size>0xc</size>
         <input_file_ref idref="fl-d6"/>
      </object_component>
      <object_component id="oc-2e4">
         <name>.text:__aeabi_errno_addr</name>
         <load_address>0x5c90</load_address>
         <run_address>0x5c90</run_address>
         <size>0x8</size>
         <input_file_ref idref="fl-e0"/>
      </object_component>
      <object_component id="oc-290">
         <name>.text:malloc</name>
         <load_address>0x5c98</load_address>
         <run_address>0x5c98</run_address>
         <size>0x8</size>
         <input_file_ref idref="fl-dc"/>
      </object_component>
      <object_component id="oc-9a">
         <name>.text:_system_pre_init</name>
         <load_address>0x5ca0</load_address>
         <run_address>0x5ca0</run_address>
         <size>0x4</size>
         <input_file_ref idref="fl-e7"/>
      </object_component>
      <object_component id="oc-11c">
         <name>.text:abort:abort</name>
         <load_address>0x5ca4</load_address>
         <run_address>0x5ca4</run_address>
         <size>0x4</size>
         <input_file_ref idref="fl-d9"/>
      </object_component>
      <object_component id="oc-1ac">
         <name>.const:ASCII</name>
         <load_address>0x5ca8</load_address>
         <run_address>0x5ca8</run_address>
         <size>0x1e0</size>
         <input_file_ref idref="fl-b"/>
      </object_component>
      <object_component id="oc-2ef">
         <name>.const:$O1$$</name>
         <load_address>0x5e88</load_address>
         <run_address>0x5e88</run_address>
         <size>0x30</size>
         <input_file_ref idref="fl-ca"/>
      </object_component>
      <object_component id="oc-21d">
         <name>.const:.string:NPI_StartAdvertisement</name>
         <load_address>0x5eb8</load_address>
         <run_address>0x5eb8</run_address>
         <size>0x14</size>
         <input_file_ref idref="fl-2"/>
      </object_component>
      <object_component id="oc-217">
         <name>.const:.string:NPI_SetAdvertisement1</name>
         <load_address>0x5ecc</load_address>
         <run_address>0x5ecc</run_address>
         <size>0x11</size>
         <input_file_ref idref="fl-2"/>
      </object_component>
      <object_component id="oc-1fc">
         <name>.const:.string:HCI_EXT_ResetSystemCmd</name>
         <load_address>0x5edd</load_address>
         <run_address>0x5edd</run_address>
         <size>0x9</size>
         <input_file_ref idref="fl-2"/>
      </object_component>
      <object_component id="oc-1b2">
         <name>.const:.string:postmask</name>
         <load_address>0x5ee6</load_address>
         <run_address>0x5ee6</run_address>
         <size>0x8</size>
         <input_file_ref idref="fl-b"/>
      </object_component>
      <object_component id="oc-1af">
         <name>.const:.string:premask</name>
         <load_address>0x5eee</load_address>
         <run_address>0x5eee</run_address>
         <size>0x8</size>
         <input_file_ref idref="fl-b"/>
      </object_component>
      <object_component id="oc-223">
         <name>.const:.string:NPI_GetStatus</name>
         <load_address>0x5ef6</load_address>
         <run_address>0x5ef6</run_address>
         <size>0x6</size>
         <input_file_ref idref="fl-2"/>
      </object_component>
      <object_component id="oc-226">
         <name>.const:.string:NPI_GetVersion</name>
         <load_address>0x5efc</load_address>
         <run_address>0x5efc</run_address>
         <size>0x6</size>
         <input_file_ref idref="fl-2"/>
      </object_component>
      <object_component id="oc-204">
         <name>.const:.string:NPI_Register</name>
         <load_address>0x5f02</load_address>
         <run_address>0x5f02</run_address>
         <size>0x6</size>
         <input_file_ref idref="fl-2"/>
      </object_component>
      <object_component id="oc-1a7">
         <name>.const:.string:init5</name>
         <load_address>0x5f08</load_address>
         <run_address>0x5f08</run_address>
         <size>0x6</size>
         <input_file_ref idref="fl-b"/>
      </object_component>
      <object_component id="oc-1b5">
         <name>.const:.string:dlist1</name>
         <load_address>0x5f0e</load_address>
         <run_address>0x5f0e</run_address>
         <size>0x5</size>
         <input_file_ref idref="fl-b"/>
      </object_component>
      <object_component id="oc-19b">
         <name>.const:.string:init1</name>
         <load_address>0x5f13</load_address>
         <run_address>0x5f13</run_address>
         <size>0x4</size>
         <input_file_ref idref="fl-b"/>
      </object_component>
      <object_component id="oc-19e">
         <name>.const:.string:init2</name>
         <load_address>0x5f17</load_address>
         <run_address>0x5f17</run_address>
         <size>0x4</size>
         <input_file_ref idref="fl-b"/>
      </object_component>
      <object_component id="oc-1a1">
         <name>.const:.string:init3</name>
         <load_address>0x5f1b</load_address>
         <run_address>0x5f1b</run_address>
         <size>0x4</size>
         <input_file_ref idref="fl-b"/>
      </object_component>
      <object_component id="oc-1a4">
         <name>.const:.string:init4b</name>
         <load_address>0x5f1f</load_address>
         <run_address>0x5f1f</run_address>
         <size>0x3</size>
         <input_file_ref idref="fl-b"/>
      </object_component>
      <object_component id="oc-1bb">
         <name>.const:.string:scrollList1b</name>
         <load_address>0x5f22</load_address>
         <run_address>0x5f22</run_address>
         <size>0x3</size>
         <input_file_ref idref="fl-b"/>
      </object_component>
      <object_component id="oc-1c1">
         <name>.const:.string:scrollList2b</name>
         <load_address>0x5f25</load_address>
         <run_address>0x5f25</run_address>
         <size>0x3</size>
         <input_file_ref idref="fl-b"/>
      </object_component>
      <object_component id="oc-1b8">
         <name>.const:.string:scrollList1a</name>
         <load_address>0x5f28</load_address>
         <run_address>0x5f28</run_address>
         <size>0x2</size>
         <input_file_ref idref="fl-b"/>
      </object_component>
      <object_component id="oc-1be">
         <name>.const:.string:scrollList2a</name>
         <load_address>0x5f2a</load_address>
         <run_address>0x5f2a</run_address>
         <size>0x2</size>
         <input_file_ref idref="fl-b"/>
      </object_component>
      <object_component id="oc-1c4">
         <name>.const:.string:scrollList3a</name>
         <load_address>0x5f2c</load_address>
         <run_address>0x5f2c</run_address>
         <size>0x2</size>
         <input_file_ref idref="fl-b"/>
      </object_component>
      <object_component id="oc-1c7">
         <name>.const:.string:scrollList3b</name>
         <load_address>0x5f2e</load_address>
         <run_address>0x5f2e</run_address>
         <size>0x2</size>
         <input_file_ref idref="fl-b"/>
      </object_component>
      <object_component id="oc-1ca">
         <name>.const:.string:scrollList3c</name>
         <load_address>0x5f30</load_address>
         <run_address>0x5f30</run_address>
         <size>0x2</size>
         <input_file_ref idref="fl-b"/>
      </object_component>
      <object_component id="oc-1cd">
         <name>.const:.string:scrollList4a</name>
         <load_address>0x5f32</load_address>
         <run_address>0x5f32</run_address>
         <size>0x2</size>
         <input_file_ref idref="fl-b"/>
      </object_component>
      <object_component id="oc-1d0">
         <name>.const:.string:scrollList4b</name>
         <load_address>0x5f34</load_address>
         <run_address>0x5f34</run_address>
         <size>0x2</size>
         <input_file_ref idref="fl-b"/>
      </object_component>
      <object_component id="oc-1d3">
         <name>.const:.string:scrollList4c</name>
         <load_address>0x5f36</load_address>
         <run_address>0x5f36</run_address>
         <size>0x2</size>
         <input_file_ref idref="fl-b"/>
      </object_component>
      <object_component id="oc-4db">
         <name>.cinit..data.load</name>
         <load_address>0x5f38</load_address>
         <run_address>0x5f38</run_address>
         <size>0x114</size>
      </object_component>
      <object_component id="oc-4d9">
         <name>__TI_handler_table</name>
         <load_address>0x604c</load_address>
         <run_address>0x604c</run_address>
         <size>0xc</size>
      </object_component>
      <object_component id="oc-4dc">
         <name>.cinit..bss.load</name>
         <load_address>0x6058</load_address>
         <run_address>0x6058</run_address>
         <size>0x8</size>
      </object_component>
      <object_component id="oc-4da">
         <name>__TI_cinit_table</name>
         <load_address>0x6060</load_address>
         <run_address>0x6060</run_address>
         <size>0x10</size>
      </object_component>
      <object_component id="oc-4ad">
         <name>.binit</name>
         <load_address>0x0</load_address>
         <run_address>0x0</run_address>
         <size>0x0</size>
      </object_component>
      <object_component id="oc-201">
         <name>.data:NPI_AddService</name>
         <load_address>0x20000f1c</load_address>
         <run_address>0x20000f1c</run_address>
         <size>0x9</size>
         <input_file_ref idref="fl-2"/>
      </object_component>
      <object_component id="oc-214">
         <name>.data:NPI_GATTSetDeviceName</name>
         <load_address>0x20000e8f</load_address>
         <run_address>0x20000e8f</run_address>
         <size>0x1c</size>
         <input_file_ref idref="fl-2"/>
      </object_component>
      <object_component id="oc-21a">
         <name>.data:NPI_SetAdvertisementData</name>
         <load_address>0x20000e28</load_address>
         <run_address>0x20000e28</run_address>
         <size>0x25</size>
         <input_file_ref idref="fl-2"/>
      </object_component>
      <object_component id="oc-220">
         <name>.data:NPI_SetAdvertisementDataJacki</name>
         <load_address>0x20000e4d</load_address>
         <run_address>0x20000e4d</run_address>
         <size>0x22</size>
         <input_file_ref idref="fl-2"/>
      </object_component>
      <object_component id="oc-22c">
         <name>.data:NPI_ReadConfirmation</name>
         <load_address>0x20000ec4</load_address>
         <run_address>0x20000ec4</run_address>
         <size>0x15</size>
         <input_file_ref idref="fl-2"/>
      </object_component>
      <object_component id="oc-229">
         <name>.data:NPI_WriteConfirmation</name>
         <load_address>0x20000f2e</load_address>
         <run_address>0x20000f2e</run_address>
         <size>0x9</size>
         <input_file_ref idref="fl-2"/>
      </object_component>
      <object_component id="oc-22f">
         <name>.data:NPI_CCCDUpdatedConfirmation</name>
         <load_address>0x20000f25</load_address>
         <run_address>0x20000f25</run_address>
         <size>0x9</size>
         <input_file_ref idref="fl-2"/>
      </object_component>
      <object_component id="oc-211">
         <name>.data:NPI_SendNotificationIndication</name>
         <load_address>0x20000ed9</load_address>
         <run_address>0x20000ed9</run_address>
         <size>0x14</size>
         <input_file_ref idref="fl-2"/>
      </object_component>
      <object_component id="oc-20a">
         <name>.data:NPI_AddCharValue</name>
         <load_address>0x20000f00</load_address>
         <run_address>0x20000f00</run_address>
         <size>0xe</size>
         <input_file_ref idref="fl-2"/>
      </object_component>
      <object_component id="oc-20d">
         <name>.data:NPI_AddCharDescriptor</name>
         <load_address>0x20000e6f</load_address>
         <run_address>0x20000e6f</run_address>
         <size>0x20</size>
         <input_file_ref idref="fl-2"/>
      </object_component>
      <object_component id="oc-207">
         <name>.data</name>
         <load_address>0x20000f48</load_address>
         <run_address>0x20000f48</run_address>
         <size>0x8</size>
         <input_file_ref idref="fl-2"/>
      </object_component>
      <object_component id="oc-1ed">
         <name>.data</name>
         <load_address>0x20000eac</load_address>
         <run_address>0x20000eac</run_address>
         <size>0x18</size>
         <input_file_ref idref="fl-3"/>
      </object_component>
      <object_component id="oc-1d6">
         <name>.data</name>
         <load_address>0x20000f50</load_address>
         <run_address>0x20000f50</run_address>
         <size>0x4</size>
         <input_file_ref idref="fl-b"/>
      </object_component>
      <object_component id="oc-15a">
         <name>.data</name>
         <load_address>0x20000f64</load_address>
         <run_address>0x20000f64</run_address>
         <size>0x4</size>
         <input_file_ref idref="fl-10"/>
      </object_component>
      <object_component id="oc-27d">
         <name>.data</name>
         <load_address>0x20000f5c</load_address>
         <run_address>0x20000f5c</run_address>
         <size>0x4</size>
         <input_file_ref idref="fl-cd"/>
      </object_component>
      <object_component id="oc-236">
         <name>.data:$O1$$</name>
         <load_address>0x20000f10</load_address>
         <run_address>0x20000f10</run_address>
         <size>0xc</size>
         <input_file_ref idref="fl-d9"/>
      </object_component>
      <object_component id="oc-239">
         <name>.data:$O1$$</name>
         <load_address>0x20000f38</load_address>
         <run_address>0x20000f38</run_address>
         <size>0x8</size>
         <input_file_ref idref="fl-da"/>
      </object_component>
      <object_component id="oc-18d">
         <name>.data:_ftable</name>
         <load_address>0x20000c70</load_address>
         <run_address>0x20000c70</run_address>
         <size>0xf0</size>
         <input_file_ref idref="fl-db"/>
      </object_component>
      <object_component id="oc-27e">
         <name>.data</name>
         <load_address>0x20000ef0</load_address>
         <run_address>0x20000ef0</run_address>
         <size>0x10</size>
         <input_file_ref idref="fl-db"/>
      </object_component>
      <object_component id="oc-452">
         <name>.data:$O1$$</name>
         <load_address>0x20000f40</load_address>
         <run_address>0x20000f40</run_address>
         <size>0x8</size>
         <input_file_ref idref="fl-dc"/>
      </object_component>
      <object_component id="oc-43e">
         <name>.data</name>
         <load_address>0x20000f60</load_address>
         <run_address>0x20000f60</run_address>
         <size>0x4</size>
         <input_file_ref idref="fl-de"/>
      </object_component>
      <object_component id="oc-271">
         <name>.data</name>
         <load_address>0x20000f54</load_address>
         <run_address>0x20000f54</run_address>
         <size>0x4</size>
         <input_file_ref idref="fl-df"/>
      </object_component>
      <object_component id="oc-3d6">
         <name>.data</name>
         <load_address>0x20000f58</load_address>
         <run_address>0x20000f58</run_address>
         <size>0x4</size>
         <input_file_ref idref="fl-e0"/>
      </object_component>
      <object_component id="oc-272">
         <name>.data:_device</name>
         <load_address>0x20000d60</load_address>
         <run_address>0x20000d60</run_address>
         <size>0x78</size>
         <input_file_ref idref="fl-ee"/>
      </object_component>
      <object_component id="oc-43f">
         <name>.data:_stream</name>
         <load_address>0x20000dd8</load_address>
         <run_address>0x20000dd8</run_address>
         <size>0x50</size>
         <input_file_ref idref="fl-ee"/>
      </object_component>
      <object_component id="oc-470">
         <name>.bss:_CIOBUF_</name>
         <uninitialized>true</uninitialized>
         <run_address>0x20000400</run_address>
         <size>0x120</size>
         <input_file_ref idref="fl-f9"/>
      </object_component>
      <object_component id="oc-1fb">
         <name>.common:RecvBuf</name>
         <uninitialized>true</uninitialized>
         <run_address>0x20000760</run_address>
         <size>0x80</size>
      </object_component>
      <object_component id="oc-1f9">
         <name>.common:fcserr</name>
         <uninitialized>true</uninitialized>
         <run_address>0x20000858</run_address>
         <size>0x4</size>
      </object_component>
      <object_component id="oc-1ff">
         <name>.common:TimeOutErr</name>
         <uninitialized>true</uninitialized>
         <run_address>0x20000854</run_address>
         <size>0x4</size>
      </object_component>
      <object_component id="oc-1fa">
         <name>.common:NoSOFErr</name>
         <uninitialized>true</uninitialized>
         <run_address>0x20000844</run_address>
         <size>0x4</size>
      </object_component>
      <object_component id="oc-210">
         <name>.common:CharacteristicList</name>
         <uninitialized>true</uninitialized>
         <run_address>0x20000620</run_address>
         <size>0xa0</size>
      </object_component>
      <object_component id="oc-200">
         <name>.common:NotifyCharacteristicList</name>
         <uninitialized>true</uninitialized>
         <run_address>0x200007e0</run_address>
         <size>0x50</size>
      </object_component>
      <object_component id="oc-118">
         <name>.common:BT_ByteData</name>
         <uninitialized>true</uninitialized>
         <run_address>0x20000868</run_address>
         <size>0x1</size>
      </object_component>
      <object_component id="oc-1ab">
         <name>.common:buffer</name>
         <uninitialized>true</uninitialized>
         <run_address>0x20000000</run_address>
         <size>0x400</size>
      </object_component>
      <object_component id="oc-198">
         <name>.common:vccstate</name>
         <uninitialized>true</uninitialized>
         <run_address>0x20000860</run_address>
         <size>0x4</size>
      </object_component>
      <object_component id="oc-1aa">
         <name>.common:rotation</name>
         <uninitialized>true</uninitialized>
         <run_address>0x2000085c</run_address>
         <size>0x4</size>
      </object_component>
      <object_component id="oc-1d9">
         <name>.common:StartX</name>
         <uninitialized>true</uninitialized>
         <run_address>0x20000864</run_address>
         <size>0x2</size>
      </object_component>
      <object_component id="oc-1da">
         <name>.common:StartY</name>
         <uninitialized>true</uninitialized>
         <run_address>0x20000866</run_address>
         <size>0x2</size>
      </object_component>
      <object_component id="oc-174">
         <name>.common:Messageindexb</name>
         <uninitialized>true</uninitialized>
         <run_address>0x20000840</run_address>
         <size>0x4</size>
      </object_component>
      <object_component id="oc-171">
         <name>.common:Messageb</name>
         <uninitialized>true</uninitialized>
         <run_address>0x20000830</run_address>
         <size>0x8</size>
      </object_component>
      <object_component id="oc-b9">
         <name>.common:RxPutI</name>
         <uninitialized>true</uninitialized>
         <run_address>0x20000850</run_address>
         <size>0x4</size>
      </object_component>
      <object_component id="oc-bc">
         <name>.common:RxGetI</name>
         <uninitialized>true</uninitialized>
         <run_address>0x2000084c</run_address>
         <size>0x4</size>
      </object_component>
      <object_component id="oc-bd">
         <name>.common:RxFifoLost</name>
         <uninitialized>true</uninitialized>
         <run_address>0x20000848</run_address>
         <size>0x4</size>
      </object_component>
      <object_component id="oc-be">
         <name>.common:RxFIFO</name>
         <uninitialized>true</uninitialized>
         <run_address>0x20000520</run_address>
         <size>0x100</size>
      </object_component>
      <object_component id="oc-3b6">
         <name>.common:__TI_tmpnams</name>
         <uninitialized>true</uninitialized>
         <run_address>0x200006c0</run_address>
         <size>0xa0</size>
      </object_component>
      <object_component id="oc-41b">
         <name>.common:parmbuf</name>
         <uninitialized>true</uninitialized>
         <run_address>0x20000838</run_address>
         <size>0x8</size>
      </object_component>
      <object_component id="oc-29">
         <name>.sysmem</name>
         <uninitialized>true</uninitialized>
         <run_address>0x20000870</run_address>
         <size>0x10</size>
         <input_file_ref idref="fl-dc"/>
      </object_component>
      <object_component id="oc-4df">
         <name>.sysmem</name>
         <uninitialized>true</uninitialized>
         <run_address>0x20000870</run_address>
         <size>0x0</size>
      </object_component>
      <object_component id="oc-2c">
         <name>.stack</name>
         <uninitialized>true</uninitialized>
         <run_address>0x2000fe00</run_address>
         <size>0x4</size>
         <input_file_ref idref="fl-dd"/>
      </object_component>
      <object_component id="oc-4de">
         <name>.stack</name>
         <uninitialized>true</uninitialized>
         <run_address>0x2000fe00</run_address>
         <size>0x0</size>
      </object_component>
      <object_component id="oc-16f">
         <name>.debug_info</name>
         <load_address>0x0</load_address>
         <run_address>0x0</run_address>
         <size>0x931</size>
         <input_file_ref idref="fl-2"/>
      </object_component>
      <object_component id="oc-1fd">
         <name>.debug_info</name>
         <load_address>0x931</load_address>
         <run_address>0x931</run_address>
         <size>0x109</size>
         <input_file_ref idref="fl-2"/>
      </object_component>
      <object_component id="oc-224">
         <name>.debug_info</name>
         <load_address>0xa3a</load_address>
         <run_address>0xa3a</run_address>
         <size>0xf7</size>
         <input_file_ref idref="fl-2"/>
      </object_component>
      <object_component id="oc-227">
         <name>.debug_info</name>
         <load_address>0xb31</load_address>
         <run_address>0xb31</run_address>
         <size>0xf9</size>
         <input_file_ref idref="fl-2"/>
      </object_component>
      <object_component id="oc-202">
         <name>.debug_info</name>
         <load_address>0xc2a</load_address>
         <run_address>0xc2a</run_address>
         <size>0xf9</size>
         <input_file_ref idref="fl-2"/>
      </object_component>
      <object_component id="oc-205">
         <name>.debug_info</name>
         <load_address>0xd23</load_address>
         <run_address>0xd23</run_address>
         <size>0xf5</size>
         <input_file_ref idref="fl-2"/>
      </object_component>
      <object_component id="oc-218">
         <name>.debug_info</name>
         <load_address>0xe18</load_address>
         <run_address>0xe18</run_address>
         <size>0x107</size>
         <input_file_ref idref="fl-2"/>
      </object_component>
      <object_component id="oc-215">
         <name>.debug_info</name>
         <load_address>0xf1f</load_address>
         <run_address>0xf1f</run_address>
         <size>0x107</size>
         <input_file_ref idref="fl-2"/>
      </object_component>
      <object_component id="oc-21b">
         <name>.debug_info</name>
         <load_address>0x1026</load_address>
         <run_address>0x1026</run_address>
         <size>0x10d</size>
         <input_file_ref idref="fl-2"/>
      </object_component>
      <object_component id="oc-221">
         <name>.debug_info</name>
         <load_address>0x1133</load_address>
         <run_address>0x1133</run_address>
         <size>0x117</size>
         <input_file_ref idref="fl-2"/>
      </object_component>
      <object_component id="oc-21e">
         <name>.debug_info</name>
         <load_address>0x124a</load_address>
         <run_address>0x124a</run_address>
         <size>0x109</size>
         <input_file_ref idref="fl-2"/>
      </object_component>
      <object_component id="oc-22d">
         <name>.debug_info</name>
         <load_address>0x1353</load_address>
         <run_address>0x1353</run_address>
         <size>0x105</size>
         <input_file_ref idref="fl-2"/>
      </object_component>
      <object_component id="oc-22a">
         <name>.debug_info</name>
         <load_address>0x1458</load_address>
         <run_address>0x1458</run_address>
         <size>0x107</size>
         <input_file_ref idref="fl-2"/>
      </object_component>
      <object_component id="oc-230">
         <name>.debug_info</name>
         <load_address>0x155f</load_address>
         <run_address>0x155f</run_address>
         <size>0x113</size>
         <input_file_ref idref="fl-2"/>
      </object_component>
      <object_component id="oc-212">
         <name>.debug_info</name>
         <load_address>0x1672</load_address>
         <run_address>0x1672</run_address>
         <size>0x119</size>
         <input_file_ref idref="fl-2"/>
      </object_component>
      <object_component id="oc-20b">
         <name>.debug_info</name>
         <load_address>0x178b</load_address>
         <run_address>0x178b</run_address>
         <size>0xfd</size>
         <input_file_ref idref="fl-2"/>
      </object_component>
      <object_component id="oc-20e">
         <name>.debug_info</name>
         <load_address>0x1888</load_address>
         <run_address>0x1888</run_address>
         <size>0x107</size>
         <input_file_ref idref="fl-2"/>
      </object_component>
      <object_component id="oc-208">
         <name>.debug_info</name>
         <load_address>0x198f</load_address>
         <run_address>0x198f</run_address>
         <size>0x148</size>
         <input_file_ref idref="fl-2"/>
      </object_component>
      <object_component id="oc-114">
         <name>.debug_info</name>
         <load_address>0x1ad7</load_address>
         <run_address>0x1ad7</run_address>
         <size>0x1609</size>
         <input_file_ref idref="fl-2"/>
      </object_component>
      <object_component id="oc-160">
         <name>.debug_info</name>
         <load_address>0x30e0</load_address>
         <run_address>0x30e0</run_address>
         <size>0x37e2</size>
         <input_file_ref idref="fl-2"/>
      </object_component>
      <object_component id="oc-c7">
         <name>.debug_info</name>
         <load_address>0x68c2</load_address>
         <run_address>0x68c2</run_address>
         <size>0x26b</size>
         <input_file_ref idref="fl-2"/>
      </object_component>
      <object_component id="oc-165">
         <name>.debug_info</name>
         <load_address>0x6b2d</load_address>
         <run_address>0x6b2d</run_address>
         <size>0x1055</size>
         <input_file_ref idref="fl-2"/>
      </object_component>
      <object_component id="oc-259">
         <name>.debug_info</name>
         <load_address>0x7b82</load_address>
         <run_address>0x7b82</run_address>
         <size>0x155</size>
         <input_file_ref idref="fl-2"/>
      </object_component>
      <object_component id="oc-35">
         <name>.debug_info</name>
         <load_address>0x7cd7</load_address>
         <run_address>0x7cd7</run_address>
         <size>0x84</size>
         <input_file_ref idref="fl-2"/>
      </object_component>
      <object_component id="oc-16a">
         <name>.debug_info</name>
         <load_address>0x7d5b</load_address>
         <run_address>0x7d5b</run_address>
         <size>0x2a4</size>
         <input_file_ref idref="fl-2"/>
      </object_component>
      <object_component id="oc-c0">
         <name>.debug_info</name>
         <load_address>0x7fff</load_address>
         <run_address>0x7fff</run_address>
         <size>0xbb</size>
         <input_file_ref idref="fl-2"/>
      </object_component>
      <object_component id="oc-1ee">
         <name>.debug_info</name>
         <load_address>0x80ba</load_address>
         <run_address>0x80ba</run_address>
         <size>0x1a3</size>
         <input_file_ref idref="fl-3"/>
      </object_component>
      <object_component id="oc-104">
         <name>.debug_info</name>
         <load_address>0x825d</load_address>
         <run_address>0x825d</run_address>
         <size>0x2c7</size>
         <input_file_ref idref="fl-3"/>
      </object_component>
      <object_component id="oc-fb">
         <name>.debug_info</name>
         <load_address>0x8524</load_address>
         <run_address>0x8524</run_address>
         <size>0x288</size>
         <input_file_ref idref="fl-4"/>
      </object_component>
      <object_component id="oc-1f4">
         <name>.debug_info</name>
         <load_address>0x87ac</load_address>
         <run_address>0x87ac</run_address>
         <size>0x11b</size>
         <input_file_ref idref="fl-5"/>
      </object_component>
      <object_component id="oc-107">
         <name>.debug_info</name>
         <load_address>0x88c7</load_address>
         <run_address>0x88c7</run_address>
         <size>0x46f</size>
         <input_file_ref idref="fl-6"/>
      </object_component>
      <object_component id="oc-10f">
         <name>.debug_info</name>
         <load_address>0x8d36</load_address>
         <run_address>0x8d36</run_address>
         <size>0x241</size>
         <input_file_ref idref="fl-7"/>
      </object_component>
      <object_component id="oc-119">
         <name>.debug_info</name>
         <load_address>0x8f77</load_address>
         <run_address>0x8f77</run_address>
         <size>0xa87</size>
         <input_file_ref idref="fl-8"/>
      </object_component>
      <object_component id="oc-a2">
         <name>.debug_info</name>
         <load_address>0x99fe</load_address>
         <run_address>0x99fe</run_address>
         <size>0x6e4</size>
         <input_file_ref idref="fl-8"/>
      </object_component>
      <object_component id="oc-197">
         <name>.debug_info</name>
         <load_address>0xa0e2</load_address>
         <run_address>0xa0e2</run_address>
         <size>0x547</size>
         <input_file_ref idref="fl-a"/>
      </object_component>
      <object_component id="oc-f0">
         <name>.debug_info</name>
         <load_address>0xa629</load_address>
         <run_address>0xa629</run_address>
         <size>0x3fc</size>
         <input_file_ref idref="fl-a"/>
      </object_component>
      <object_component id="oc-199">
         <name>.debug_info</name>
         <load_address>0xaa25</load_address>
         <run_address>0xaa25</run_address>
         <size>0x6ae</size>
         <input_file_ref idref="fl-b"/>
      </object_component>
      <object_component id="oc-1ad">
         <name>.debug_info</name>
         <load_address>0xb0d3</load_address>
         <run_address>0xb0d3</run_address>
         <size>0xeb</size>
         <input_file_ref idref="fl-b"/>
      </object_component>
      <object_component id="oc-19c">
         <name>.debug_info</name>
         <load_address>0xb1be</load_address>
         <run_address>0xb1be</run_address>
         <size>0xec</size>
         <input_file_ref idref="fl-b"/>
      </object_component>
      <object_component id="oc-19f">
         <name>.debug_info</name>
         <load_address>0xb2aa</load_address>
         <run_address>0xb2aa</run_address>
         <size>0xec</size>
         <input_file_ref idref="fl-b"/>
      </object_component>
      <object_component id="oc-1a2">
         <name>.debug_info</name>
         <load_address>0xb396</load_address>
         <run_address>0xb396</run_address>
         <size>0xec</size>
         <input_file_ref idref="fl-b"/>
      </object_component>
      <object_component id="oc-1a5">
         <name>.debug_info</name>
         <load_address>0xb482</load_address>
         <run_address>0xb482</run_address>
         <size>0xee</size>
         <input_file_ref idref="fl-b"/>
      </object_component>
      <object_component id="oc-1a8">
         <name>.debug_info</name>
         <load_address>0xb570</load_address>
         <run_address>0xb570</run_address>
         <size>0xec</size>
         <input_file_ref idref="fl-b"/>
      </object_component>
      <object_component id="oc-1b0">
         <name>.debug_info</name>
         <load_address>0xb65c</load_address>
         <run_address>0xb65c</run_address>
         <size>0xf0</size>
         <input_file_ref idref="fl-b"/>
      </object_component>
      <object_component id="oc-1b3">
         <name>.debug_info</name>
         <load_address>0xb74c</load_address>
         <run_address>0xb74c</run_address>
         <size>0xf2</size>
         <input_file_ref idref="fl-b"/>
      </object_component>
      <object_component id="oc-1b6">
         <name>.debug_info</name>
         <load_address>0xb83e</load_address>
         <run_address>0xb83e</run_address>
         <size>0xee</size>
         <input_file_ref idref="fl-b"/>
      </object_component>
      <object_component id="oc-1b9">
         <name>.debug_info</name>
         <load_address>0xb92c</load_address>
         <run_address>0xb92c</run_address>
         <size>0xfa</size>
         <input_file_ref idref="fl-b"/>
      </object_component>
      <object_component id="oc-1bc">
         <name>.debug_info</name>
         <load_address>0xba26</load_address>
         <run_address>0xba26</run_address>
         <size>0xfa</size>
         <input_file_ref idref="fl-b"/>
      </object_component>
      <object_component id="oc-1bf">
         <name>.debug_info</name>
         <load_address>0xbb20</load_address>
         <run_address>0xbb20</run_address>
         <size>0xfa</size>
         <input_file_ref idref="fl-b"/>
      </object_component>
      <object_component id="oc-1c2">
         <name>.debug_info</name>
         <load_address>0xbc1a</load_address>
         <run_address>0xbc1a</run_address>
         <size>0xfa</size>
         <input_file_ref idref="fl-b"/>
      </object_component>
      <object_component id="oc-1c5">
         <name>.debug_info</name>
         <load_address>0xbd14</load_address>
         <run_address>0xbd14</run_address>
         <size>0xfa</size>
         <input_file_ref idref="fl-b"/>
      </object_component>
      <object_component id="oc-1c8">
         <name>.debug_info</name>
         <load_address>0xbe0e</load_address>
         <run_address>0xbe0e</run_address>
         <size>0xfa</size>
         <input_file_ref idref="fl-b"/>
      </object_component>
      <object_component id="oc-1cb">
         <name>.debug_info</name>
         <load_address>0xbf08</load_address>
         <run_address>0xbf08</run_address>
         <size>0xfa</size>
         <input_file_ref idref="fl-b"/>
      </object_component>
      <object_component id="oc-1ce">
         <name>.debug_info</name>
         <load_address>0xc002</load_address>
         <run_address>0xc002</run_address>
         <size>0xfa</size>
         <input_file_ref idref="fl-b"/>
      </object_component>
      <object_component id="oc-1d1">
         <name>.debug_info</name>
         <load_address>0xc0fc</load_address>
         <run_address>0xc0fc</run_address>
         <size>0xfa</size>
         <input_file_ref idref="fl-b"/>
      </object_component>
      <object_component id="oc-1d4">
         <name>.debug_info</name>
         <load_address>0xc1f6</load_address>
         <run_address>0xc1f6</run_address>
         <size>0xfa</size>
         <input_file_ref idref="fl-b"/>
      </object_component>
      <object_component id="oc-1d7">
         <name>.debug_info</name>
         <load_address>0xc2f0</load_address>
         <run_address>0xc2f0</run_address>
         <size>0x115</size>
         <input_file_ref idref="fl-b"/>
      </object_component>
      <object_component id="oc-f5">
         <name>.debug_info</name>
         <load_address>0xc405</load_address>
         <run_address>0xc405</run_address>
         <size>0x2985</size>
         <input_file_ref idref="fl-b"/>
      </object_component>
      <object_component id="oc-172">
         <name>.debug_info</name>
         <load_address>0xed8a</load_address>
         <run_address>0xed8a</run_address>
         <size>0x794</size>
         <input_file_ref idref="fl-c"/>
      </object_component>
      <object_component id="oc-eb">
         <name>.debug_info</name>
         <load_address>0xf51e</load_address>
         <run_address>0xf51e</run_address>
         <size>0x1395</size>
         <input_file_ref idref="fl-c"/>
      </object_component>
      <object_component id="oc-260">
         <name>.debug_info</name>
         <load_address>0x108b3</load_address>
         <run_address>0x108b3</run_address>
         <size>0xcc</size>
         <input_file_ref idref="fl-c"/>
      </object_component>
      <object_component id="oc-191">
         <name>.debug_info</name>
         <load_address>0x1097f</load_address>
         <run_address>0x1097f</run_address>
         <size>0x2c</size>
         <input_file_ref idref="fl-c"/>
      </object_component>
      <object_component id="oc-ba">
         <name>.debug_info</name>
         <load_address>0x109ab</load_address>
         <run_address>0x109ab</run_address>
         <size>0x5d8</size>
         <input_file_ref idref="fl-d"/>
      </object_component>
      <object_component id="oc-72">
         <name>.debug_info</name>
         <load_address>0x10f83</load_address>
         <run_address>0x10f83</run_address>
         <size>0x4e9</size>
         <input_file_ref idref="fl-d"/>
      </object_component>
      <object_component id="oc-78">
         <name>.debug_info</name>
         <load_address>0x1146c</load_address>
         <run_address>0x1146c</run_address>
         <size>0x2e6</size>
         <input_file_ref idref="fl-f"/>
      </object_component>
      <object_component id="oc-27">
         <name>.debug_info</name>
         <load_address>0x11752</load_address>
         <run_address>0x11752</run_address>
         <size>0x112</size>
         <input_file_ref idref="fl-f"/>
      </object_component>
      <object_component id="oc-6e">
         <name>.debug_info</name>
         <load_address>0x11864</load_address>
         <run_address>0x11864</run_address>
         <size>0x1d9</size>
         <input_file_ref idref="fl-f"/>
      </object_component>
      <object_component id="oc-15b">
         <name>.debug_info</name>
         <load_address>0x11a3d</load_address>
         <run_address>0x11a3d</run_address>
         <size>0x10b</size>
         <input_file_ref idref="fl-10"/>
      </object_component>
      <object_component id="oc-b3">
         <name>.debug_info</name>
         <load_address>0x11b48</load_address>
         <run_address>0x11b48</run_address>
         <size>0x27d</size>
         <input_file_ref idref="fl-10"/>
      </object_component>
      <object_component id="oc-308">
         <name>.debug_info</name>
         <load_address>0x11dc5</load_address>
         <run_address>0x11dc5</run_address>
         <size>0x35e</size>
         <input_file_ref idref="fl-ca"/>
      </object_component>
      <object_component id="oc-2f0">
         <name>.debug_info</name>
         <load_address>0x12123</load_address>
         <run_address>0x12123</run_address>
         <size>0x128</size>
         <input_file_ref idref="fl-ca"/>
      </object_component>
      <object_component id="oc-1e3">
         <name>.debug_info</name>
         <load_address>0x1224b</load_address>
         <run_address>0x1224b</run_address>
         <size>0xbf2</size>
         <input_file_ref idref="fl-ca"/>
      </object_component>
      <object_component id="oc-3ed">
         <name>.debug_info</name>
         <load_address>0x12e3d</load_address>
         <run_address>0x12e3d</run_address>
         <size>0x46</size>
         <input_file_ref idref="fl-ca"/>
      </object_component>
      <object_component id="oc-303">
         <name>.debug_info</name>
         <load_address>0x12e83</load_address>
         <run_address>0x12e83</run_address>
         <size>0x39</size>
         <input_file_ref idref="fl-ca"/>
      </object_component>
      <object_component id="oc-3d5">
         <name>.debug_info</name>
         <load_address>0x12ebc</load_address>
         <run_address>0x12ebc</run_address>
         <size>0x2c5</size>
         <input_file_ref idref="fl-cb"/>
      </object_component>
      <object_component id="oc-2df">
         <name>.debug_info</name>
         <load_address>0x13181</load_address>
         <run_address>0x13181</run_address>
         <size>0x24e</size>
         <input_file_ref idref="fl-cb"/>
      </object_component>
      <object_component id="oc-3e7">
         <name>.debug_info</name>
         <load_address>0x133cf</load_address>
         <run_address>0x133cf</run_address>
         <size>0x2f8</size>
         <input_file_ref idref="fl-cc"/>
      </object_component>
      <object_component id="oc-2fd">
         <name>.debug_info</name>
         <load_address>0x136c7</load_address>
         <run_address>0x136c7</run_address>
         <size>0x225</size>
         <input_file_ref idref="fl-cc"/>
      </object_component>
      <object_component id="oc-467">
         <name>.debug_info</name>
         <load_address>0x138ec</load_address>
         <run_address>0x138ec</run_address>
         <size>0x39</size>
         <input_file_ref idref="fl-cc"/>
      </object_component>
      <object_component id="oc-3e8">
         <name>.debug_info</name>
         <load_address>0x13925</load_address>
         <run_address>0x13925</run_address>
         <size>0x2c</size>
         <input_file_ref idref="fl-cc"/>
      </object_component>
      <object_component id="oc-282">
         <name>.debug_info</name>
         <load_address>0x13951</load_address>
         <run_address>0x13951</run_address>
         <size>0x3f5</size>
         <input_file_ref idref="fl-cd"/>
      </object_component>
      <object_component id="oc-279">
         <name>.debug_info</name>
         <load_address>0x13d46</load_address>
         <run_address>0x13d46</run_address>
         <size>0x20e</size>
         <input_file_ref idref="fl-cd"/>
      </object_component>
      <object_component id="oc-298">
         <name>.debug_info</name>
         <load_address>0x13f54</load_address>
         <run_address>0x13f54</run_address>
         <size>0x176</size>
         <input_file_ref idref="fl-cd"/>
      </object_component>
      <object_component id="oc-183">
         <name>.debug_info</name>
         <load_address>0x140ca</load_address>
         <run_address>0x140ca</run_address>
         <size>0x1e4</size>
         <input_file_ref idref="fl-cd"/>
      </object_component>
      <object_component id="oc-17d">
         <name>.debug_info</name>
         <load_address>0x142ae</load_address>
         <run_address>0x142ae</run_address>
         <size>0x1cd</size>
         <input_file_ref idref="fl-cd"/>
      </object_component>
      <object_component id="oc-ce">
         <name>.debug_info</name>
         <load_address>0x1447b</load_address>
         <run_address>0x1447b</run_address>
         <size>0x2c</size>
         <input_file_ref idref="fl-cd"/>
      </object_component>
      <object_component id="oc-39f">
         <name>.debug_info</name>
         <load_address>0x144a7</load_address>
         <run_address>0x144a7</run_address>
         <size>0xb2</size>
         <input_file_ref idref="fl-cd"/>
      </object_component>
      <object_component id="oc-29d">
         <name>.debug_info</name>
         <load_address>0x14559</load_address>
         <run_address>0x14559</run_address>
         <size>0x374</size>
         <input_file_ref idref="fl-ce"/>
      </object_component>
      <object_component id="oc-188">
         <name>.debug_info</name>
         <load_address>0x148cd</load_address>
         <run_address>0x148cd</run_address>
         <size>0x20b</size>
         <input_file_ref idref="fl-ce"/>
      </object_component>
      <object_component id="oc-29e">
         <name>.debug_info</name>
         <load_address>0x14ad8</load_address>
         <run_address>0x14ad8</run_address>
         <size>0xbf</size>
         <input_file_ref idref="fl-ce"/>
      </object_component>
      <object_component id="oc-2d7">
         <name>.debug_info</name>
         <load_address>0x14b97</load_address>
         <run_address>0x14b97</run_address>
         <size>0x14c</size>
         <input_file_ref idref="fl-cf"/>
      </object_component>
      <object_component id="oc-2f3">
         <name>.debug_info</name>
         <load_address>0x14ce3</load_address>
         <run_address>0x14ce3</run_address>
         <size>0x128</size>
         <input_file_ref idref="fl-d0"/>
      </object_component>
      <object_component id="oc-2f9">
         <name>.debug_info</name>
         <load_address>0x14e0b</load_address>
         <run_address>0x14e0b</run_address>
         <size>0x12a</size>
         <input_file_ref idref="fl-d0"/>
      </object_component>
      <object_component id="oc-2da">
         <name>.debug_info</name>
         <load_address>0x14f35</load_address>
         <run_address>0x14f35</run_address>
         <size>0x13a</size>
         <input_file_ref idref="fl-d1"/>
      </object_component>
      <object_component id="oc-2eb">
         <name>.debug_info</name>
         <load_address>0x1506f</load_address>
         <run_address>0x1506f</run_address>
         <size>0x13a</size>
         <input_file_ref idref="fl-d2"/>
      </object_component>
      <object_component id="oc-1e7">
         <name>.debug_info</name>
         <load_address>0x151a9</load_address>
         <run_address>0x151a9</run_address>
         <size>0x12e</size>
         <input_file_ref idref="fl-d3"/>
      </object_component>
      <object_component id="oc-1de">
         <name>.debug_info</name>
         <load_address>0x152d7</load_address>
         <run_address>0x152d7</run_address>
         <size>0x12c</size>
         <input_file_ref idref="fl-d4"/>
      </object_component>
      <object_component id="oc-96">
         <name>.debug_info</name>
         <load_address>0x15403</load_address>
         <run_address>0x15403</run_address>
         <size>0x147</size>
         <input_file_ref idref="fl-d5"/>
      </object_component>
      <object_component id="oc-93">
         <name>.debug_info</name>
         <load_address>0x1554a</load_address>
         <run_address>0x1554a</run_address>
         <size>0x2d4</size>
         <input_file_ref idref="fl-d6"/>
      </object_component>
      <object_component id="oc-4d">
         <name>.debug_info</name>
         <load_address>0x1581e</load_address>
         <run_address>0x1581e</run_address>
         <size>0x1b5</size>
         <input_file_ref idref="fl-d6"/>
      </object_component>
      <object_component id="oc-8e">
         <name>.debug_info</name>
         <load_address>0x159d3</load_address>
         <run_address>0x159d3</run_address>
         <size>0x46</size>
         <input_file_ref idref="fl-d6"/>
      </object_component>
      <object_component id="oc-df">
         <name>.debug_info</name>
         <load_address>0x15a19</load_address>
         <run_address>0x15a19</run_address>
         <size>0x2c</size>
[...]
      </symbol>
      <symbol id="sm-6d2">
         <name>sqrtl</name>
         <value>0x45b5</value>
         <object_component_ref idref="oc-2de"/>
      </symbol>
      <symbol id="sm-6d3">
         <name>sqrt</name>
         <value>0x45b5</value>
         <object_component_ref idref="oc-2de"/>
      </symbol>
      <symbol id="sm-6fa">
         <name>scalbn</name>
         <value>0x4955</value>
         <object_component_ref idref="oc-2fc"/>
      </symbol>
      <symbol id="sm-6fb">
         <name>scalbnl</name>
         <value>0x4955</value>
         <object_component_ref idref="oc-2fc"/>
      </symbol>
      <symbol id="sm-6fc">
         <name>ldexpl</name>
         <value>0x4955</value>
         <object_component_ref idref="oc-2fc"/>
      </symbol>
      <symbol id="sm-6fd">
         <name>ldexp</name>
         <value>0x4955</value>
         <object_component_ref idref="oc-2fc"/>
      </symbol>
      <symbol id="sm-759">
         <name>__TI_cleanup</name>
         <value>0x5a0d</value>
         <object_component_ref idref="oc-296"/>
      </symbol>
      <symbol id="sm-75a">
         <name>freopen</name>
         <value>0x5aa9</value>
         <object_component_ref idref="oc-181"/>
      </symbol>
      <symbol id="sm-75b">
         <name>fopen</name>
         <value>0x5111</value>
         <object_component_ref idref="oc-17b"/>
      </symbol>
      <symbol id="sm-77c">
         <name>setvbuf</name>
         <value>0x4d45</value>
         <object_component_ref idref="oc-187"/>
      </symbol>
      <symbol id="sm-793">
         <name>__aeabi_dsub</name>
         <value>0x40ed</value>
         <object_component_ref idref="oc-2d4"/>
      </symbol>
      <symbol id="sm-794">
         <name>__aeabi_dadd</name>
         <value>0x40f7</value>
         <object_component_ref idref="oc-2d4"/>
      </symbol>
      <symbol id="sm-7b6">
         <name>__aeabi_cdcmpeq</name>
         <value>0x5249</value>
         <object_component_ref idref="oc-2f2"/>
      </symbol>
      <symbol id="sm-7b7">
         <name>__aeabi_cdcmple</name>
         <value>0x5249</value>
         <object_component_ref idref="oc-2f2"/>
      </symbol>
      <symbol id="sm-7b8">
         <name>__aeabi_cdrcmple</name>
         <value>0x52cf</value>
         <object_component_ref idref="oc-2f7"/>
      </symbol>
      <symbol id="sm-7cc">
         <name>__aeabi_ddiv</name>
         <value>0x470d</value>
         <object_component_ref idref="oc-2d9"/>
      </symbol>
      <symbol id="sm-7d7">
         <name>__aeabi_dmul</name>
         <value>0x4b65</value>
         <object_component_ref idref="oc-2ea"/>
      </symbol>
      <symbol id="sm-7e1">
         <name>__aeabi_d2iz</name>
         <value>0x5845</value>
         <object_component_ref idref="oc-1e6"/>
      </symbol>
      <symbol id="sm-7eb">
         <name>__aeabi_i2d</name>
         <value>0x5b0d</value>
         <object_component_ref idref="oc-1db"/>
      </symbol>
      <symbol id="sm-7fa">
         <name>__aeabi_memset</name>
         <value>0x5357</value>
         <object_component_ref idref="oc-94"/>
      </symbol>
      <symbol id="sm-7fb">
         <name>memset</name>
         <value>0x535d</value>
         <object_component_ref idref="oc-94"/>
      </symbol>
      <symbol id="sm-7fc">
         <name>__aeabi_memset8</name>
         <value>0x5357</value>
         <object_component_ref idref="oc-94"/>
      </symbol>
      <symbol id="sm-7fd">
         <name>__aeabi_memset4</name>
         <value>0x5357</value>
         <object_component_ref idref="oc-94"/>
      </symbol>
      <symbol id="sm-7fe">
         <name>__aeabi_memclr8</name>
         <value>0x5355</value>
         <object_component_ref idref="oc-94"/>
      </symbol>
      <symbol id="sm-7ff">
         <name>__aeabi_memclr4</name>
         <value>0x5355</value>
         <object_component_ref idref="oc-94"/>
      </symbol>
      <symbol id="sm-800">
         <name>__aeabi_memclr</name>
         <value>0x5355</value>
         <object_component_ref idref="oc-94"/>
      </symbol>
      <symbol id="sm-817">
         <name>__TI_zero_init</name>
         <value>0x5c85</value>
         <object_component_ref idref="oc-4c"/>
      </symbol>
      <symbol id="sm-82e">
         <name>__TI_decompress_none</name>
         <value>0x5c69</value>
         <object_component_ref idref="oc-1d"/>
      </symbol>
      <symbol id="sm-851">
         <name>__TI_decompress_lzss</name>
         <value>0x5589</value>
         <object_component_ref idref="oc-17"/>
      </symbol>
      <symbol id="sm-877">
         <name>C$$EXIT</name>
         <value>0x5ca5</value>
         <object_component_ref idref="oc-11c"/>
      </symbol>
      <symbol id="sm-878">
         <name>abort</name>
         <value>0x5ca5</value>
         <object_component_ref idref="oc-11c"/>
      </symbol>
      <symbol id="sm-879">
         <name>__TI_dtors_ptr</name>
         <value>0x20000f14</value>
         <object_component_ref idref="oc-236"/>
      </symbol>
      <symbol id="sm-87a">
         <name>__TI_cleanup_ptr</name>
         <value>0x20000f10</value>
         <object_component_ref idref="oc-236"/>
      </symbol>
      <symbol id="sm-87b">
         <name>__TI_enable_exit_profile_output</name>
         <value>0x20000f18</value>
         <object_component_ref idref="oc-236"/>
      </symbol>
      <symbol id="sm-87c">
         <name>exit</name>
         <value>0x57fd</value>
         <object_component_ref idref="oc-122"/>
      </symbol>
      <symbol id="sm-891">
         <name>_nop</name>
         <value>0x42a3</value>
         <object_component_ref idref="oc-332"/>
      </symbol>
      <symbol id="sm-892">
         <name>_lock</name>
         <value>0x20000f38</value>
         <object_component_ref idref="oc-239"/>
      </symbol>
      <symbol id="sm-893">
         <name>_unlock</name>
         <value>0x20000f3c</value>
         <object_component_ref idref="oc-239"/>
      </symbol>
      <symbol id="sm-8a8">
         <name>__TI_tmpnams</name>
         <value>0x200006c0</value>
      </symbol>
      <symbol id="sm-8a9">
         <name>__aeabi_stdout</name>
         <value>0x20000ef8</value>
         <object_component_ref idref="oc-27e"/>
      </symbol>
      <symbol id="sm-8aa">
         <name>__aeabi_stderr</name>
         <value>0x20000efc</value>
         <object_component_ref idref="oc-27e"/>
      </symbol>
      <symbol id="sm-8ab">
         <name>__aeabi_stdin</name>
         <value>0x20000ef4</value>
         <object_component_ref idref="oc-27e"/>
      </symbol>
      <symbol id="sm-8ac">
         <name>_ftable</name>
         <value>0x20000c70</value>
         <object_component_ref idref="oc-18d"/>
      </symbol>
      <symbol id="sm-8ad">
         <name>__TI_ft_end</name>
         <value>0x20000ef0</value>
         <object_component_ref idref="oc-27e"/>
      </symbol>
      <symbol id="sm-931">
         <name>_sys_memory</name>
         <value>0x20000870</value>
         <object_component_ref idref="oc-29"/>
      </symbol>
      <symbol id="sm-932">
         <name>free</name>
         <value>0x4c61</value>
         <object_component_ref idref="oc-28a"/>
      </symbol>
      <symbol id="sm-933">
         <name>memalign</name>
         <value>0x4a65</value>
         <object_component_ref idref="oc-3c6"/>
      </symbol>
      <symbol id="sm-934">
         <name>malloc</name>
         <value>0x5c99</value>
         <object_component_ref idref="oc-290"/>
      </symbol>
      <symbol id="sm-935">
         <name>aligned_alloc</name>
         <value>0x4a65</value>
         <object_component_ref idref="oc-3c6"/>
      </symbol>
      <symbol id="sm-948">
         <name>__stack</name>
         <value>0x2000fe00</value>
         <object_component_ref idref="oc-2c"/>
      </symbol>
      <symbol id="sm-949">
         <name>_c_int00_noargs</name>
         <value>0x5a75</value>
         <object_component_ref idref="oc-58"/>
      </symbol>
      <symbol id="sm-96b">
         <name>open</name>
         <value>0x4f9d</value>
         <object_component_ref idref="oc-394"/>
      </symbol>
      <symbol id="sm-990">
         <name>add_device</name>
         <value>0x5059</value>
         <object_component_ref idref="oc-175"/>
      </symbol>
      <symbol id="sm-9a6">
         <name>__aeabi_errno_addr</name>
         <value>0x5c91</value>
         <object_component_ref idref="oc-2e4"/>
      </symbol>
      <symbol id="sm-9a7">
         <name>errno</name>
         <value>0x20000f58</value>
         <object_component_ref idref="oc-3d6"/>
      </symbol>
      <symbol id="sm-9b1">
         <name>copysign</name>
         <value>0x5bf9</value>
         <object_component_ref idref="oc-3e0"/>
      </symbol>
      <symbol id="sm-9b2">
         <name>copysignl</name>
         <value>0x5bf9</value>
         <object_component_ref idref="oc-3e0"/>
      </symbol>
      <symbol id="sm-9c7">
         <name>__TI_closefile</name>
         <value>0x53d1</value>
         <object_component_ref idref="oc-283"/>
      </symbol>
      <symbol id="sm-9d7">
         <name>__TI_doflush</name>
         <value>0x57b1</value>
         <object_component_ref idref="oc-3a4"/>
      </symbol>
      <symbol id="sm-9f5">
         <name>finddevice</name>
         <value>0x5add</value>
         <object_component_ref idref="oc-265"/>
      </symbol>
      <symbol id="sm-9f6">
         <name>getdevice</name>
         <value>0x5959</value>
         <object_component_ref idref="oc-438"/>
      </symbol>
      <symbol id="sm-a11">
         <name>memcpy</name>
         <value>0x51ad</value>
         <object_component_ref idref="oc-3a"/>
      </symbol>
      <symbol id="sm-a12">
         <name>__aeabi_memcpy</name>
         <value>0x51ad</value>
         <object_component_ref idref="oc-3a"/>
      </symbol>
      <symbol id="sm-a13">
         <name>__aeabi_memcpy8</name>
         <value>0x51ad</value>
         <object_component_ref idref="oc-3a"/>
      </symbol>
      <symbol id="sm-a14">
         <name>__aeabi_memcpy4</name>
         <value>0x51ad</value>
         <object_component_ref idref="oc-3a"/>
      </symbol>
      <symbol id="sm-a3c">
         <name>__TI_auto_init_nobinit_nopinit</name>
         <value>0x5915</value>
         <object_component_ref idref="oc-128"/>
      </symbol>
      <symbol id="sm-a46">
         <name>_system_pre_init</name>
         <value>0x5ca1</value>
         <object_component_ref idref="oc-9a"/>
      </symbol>
      <symbol id="sm-a58">
         <name>strchr</name>
         <value>0x5c2b</value>
         <object_component_ref idref="oc-486"/>
      </symbol>
      <symbol id="sm-a67">
         <name>strcmp</name>
         <value>0x5c13</value>
         <object_component_ref idref="oc-351"/>
      </symbol>
      <symbol id="sm-a77">
         <name>strncpy</name>
         <value>0x59d5</value>
         <object_component_ref idref="oc-26b"/>
      </symbol>
      <symbol id="sm-a87">
         <name>write</name>
         <value>0x5b91</value>
         <object_component_ref idref="oc-444"/>
      </symbol>
      <symbol id="sm-a98">
         <name>_stream</name>
         <value>0x20000dd8</value>
         <object_component_ref idref="oc-43f"/>
      </symbol>
      <symbol id="sm-a99">
         <name>_device</name>
         <value>0x20000d60</value>
         <object_component_ref idref="oc-272"/>
      </symbol>
      <symbol id="sm-aae">
         <name>close</name>
         <value>0x5651</value>
         <object_component_ref idref="oc-3aa"/>
      </symbol>
      <symbol id="sm-abe">
         <name>unlink</name>
         <value>0x5b3d</value>
         <object_component_ref idref="oc-3b0"/>
      </symbol>
      <symbol id="sm-acf">
         <name>HOSTclose</name>
         <value>0x588d</value>
         <object_component_ref idref="oc-361"/>
      </symbol>
      <symbol id="sm-ae0">
         <name>HOSTlseek</name>
         <value>0x5521</value>
         <object_component_ref idref="oc-373"/>
      </symbol>
      <symbol id="sm-af2">
         <name>parmbuf</name>
         <value>0x20000838</value>
      </symbol>
      <symbol id="sm-af3">
         <name>HOSTopen</name>
         <value>0x55f1</value>
         <object_component_ref idref="oc-35b"/>
      </symbol>
      <symbol id="sm-b04">
         <name>HOSTread</name>
         <value>0x56ad</value>
         <object_component_ref idref="oc-367"/>
      </symbol>
      <symbol id="sm-b15">
         <name>HOSTrename</name>
         <value>0x54b5</value>
         <object_component_ref idref="oc-37f"/>
      </symbol>
      <symbol id="sm-b26">
         <name>HOSTunlink</name>
         <value>0x58d1</value>
         <object_component_ref idref="oc-379"/>
      </symbol>
      <symbol id="sm-b37">
         <name>HOSTwrite</name>
         <value>0x5705</value>
         <object_component_ref idref="oc-36d"/>
      </symbol>
      <symbol id="sm-b5b">
         <name>__TI_readmsg</name>
         <value>0x5a41</value>
         <object_component_ref idref="oc-415"/>
      </symbol>
      <symbol id="sm-b5c">
         <name>C$$IO$$</name>
         <value>0x59cb</value>
         <object_component_ref idref="oc-40f"/>
      </symbol>
      <symbol id="sm-b5d">
         <name>__CIOBUF_</name>
         <value>0x20000400</value>
         <object_component_ref idref="oc-470"/>
      </symbol>
      <symbol id="sm-b5e">
         <name>__TI_writemsg</name>
         <value>0x599d</value>
         <object_component_ref idref="oc-40f"/>
      </symbol>
      <symbol id="sm-b6c">
         <name>strcpy</name>
         <value>0x5c41</value>
         <object_component_ref idref="oc-429"/>
      </symbol>
      <symbol id="sm-b7a">
         <name>strlen</name>
         <value>0x5c55</value>
         <object_component_ref idref="oc-409"/>
      </symbol>
      <symbol id="sm-b7b">
         <name>__TI_static_base__</name>
         <value>0x0</value>
      </symbol>
      <symbol id="sm-b7e">
         <name>__mpu_init</name>
         <value>0x0</value>
      </symbol>
      <symbol id="sm-b7f">
         <name>_system_post_cinit</name>
         <value>0x0</value>
      </symbol>
      <symbol id="sm-b80">
         <name>NMI_Handler</name>
         <value>0x5c83</value>
      </symbol>
      <symbol id="sm-b81">
         <name>HardFault_Handler</name>
         <value>0x5c83</value>
      </symbol>
      <symbol id="sm-b82">
         <name>MemManage_Handler</name>
         <value>0x5c83</value>
      </symbol>
      <symbol id="sm-b83">
         <name>BusFault_Handler</name>
         <value>0x5c83</value>
      </symbol>
      <symbol id="sm-b84">
         <name>UsageFault_Handler</name>
         <value>0x5c83</value>
      </symbol>
      <symbol id="sm-b85">
         <name>SVC_Handler</name>
         <value>0x5c83</value>
      </symbol>
      <symbol id="sm-b86">
         <name>DebugMon_Handler</name>
         <value>0x5c83</value>
      </symbol>
      <symbol id="sm-b87">
         <name>PendSV_Handler</name>
         <value>0x5c83</value>
      </symbol>
      <symbol id="sm-b88">
         <name>SysTick_Handler</name>
         <value>0x5c83</value>
      </symbol>
      <symbol id="sm-b89">
         <name>PSS_IRQHandler</name>
         <value>0x5c83</value>
      </symbol>
      <symbol id="sm-b8a">
         <name>CS_IRQHandler</name>
         <value>0x5c83</value>
      </symbol>
      <symbol id="sm-b8b">
         <name>PCM_IRQHandler</name>
         <value>0x5c83</value>
      </symbol>
      <symbol id="sm-b8c">
         <name>WDT_A_IRQHandler</name>
         <value>0x5c83</value>
      </symbol>
      <symbol id="sm-b8d">
         <name>FPU_IRQHandler</name>
         <value>0x5c83</value>
      </symbol>
      <symbol id="sm-b8e">
         <name>FLCTL_IRQHandler</name>
         <value>0x5c83</value>
      </symbol>
      <symbol id="sm-b8f">
         <name>COMP_E0_IRQHandler</name>
         <value>0x5c83</value>
      </symbol>
      <symbol id="sm-b90">
         <name>COMP_E1_IRQHandler</name>
         <value>0x5c83</value>
      </symbol>
      <symbol id="sm-b91">
         <name>TA0_0_IRQHandler</name>
         <value>0x5c83</value>
      </symbol>
      <symbol id="sm-b92">
         <name>TA0_N_IRQHandler</name>
         <value>0x5c83</value>
      </symbol>
      <symbol id="sm-b93">
         <name>TA1_0_IRQHandler</name>
         <value>0x5c83</value>
      </symbol>
      <symbol id="sm-b94">
         <name>TA1_N_IRQHandler</name>
         <value>0x5c83</value>
      </symbol>
      <symbol id="sm-b95">
         <name>TA2_0_IRQHandler</name>
         <value>0x5c83</value>
      </symbol>
      <symbol id="sm-b96">
         <name>TA2_N_IRQHandler</name>
         <value>0x5c83</value>
      </symbol>
      <symbol id="sm-b97">
         <name>TA3_0_IRQHandler</name>
         <value>0x5c83</value>
      </symbol>
      <symbol id="sm-b98">
         <name>TA3_N_IRQHandler</name>
         <value>0x5c83</value>
      </symbol>
      <symbol id="sm-b99">
         <name>EUSCIA0_IRQHandler</name>
         <value>0x5c83</value>
      </symbol>
      <symbol id="sm-b9a">
         <name>EUSCIA1_IRQHandler</name>
         <value>0x5c83</value>
      </symbol>
      <symbol id="sm-b9b">
         <name>EUSCIA2_IRQHandler</name>
         <value>0x43cd</value>
      </symbol>
      <symbol id="sm-b9c">
         <name>EUSCIA3_IRQHandler</name>
         <value>0x5c83</value>
      </symbol>
      <symbol id="sm-b9d">
         <name>EUSCIB0_IRQHandler</name>
         <value>0x5c83</value>
      </symbol>
      <symbol id="sm-b9e">
         <name>EUSCIB1_IRQHandler</name>
         <value>0x5c83</value>
      </symbol>
      <symbol id="sm-b9f">
         <name>EUSCIB2_IRQHandler</name>
         <value>0x5c83</value>
      </symbol>
      <symbol id="sm-ba0">
         <name>EUSCIB3_IRQHandler</name>
         <value>0x5c83</value>
      </symbol>
      <symbol id="sm-ba1">
         <name>ADC14_IRQHandler</name>
         <value>0x5c83</value>
      </symbol>
      <symbol id="sm-ba2">
         <name>T32_INT1_IRQHandler</name>
         <value>0x5c83</value>
      </symbol>
      <symbol id="sm-ba3">
         <name>T32_INT2_IRQHandler</name>
         <value>0x5c83</value>
      </symbol>
      <symbol id="sm-ba4">
         <name>T32_INTC_IRQHandler</name>
         <value>0x5c83</value>
      </symbol>
      <symbol id="sm-ba5">
         <name>AES256_IRQHandler</name>
         <value>0x5c83</value>
      </symbol>
      <symbol id="sm-ba6">
         <name>RTC_C_IRQHandler</name>
         <value>0x5c83</value>
      </symbol>
      <symbol id="sm-ba7">
         <name>DMA_ERR_IRQHandler</name>
         <value>0x5c83</value>
      </symbol>
      <symbol id="sm-ba8">
         <name>DMA_INT3_IRQHandler</name>
         <value>0x5c83</value>
      </symbol>
      <symbol id="sm-ba9">
         <name>DMA_INT2_IRQHandler</name>
         <value>0x5c83</value>
      </symbol>
      <symbol id="sm-baa">
         <name>DMA_INT1_IRQHandler</name>
         <value>0x5c83</value>
      </symbol>
      <symbol id="sm-bab">
         <name>DMA_INT0_IRQHandler</name>
         <value>0x5c83</value>
      </symbol>
      <symbol id="sm-bac">
         <name>PORT1_IRQHandler</name>
         <value>0x5c83</value>
      </symbol>
      <symbol id="sm-bad">
         <name>PORT2_IRQHandler</name>
         <value>0x5c83</value>
      </symbol>
      <symbol id="sm-bae">
         <name>PORT3_IRQHandler</name>
         <value>0x5c83</value>
      </symbol>
      <symbol id="sm-baf">
         <name>PORT4_IRQHandler</name>
         <value>0x5c83</value>
      </symbol>
      <symbol id="sm-bb0">
         <name>PORT5_IRQHandler</name>
         <value>0x5c83</value>
      </symbol>
      <symbol id="sm-bb1">
         <name>PORT6_IRQHandler</name>
         <value>0x5c83</value>
      </symbol>
      <symbol id="sm-bb2">
         <name>remove</name>
         <value>0x5b3d</value>
      </symbol>
   </symbol_table>
   <title>Link successful</title>
</link_info>
