******************************************************************************
                  TI ARM Linker PC v20.2.7                     
******************************************************************************
>> Linked Thu Mar 28 15:42:34 2024

OUTPUT FILE NAME:   <Lab7.out>
ENTRY POINT SYMBOL: "_c_int00_noargs"  address: 00000ba9


MEMORY CONFIGURATION

         name            origin    length      used     unused   attr    fill
----------------------  --------  ---------  --------  --------  ----  --------
  MAIN                  00000000   00040000  00000c30  0003f3d0  R  X
  INFO                  00200000   00004000  00000000  00004000  R  X
  SRAM_CODE             01000000   00010000  0000021c  0000fde4  RW X
  SRAM_DATA             20000000   00010000  0000021c  0000fde4  RW  


SEGMENT ALLOCATION MAP

run origin  load origin   length   init length attrs members
----------  ----------- ---------- ----------- ----- -------
00000000    00000000    00000c30   00000c30    r-x
  00000000    00000000    000000e4   000000e4    r-- .intvecs
  000000e4    000000e4    00000b1c   00000b1c    r-x .text
  00000c00    00000c00    00000010   00000010    r-- .const
  00000c10    00000c10    00000020   00000020    r-- .cinit
20000000    20000000    0000001c   00000000    rw-
  20000000    20000000    0000001c   00000000    rw- .data
2000fe00    2000fe00    00000200   00000000    rw-
  2000fe00    2000fe00    00000200   00000000    rw- .stack


SECTION ALLOCATION MAP

 output                                  attributes/
section   page    origin      length       input sections
--------  ----  ----------  ----------   ----------------
.intvecs   0    00000000    000000e4     
                  00000000    000000e4     startup_msp432p401r_ccs.obj (.intvecs:retain)

.text      0    000000e4    00000b1c     
                  000000e4    00000334     system_msp432p401r.obj (.text)
                  00000418    000001e0     Clock.obj (.text)
                  000005f8    0000016c     Motor.obj (.text)
                  00000764    00000100     Lab7_main.obj (.text)
                  00000864    000000f0     Reflectance.obj (.text)
                  00000954    000000b8     Init_Ports.obj (.text)
                  00000a0c    0000009c     rtsv7M4_T_le_v4SPD16_eabi.lib : memcpy_t2.asm.obj (.text)
                  00000aa8    00000068                                   : copy_decompress_lzss.c.obj (.text:decompress:lzss:__TI_decompress_lzss)
                  00000b10    00000054     Init_Timers.obj (.text)
                  00000b64    00000044     rtsv7M4_T_le_v4SPD16_eabi.lib : autoinit.c.obj (.text:__TI_auto_init_nobinit_nopinit:__TI_auto_init_nobinit_nopinit)
                  00000ba8    00000034                                   : boot_cortex_m.c.obj (.text:_c_int00_noargs:_c_int00_noargs)
                  00000bdc    0000000e                                   : copy_decompress_none.c.obj (.text:decompress:none:__TI_decompress_none)
                  00000bea    0000000e     startup_msp432p401r_ccs.obj (.text)
                  00000bf8    00000004     rtsv7M4_T_le_v4SPD16_eabi.lib : pre_init.c.obj (.text:_system_pre_init)
                  00000bfc    00000004                                   : exit.c.obj (.text:abort:abort)

.const     0    00000c00    00000010     
                  00000c00    00000010     Reflectance.obj (.const:$P$T0$1)

.cinit     0    00000c10    00000020     
                  00000c10    0000000d     (.cinit..data.load) [load image, compression = lzss]
                  00000c1d    00000003     --HOLE-- [fill = 0]
                  00000c20    00000008     (__TI_handler_table)
                  00000c28    00000008     (__TI_cinit_table)

.init_array 
*          0    00000000    00000000     UNINITIALIZED

.binit     0    00000000    00000000     

.data      0    20000000    0000001c     UNINITIALIZED
                  20000000    00000018     Clock.obj (.data)
                  20000018    00000004     system_msp432p401r.obj (.data)

.stack     0    2000fe00    00000200     UNINITIALIZED
                  2000fe00    00000004     rtsv7M4_T_le_v4SPD16_eabi.lib : boot_cortex_m.c.obj (.stack)
                  2000fe04    000001fc     --HOLE--

__llvm_prf_cnts 
*          0    20000000    00000000     UNINITIALIZED

MODULE SUMMARY

       Module                        code   ro data   rw data
       ------                        ----   -------   -------
    .\
       system_msp432p401r.obj        820    0         8      
       Clock.obj                     480    0         48     
       Motor.obj                     364    0         0      
       Lab7_main.obj                 256    0         0      
       Reflectance.obj               240    16        0      
       startup_msp432p401r_ccs.obj   14     228       0      
       Init_Ports.obj                184    0         0      
       Init_Timers.obj               84     0         0      
    +--+-----------------------------+------+---------+---------+
       Total:                        2442   244       56     
                                                             
    C:\ti\ccs1230\ccs\tools\compiler\ti-cgt-arm_20.2.7.LTS\lib\rtsv7M4_T_le_v4SPD16_eabi.lib
       memcpy_t2.asm.obj             156    0         0      
       copy_decompress_lzss.c.obj    104    0         0      
       autoinit.c.obj                68     0         0      
       boot_cortex_m.c.obj           52     0         0      
       copy_decompress_none.c.obj    14     0         0      
       exit.c.obj                    4      0         0      
       pre_init.c.obj                4      0         0      
    +--+-----------------------------+------+---------+---------+
       Total:                        402    0         0      
                                                             
       Stack:                        0      0         1024   
       Linker Generated:             0      29        0      
    +--+-----------------------------+------+---------+---------+
       Grand Total:                  2844   273       1080   


LINKER GENERATED COPY TABLES

__TI_cinit_table @ 00000c28 records: 1, size/record: 8, table size: 8
	.data: load addr=00000c10, load size=0000000d bytes, run addr=20000000, run size=0000001c bytes, compression=lzss


LINKER GENERATED HANDLER TABLE

__TI_handler_table @ 00000c20 records: 2, size/record: 4, table size: 8
	index: 0, handler: __TI_decompress_lzss
	index: 1, handler: __TI_decompress_none


GLOBAL SYMBOLS: SORTED ALPHABETICALLY BY Name 

address   name                          
-------   ----                          
00000bf7  ADC14_IRQHandler              
00000bf7  AES256_IRQHandler             
00000bf7  BusFault_Handler              
00000bfd  C$$EXIT                       
00000bf7  COMP_E0_IRQHandler            
00000bf7  COMP_E1_IRQHandler            
20000008  CPMwait                       
00000bf7  CS_IRQHandler                 
20000000  ClockFrequency                
0000056d  Clock_Delay1ms                
00000543  Clock_Delay1us                
0000052f  Clock_GetFreq                 
00000419  Clock_Init48MHz               
20000014  Crystalstable                 
00000bf7  DMA_ERR_IRQHandler            
00000bf7  DMA_INT0_IRQHandler           
00000bf7  DMA_INT1_IRQHandler           
00000bf7  DMA_INT2_IRQHandler           
00000bf7  DMA_INT3_IRQHandler           
00000bf7  DebugMon_Handler              
00000bf7  Default_Handler               
00000bf7  EUSCIA0_IRQHandler            
00000bf7  EUSCIA1_IRQHandler            
00000bf7  EUSCIA2_IRQHandler            
00000bf7  EUSCIA3_IRQHandler            
00000bf7  EUSCIB0_IRQHandler            
00000bf7  EUSCIB1_IRQHandler            
00000bf7  EUSCIB2_IRQHandler            
00000bf7  EUSCIB3_IRQHandler            
00000bf7  FLCTL_IRQHandler              
00000bf7  FPU_IRQHandler                
00000bf7  HardFault_Handler             
20000010  IFlags                        
00000bf7  MemManage_Handler             
000006f5  Motor_Backward                
0000060f  Motor_Forward                 
000006af  Motor_Left                    
00000669  Motor_Right                   
000005f9  Motor_Stop                    
00000bf7  NMI_Handler                   
00000bf7  PCM_IRQHandler                
00000bf7  PORT1_IRQHandler              
00000bf7  PORT2_IRQHandler              
00000bf7  PORT3_IRQHandler              
00000bf7  PORT4_IRQHandler              
00000bf7  PORT5_IRQHandler              
00000bf7  PORT6_IRQHandler              
00000bf7  PSS_IRQHandler                
00000bf7  PendSV_Handler                
000009df  Port10_Init                   
00000955  Port1_Init                    
00000975  Port2_Init                    
0000099f  Port3_Init                    
000009ab  Port4_Init                    
000009ad  Port5_Init                    
000009c3  Port6_Init                    
000009c5  Port7_Init                    
000009d1  Port8_Init                    
000009d3  Port9_Init                    
000009e1  PortJ_Init                    
2000000c  Postwait                      
20000004  Prewait                       
00000bf7  RTC_C_IRQHandler              
000008c5  Reflectance_Position          
00000865  Reflectance_Read              
00000beb  Reset_Handler                 
00000bf7  SVC_Handler                   
00000bf7  SysTick_Handler               
20000018  SystemCoreClock               
000000e5  SystemCoreClockUpdate         
0000035d  SystemInit                    
00000bf7  T32_INT1_IRQHandler           
00000bf7  T32_INT2_IRQHandler           
00000bf7  T32_INTC_IRQHandler           
00000bf7  TA0_0_IRQHandler              
00000bf7  TA0_N_IRQHandler              
00000bf7  TA1_0_IRQHandler              
00000bf7  TA1_N_IRQHandler              
00000bf7  TA2_0_IRQHandler              
00000bf7  TA2_N_IRQHandler              
00000bf7  TA3_0_IRQHandler              
00000bf7  TA3_N_IRQHandler              
00000b11  TimerA0_Init                  
00000b53  TimerA1_Init                  
00000b55  TimerA2_Init                  
00000b57  TimerA3_Init                  
00000bf7  UsageFault_Handler            
4000480c  WDTCTL_SYM                    
00000bf7  WDT_A_IRQHandler              
20010000  __STACK_END                   
00000200  __STACK_SIZE                  
00000c28  __TI_CINIT_Base               
00000c30  __TI_CINIT_Limit              
00000c20  __TI_Handler_Table_Base       
00000c28  __TI_Handler_Table_Limit      
00000b65  __TI_auto_init_nobinit_nopinit
00000aa9  __TI_decompress_lzss          
00000bdd  __TI_decompress_none          
ffffffff  __TI_pprof_out_hndl           
ffffffff  __TI_prof_data_size           
ffffffff  __TI_prof_data_start          
00000000  __TI_static_base__            
00000a0d  __aeabi_memcpy                
00000a0d  __aeabi_memcpy4               
00000a0d  __aeabi_memcpy8               
ffffffff  __binit__                     
ffffffff  __c_args__                    
UNDEFED   __mpu_init                    
2000fe00  __stack                       
20000000  __start___llvm_prf_cnts       
20000000  __stop___llvm_prf_cnts        
00000ba9  _c_int00_noargs               
UNDEFED   _system_post_cinit            
00000bf9  _system_pre_init              
00000bfd  abort                         
ffffffff  binit                         
00000535  delay                         
00000000  interruptVectors              
00000765  main                          
00000a0d  memcpy                        


GLOBAL SYMBOLS: SORTED BY Symbol Address 

address   name                          
-------   ----                          
00000000  __TI_static_base__            
00000000  interruptVectors              
000000e5  SystemCoreClockUpdate         
00000200  __STACK_SIZE                  
0000035d  SystemInit                    
00000419  Clock_Init48MHz               
0000052f  Clock_GetFreq                 
00000535  delay                         
00000543  Clock_Delay1us                
0000056d  Clock_Delay1ms                
000005f9  Motor_Stop                    
0000060f  Motor_Forward                 
00000669  Motor_Right                   
000006af  Motor_Left                    
000006f5  Motor_Backward                
00000765  main                          
00000865  Reflectance_Read              
000008c5  Reflectance_Position          
00000955  Port1_Init                    
00000975  Port2_Init                    
0000099f  Port3_Init                    
000009ab  Port4_Init                    
000009ad  Port5_Init                    
000009c3  Port6_Init                    
000009c5  Port7_Init                    
000009d1  Port8_Init                    
000009d3  Port9_Init                    
000009df  Port10_Init                   
000009e1  PortJ_Init                    
00000a0d  __aeabi_memcpy                
00000a0d  __aeabi_memcpy4               
00000a0d  __aeabi_memcpy8               
00000a0d  memcpy                        
00000aa9  __TI_decompress_lzss          
00000b11  TimerA0_Init                  
00000b53  TimerA1_Init                  
00000b55  TimerA2_Init                  
00000b57  TimerA3_Init                  
00000b65  __TI_auto_init_nobinit_nopinit
00000ba9  _c_int00_noargs               
00000bdd  __TI_decompress_none          
00000beb  Reset_Handler                 
00000bf7  ADC14_IRQHandler              
00000bf7  AES256_IRQHandler             
00000bf7  BusFault_Handler              
00000bf7  COMP_E0_IRQHandler            
00000bf7  COMP_E1_IRQHandler            
00000bf7  CS_IRQHandler                 
00000bf7  DMA_ERR_IRQHandler            
00000bf7  DMA_INT0_IRQHandler           
00000bf7  DMA_INT1_IRQHandler           
00000bf7  DMA_INT2_IRQHandler           
00000bf7  DMA_INT3_IRQHandler           
00000bf7  DebugMon_Handler              
00000bf7  Default_Handler               
00000bf7  EUSCIA0_IRQHandler            
00000bf7  EUSCIA1_IRQHandler            
00000bf7  EUSCIA2_IRQHandler            
00000bf7  EUSCIA3_IRQHandler            
00000bf7  EUSCIB0_IRQHandler            
00000bf7  EUSCIB1_IRQHandler            
00000bf7  EUSCIB2_IRQHandler            
00000bf7  EUSCIB3_IRQHandler            
00000bf7  FLCTL_IRQHandler              
00000bf7  FPU_IRQHandler                
00000bf7  HardFault_Handler             
00000bf7  MemManage_Handler             
00000bf7  NMI_Handler                   
00000bf7  PCM_IRQHandler                
00000bf7  PORT1_IRQHandler              
00000bf7  PORT2_IRQHandler              
00000bf7  PORT3_IRQHandler              
00000bf7  PORT4_IRQHandler              
00000bf7  PORT5_IRQHandler              
00000bf7  PORT6_IRQHandler              
00000bf7  PSS_IRQHandler                
00000bf7  PendSV_Handler                
00000bf7  RTC_C_IRQHandler              
00000bf7  SVC_Handler                   
00000bf7  SysTick_Handler               
00000bf7  T32_INT1_IRQHandler           
00000bf7  T32_INT2_IRQHandler           
00000bf7  T32_INTC_IRQHandler           
00000bf7  TA0_0_IRQHandler              
00000bf7  TA0_N_IRQHandler              
00000bf7  TA1_0_IRQHandler              
00000bf7  TA1_N_IRQHandler              
00000bf7  TA2_0_IRQHandler              
00000bf7  TA2_N_IRQHandler              
00000bf7  TA3_0_IRQHandler              
00000bf7  TA3_N_IRQHandler              
00000bf7  UsageFault_Handler            
00000bf7  WDT_A_IRQHandler              
00000bf9  _system_pre_init              
00000bfd  C$$EXIT                       
00000bfd  abort                         
00000c20  __TI_Handler_Table_Base       
00000c28  __TI_CINIT_Base               
00000c28  __TI_Handler_Table_Limit      
00000c30  __TI_CINIT_Limit              
20000000  ClockFrequency                
20000000  __start___llvm_prf_cnts       
20000000  __stop___llvm_prf_cnts        
20000004  Prewait                       
20000008  CPMwait                       
2000000c  Postwait                      
20000010  IFlags                        
20000014  Crystalstable                 
20000018  SystemCoreClock               
2000fe00  __stack                       
20010000  __STACK_END                   
4000480c  WDTCTL_SYM                    
ffffffff  __TI_pprof_out_hndl           
ffffffff  __TI_prof_data_size           
ffffffff  __TI_prof_data_start          
ffffffff  __binit__                     
ffffffff  __c_args__                    
ffffffff  binit                         
UNDEFED   __mpu_init                    
UNDEFED   _system_post_cinit            

[120 symbols]
